 spdm_requester_emu

 Timestamp is 66a6fe76 (Mon Jul 29 03:29:10 2024)

 Preferred load address is 00400000

 Start         Length     Name                   Class
 0001:00000000 000561f4H .text$mn                CODE
 0002:00000000 0000018cH .idata$5                DATA
 0002:0000018c 00000008H .00cfg                  DATA
 0002:00000194 00000004H .CRT$XCA                DATA
 0002:00000198 00000004H .CRT$XCAA               DATA
 0002:0000019c 00000004H .CRT$XCZ                DATA
 0002:000001a0 00000004H .CRT$XIA                DATA
 0002:000001a4 00000004H .CRT$XIAA               DATA
 0002:000001a8 00000004H .CRT$XIAC               DATA
 0002:000001ac 00000004H .CRT$XIZ                DATA
 0002:000001b0 00000004H .CRT$XPA                DATA
 0002:000001b4 00000004H .CRT$XPZ                DATA
 0002:000001b8 00000004H .CRT$XTA                DATA
 0002:000001bc 00000004H .CRT$XTZ                DATA
 0002:000001c0 00000000H .gfids$y                DATA
 0002:000001c0 0000ce40H .rdata                  DATA
 0002:0000d000 00000000H .rdata$CastGuardVftablesA DATA
 0002:0000d000 00000000H .rdata$CastGuardVftablesC DATA
 0002:0000d000 00000004H .rdata$sxdata           DATA
 0002:0000d004 0000058cH .rdata$voltmd           DATA
 0002:0000d590 00000300H .rdata$zzzdbg           DATA
 0002:0000d890 00000004H .rtc$IAA                DATA
 0002:0000d894 00000004H .rtc$IZZ                DATA
 0002:0000d898 00000004H .rtc$TAA                DATA
 0002:0000d89c 00000004H .rtc$TZZ                DATA
 0002:0000d8a0 0000003cH .xdata$x                DATA
 0002:0000d8dc 00000000H .edata                  DATA
 0002:0000d8dc 00000078H .idata$2                DATA
 0002:0000d954 00000014H .idata$3                DATA
 0002:0000d968 0000018cH .idata$4                DATA
 0002:0000daf4 00000582H .idata$6                DATA
 0003:00000000 00001d00H .data                   DATA
 0003:00001d00 00004bacH .bss                    DATA
 0004:00000000 00000060H .rsrc$01                DATA
 0004:00000060 00000180H .rsrc$02                DATA

  Address         Publics by Value              Rva+Base       Lib:Object

 0000:00000000       ___AbsoluteZero            00000000     <absolute>
 0000:00000000       ___arm64x_extra_rfe_table  00000000     <absolute>
 0000:00000000       ___arm64x_extra_rfe_table_size 00000000     <absolute>
 0000:00000000       ___arm64x_native_entrypoint 00000000     <absolute>
 0000:00000000       ___arm64x_redirection_metadata 00000000     <absolute>
 0000:00000000       ___arm64x_redirection_metadata_count 00000000     <absolute>
 0000:00000000       ___dynamic_value_reloc_table 00000000     <absolute>
 0000:00000000       ___enclave_config          00000000     <absolute>
 0000:00000000       ___guard_check_icall_a64n_fptr 00000000     <absolute>
 0000:00000000       ___guard_eh_cont_count     00000000     <absolute>
 0000:00000000       ___guard_eh_cont_table     00000000     <absolute>
 0000:00000000       ___guard_fids_count        00000000     <absolute>
 0000:00000000       ___guard_fids_table        00000000     <absolute>
 0000:00000000       ___guard_iat_count         00000000     <absolute>
 0000:00000000       ___guard_iat_table         00000000     <absolute>
 0000:00000000       ___guard_longjmp_count     00000000     <absolute>
 0000:00000000       ___guard_longjmp_table     00000000     <absolute>
 0000:00000000       ___hybrid_auxiliary_delayload_iat 00000000     <absolute>
 0000:00000000       ___hybrid_auxiliary_delayload_iat_copy 00000000     <absolute>
 0000:00000000       ___hybrid_auxiliary_iat    00000000     <absolute>
 0000:00000000       ___hybrid_auxiliary_iat_copy 00000000     <absolute>
 0000:00000000       ___hybrid_code_map         00000000     <absolute>
 0000:00000000       ___hybrid_code_map_count   00000000     <absolute>
 0000:00000000       ___hybrid_image_info_bitfield 00000000     <absolute>
 0000:00000000       ___x64_code_ranges_to_entry_points 00000000     <absolute>
 0000:00000000       ___x64_code_ranges_to_entry_points_count 00000000     <absolute>
 0000:00000001       ___safe_se_handler_count   00000001     <absolute>
 0000:00000100       ___guard_flags             00000100     <absolute>
 0000:00000000       ___ImageBase               00400000     <linker-defined>
 0001:00000000       ___local_stdio_printf_options 00401000 f i spdm_requester_spdm.c.obj
 0001:00000010       __vfprintf_l               00401010 f i spdm_requester_spdm.c.obj
 0001:00000040       _communicate_platform_data 00401040 f   spdm_requester_spdm.c.obj
 0001:000000d0       _pci_doe_send_receive_data 004010d0 f   spdm_requester_spdm.c.obj
 0001:00000120       _printf                    00401120 f i spdm_requester_spdm.c.obj
 0001:00000160       _spdm_client_init          00401160 f   spdm_requester_spdm.c.obj
 0001:00000ec0       _spdm_device_receive_message 00401ec0 f   spdm_requester_spdm.c.obj
 0001:00000f20       _spdm_device_send_message  00401f20 f   spdm_requester_spdm.c.obj
 0001:00000f70       _do_authentication_via_spdm 00401f70 f   spdm_requester_authentication.c.obj
 0001:00001040       _spdm_authentication       00402040 f   spdm_requester_authentication.c.obj
 0001:00001380       _do_measurement_via_spdm   00402380 f   spdm_requester_measurement.c.obj
 0001:000013c0       _spdm_send_receive_get_measurement 004023c0 f   spdm_requester_measurement.c.obj
 0001:00001790       _do_app_session_via_spdm   00402790 f   spdm_requester_session.c.obj
 0001:000017e0       _do_certificate_provising_via_spdm 004027e0 f   spdm_requester_session.c.obj
 0001:00001b40       _do_session_via_spdm       00402b40 f   spdm_requester_session.c.obj
 0001:00001e90       _get_digest_cert_in_session 00402e90 f   spdm_requester_session.c.obj
 0001:00001fc0       _cxl_ide_km_process_session_message 00402fc0 f   spdm_requester_pci_doe.c.obj
 0001:00002360       _pci_doe_init_requester    00403360 f   spdm_requester_pci_doe.c.obj
 0001:00002400       _pci_doe_process_session_message 00403400 f   spdm_requester_pci_doe.c.obj
 0001:00002480       _pci_ide_km_process_session_message 00403480 f   spdm_requester_pci_doe.c.obj
 0001:00002870       _pci_tdisp_process_session_message 00403870 f   spdm_requester_pci_doe.c.obj
 0001:00003150       _mctp_process_session_message 00404150 f   spdm_requester_mctp.c.obj
 0001:00003190       _CreateSocketAndHandShake  00404190 f   spdm_requester_tcp.c.obj
 0001:00003320       _hook                      00404320 f   spdm_requester_emu.c.obj
 0001:00003350       _main                      00404350 f   spdm_requester_emu.c.obj
 0001:00003490       _platform_client_routine   00404490 f   spdm_requester_emu.c.obj
 0001:00003a70       _spdm_start                00404a70 f   spdm_requester_emu.c.obj
 0001:00003af0       _create_socket             00404af0 f   spdm_emu.c.obj
 0001:00003c80       _get_flags_from_name       00404c80 f   spdm_emu.c.obj
 0001:00003d60       _get_value_from_name       00404d60 f   spdm_emu.c.obj
 0001:00003dc0       _init_client               00404dc0 f   spdm_emu.c.obj
 0001:00003ef0       _print_usage               00404ef0 f   spdm_emu.c.obj
 0001:00004440       _process_args              00405440 f   spdm_emu.c.obj
 0001:00005fd0       _read_bytes                00406fd0 f   command.c.obj
 0001:00006040       _read_data32               00407040 f   command.c.obj
 0001:00006080       _read_multiple_bytes       00407080 f   command.c.obj
 0001:00006200       _receive_platform_data     00407200 f   command.c.obj
 0001:00006410       _send_platform_data        00407410 f   command.c.obj
 0001:00006560       _spdm_device_acquire_receiver_buffer 00407560 f   command.c.obj
 0001:000065b0       _spdm_device_acquire_sender_buffer 004075b0 f   command.c.obj
 0001:00006600       _spdm_device_release_receiver_buffer 00407600 f   command.c.obj
 0001:00006660       _spdm_device_release_sender_buffer 00407660 f   command.c.obj
 0001:000066c0       _write_bytes               004076c0 f   command.c.obj
 0001:00006740       _write_data32              00407740 f   command.c.obj
 0001:00006770       _write_multiple_bytes      00407770 f   command.c.obj
 0001:00006830       _libspdm_onehot0           00407830 f i nv_storage.c.obj
 0001:00006880       _spdm_clear_negotiated_state 00407880 f   nv_storage.c.obj
 0001:000068e0       _spdm_load_negotiated_state 004078e0 f   nv_storage.c.obj
 0001:00006e00       _spdm_provision_psk_version_only 00407e00 f   nv_storage.c.obj
 0001:000073b0       _spdm_save_negotiated_state 004083b0 f   nv_storage.c.obj
 0001:000079f0       _append_pcap_packet_data   004089f0 f   pcap.c.obj
 0001:00007b10       _close_pcap_packet_file    00408b10 f   pcap.c.obj
 0001:00007b40       _open_pcap_packet_file     00408b40 f   pcap.c.obj
 0001:00007c30       _dump_data                 00408c30 f   support.c.obj
 0001:00007c70       _libspdm_dump_hex_str      00408c70 f   support.c.obj
 0001:00007cb0       _libspdm_read_input_file   00408cb0 f   support.c.obj
 0001:00007e00       _libspdm_write_output_file 00408e00 f   support.c.obj
 0001:00007e90       _RtlSecureZeroMemory       00408e90 f i memlib:zero_mem.c.obj
 0001:00007ed0       _libspdm_zero_mem          00408ed0 f   memlib:zero_mem.c.obj
 0001:00007ef0       _libspdm_copy_mem          00408ef0 f   memlib:copy_mem.c.obj
 0001:00007fe0       _libspdm_debug_assert      00408fe0 f   debuglib:debuglib.c.obj
 0001:00008010       _libspdm_debug_print       00409010 f   debuglib:debuglib.c.obj
 0001:000080d0       _vsnprintf                 004090d0 f i debuglib:debuglib.c.obj
 0001:00008120       _libspdm_init_connection   00409120 f   spdm_requester_lib:libspdm_req_communication.c.obj
 0001:000081b0       _libspdm_receive_data      004091b0 f   spdm_requester_lib:libspdm_req_communication.c.obj
 0001:000082e0       _libspdm_send_data         004092e0 f   spdm_requester_lib:libspdm_req_communication.c.obj
 0001:000083c0       _libspdm_send_receive_data 004093c0 f   spdm_requester_lib:libspdm_req_communication.c.obj
 0001:00008420       _libspdm_start_session     00409420 f   spdm_requester_lib:libspdm_req_communication.c.obj
 0001:00008690       _libspdm_stop_session      00409690 f   spdm_requester_lib:libspdm_req_communication.c.obj
 0001:000086e0       _libspdm_get_digest        004096e0 f   spdm_requester_lib:libspdm_req_get_digests.c.obj
 0001:00009040       _libspdm_get_certificate   0040a040 f   spdm_requester_lib:libspdm_req_get_certificate.c.obj
 0001:00009070       _libspdm_get_certificate_choose_length 0040a070 f   spdm_requester_lib:libspdm_req_get_certificate.c.obj
 0001:00009120       _libspdm_get_certificate_choose_length_ex 0040a120 f   spdm_requester_lib:libspdm_req_get_certificate.c.obj
 0001:000091d0       _libspdm_get_certificate_ex 0040a1d0 f   spdm_requester_lib:libspdm_req_get_certificate.c.obj
 0001:00009c50       _libspdm_challenge_ex2     0040ac50 f   spdm_requester_lib:libspdm_req_challenge.c.obj
 0001:0000a7a0       _libspdm_get_measurement_ex2 0040b7a0 f   spdm_requester_lib:libspdm_req_get_measurements.c.obj
 0001:0000b6a0       _libspdm_verify_measurement_signature 0040c6a0 f   spdm_requester_lib:libspdm_req_get_measurements.c.obj
 0001:0000b860       _libspdm_heartbeat         0040c860 f   spdm_requester_lib:libspdm_req_heartbeat.c.obj
 0001:0000bc20       _libspdm_key_update        0040cc20 f   spdm_requester_lib:libspdm_req_key_update.c.obj
 0001:0000c550       _libspdm_encapsulated_request 0040d550 f   spdm_requester_lib:libspdm_req_encap_request.c.obj
 0001:0000cf00       _libspdm_send_receive_encap_request 0040df00 f   spdm_requester_lib:libspdm_req_encap_request.c.obj
 0001:0000cf20       _libspdm_get_csr           0040df20 f   spdm_requester_lib:libspdm_req_get_csr.c.obj
 0001:0000cfd0       _libspdm_get_csr_ex        0040dfd0 f   spdm_requester_lib:libspdm_req_get_csr.c.obj
 0001:0000d620       _libspdm_set_certificate   0040e620 f   spdm_requester_lib:libspdm_req_set_certificate.c.obj
 0001:0000db30       _libspdm_handle_large_request 0040eb30 f   spdm_requester_lib:libspdm_req_send_receive.c.obj
 0001:0000e0e0       _libspdm_receive_response  0040f0e0 f   spdm_requester_lib:libspdm_req_send_receive.c.obj
 0001:0000e580       _libspdm_receive_spdm_response 0040f580 f   spdm_requester_lib:libspdm_req_send_receive.c.obj
 0001:0000e790       _libspdm_send_request      0040f790 f   spdm_requester_lib:libspdm_req_send_receive.c.obj
 0001:0000eaa0       _libspdm_send_spdm_request 0040faa0 f   spdm_requester_lib:libspdm_req_send_receive.c.obj
 0001:0000ed40       _libspdm_get_version       0040fd40 f   spdm_requester_lib:libspdm_req_get_version.c.obj
 0001:0000f240       _libspdm_get_capabilities  00410240 f   spdm_requester_lib:libspdm_req_get_capabilities.c.obj
 0001:0000fc00       _libspdm_negotiate_algorithms 00410c00 f   spdm_requester_lib:libspdm_req_negotiate_algorithms.c.obj
 0001:00010bf0       _libspdm_send_receive_key_exchange 00411bf0 f   spdm_requester_lib:libspdm_req_key_exchange.c.obj
 0001:00011d40       _libspdm_verify_key_exchange_rsp_hmac 00412d40 f   spdm_requester_lib:libspdm_req_key_exchange.c.obj
 0001:00011e50       _libspdm_verify_key_exchange_rsp_signature 00412e50 f   spdm_requester_lib:libspdm_req_key_exchange.c.obj
 0001:00012090       _libspdm_generate_finish_req_hmac 00413090 f   spdm_requester_lib:libspdm_req_finish.c.obj
 0001:00012090       _libspdm_generate_psk_exchange_req_hmac 00413090 f   spdm_requester_lib:libspdm_req_psk_finish.c.obj
 0001:00012150       _libspdm_generate_finish_req_signature 00413150 f   spdm_requester_lib:libspdm_req_finish.c.obj
 0001:00012290       _libspdm_send_receive_finish 00413290 f   spdm_requester_lib:libspdm_req_finish.c.obj
 0001:00012a90       _libspdm_verify_finish_rsp_hmac 00413a90 f   spdm_requester_lib:libspdm_req_finish.c.obj
 0001:00012ba0       _libspdm_send_receive_psk_exchange 00413ba0 f   spdm_requester_lib:libspdm_req_psk_exchange.c.obj
 0001:00013bc0       _libspdm_verify_psk_exchange_rsp_hmac 00414bc0 f   spdm_requester_lib:libspdm_req_psk_exchange.c.obj
 0001:00013cd0       _libspdm_send_receive_psk_finish 00414cd0 f   spdm_requester_lib:libspdm_req_psk_finish.c.obj
 0001:00014280       _libspdm_send_receive_end_session 00415280 f   spdm_requester_lib:libspdm_req_end_session.c.obj
 0001:00014670       _libspdm_handle_error_large_response 00415670 f   spdm_requester_lib:libspdm_req_handle_error_response.c.obj
 0001:00014ac0       _libspdm_handle_error_response_main 00415ac0 f   spdm_requester_lib:libspdm_req_handle_error_response.c.obj
 0001:00014ca0       _libspdm_handle_simple_error_response 00415ca0 f   spdm_requester_lib:libspdm_req_handle_error_response.c.obj
 0001:00014fb0       _libspdm_generate_encap_error_response 00415fb0 f   spdm_requester_lib:libspdm_req_encap_error.c.obj
 0001:00015020       _libspdm_get_encap_response_digest 00416020 f   spdm_requester_lib:libspdm_req_encap_digests.c.obj
 0001:00015450       _libspdm_get_encap_response_certificate 00416450 f   spdm_requester_lib:libspdm_req_encap_certificate.c.obj
 0001:000157e0       _libspdm_get_encap_response_challenge_auth 004167e0 f   spdm_requester_lib:libspdm_req_encap_challenge_auth.c.obj
 0001:00015d50       _libspdm_get_encap_response_key_update 00416d50 f   spdm_requester_lib:libspdm_req_encap_key_update.c.obj
 0001:00016090       _libspdm_allocate_req_session_id 00417090 f   spdm_requester_lib:libspdm_req_common.c.obj
 0001:00016190       _libspdm_build_opaque_data_supported_version_data 00417190 f   spdm_requester_lib:libspdm_req_common.c.obj
 0001:00016300       _libspdm_process_opaque_data_version_selection_data 00417300 f   spdm_requester_lib:libspdm_req_common.c.obj
 0001:00016440       _libspdm_acquire_receiver_buffer 00417440 f   spdm_common_lib:libspdm_com_context_data.c.obj
 0001:00016500       _libspdm_acquire_sender_buffer 00417500 f   spdm_common_lib:libspdm_com_context_data.c.obj
 0001:000165c0       _libspdm_append_message_a  004175c0 f   spdm_common_lib:libspdm_com_context_data.c.obj
 0001:000165e0       _libspdm_append_message_b  004175e0 f   spdm_common_lib:libspdm_com_context_data.c.obj
 0001:000165e0       _libspdm_append_message_c  004175e0 f   spdm_common_lib:libspdm_com_context_data.c.obj
 0001:00016770       _libspdm_append_message_d  00417770 f   spdm_common_lib:libspdm_com_context_data.c.obj
 0001:000167b0       _libspdm_append_message_encap_d 004177b0 f   spdm_common_lib:libspdm_com_context_data.c.obj
 0001:000167f0       _libspdm_append_message_f  004177f0 f   spdm_common_lib:libspdm_com_context_data.c.obj
 0001:00016cd0       _libspdm_append_message_k  00417cd0 f   spdm_common_lib:libspdm_com_context_data.c.obj
 0001:00017130       _libspdm_append_message_m  00418130 f   spdm_common_lib:libspdm_com_context_data.c.obj
 0001:00017470       _libspdm_append_message_mut_b 00418470 f   spdm_common_lib:libspdm_com_context_data.c.obj
 0001:00017470       _libspdm_append_message_mut_c 00418470 f   spdm_common_lib:libspdm_com_context_data.c.obj
 0001:00017610       _libspdm_check_context     00418610 f   spdm_common_lib:libspdm_com_context_data.c.obj
 0001:000177c0       _libspdm_deinit_context    004187c0 f   spdm_common_lib:libspdm_com_context_data.c.obj
 0001:00017920       _libspdm_get_connection_version 00418920 f   spdm_common_lib:libspdm_com_context_data.c.obj
 0001:00017940       _libspdm_get_context_size  00418940 f   spdm_common_lib:libspdm_com_context_data.c.obj
 0001:00017980       _libspdm_get_data          00418980 f   spdm_common_lib:libspdm_com_context_data.c.obj
 0001:000182b0       _libspdm_get_scratch_buffer 004192b0 f   spdm_common_lib:libspdm_com_context_data.c.obj
 0001:00018360       _libspdm_get_scratch_buffer_cache_spdm_request_capacity 00419360 f   spdm_common_lib:libspdm_com_context_data.c.obj
 0001:00018360       _libspdm_get_scratch_buffer_large_message_capacity 00419360 f   spdm_common_lib:libspdm_com_context_data.c.obj
 0001:00018360       _libspdm_get_scratch_buffer_last_spdm_request_capacity 00419360 f   spdm_common_lib:libspdm_com_context_data.c.obj
 0001:00018370       _libspdm_get_scratch_buffer_cache_spdm_request_offset 00419370 f   spdm_common_lib:libspdm_com_context_data.c.obj
 0001:000183c0       _libspdm_get_scratch_buffer_capacity 004193c0 f   spdm_common_lib:libspdm_com_context_data.c.obj
 0001:00018420       _libspdm_get_scratch_buffer_large_message_offset 00419420 f   spdm_common_lib:libspdm_com_context_data.c.obj
 0001:00018440       _libspdm_get_scratch_buffer_large_sender_receiver_capacity 00419440 f   spdm_common_lib:libspdm_com_context_data.c.obj
 0001:00018440       _libspdm_get_scratch_buffer_secure_message_capacity 00419440 f   spdm_common_lib:libspdm_com_context_data.c.obj
 0001:00018440       _libspdm_get_scratch_buffer_sender_receiver_capacity 00419440 f   spdm_common_lib:libspdm_com_context_data.c.obj
 0001:00018460       _libspdm_get_scratch_buffer_large_sender_receiver_offset 00419460 f   spdm_common_lib:libspdm_com_context_data.c.obj
 0001:000184a0       _libspdm_get_scratch_buffer_last_spdm_request_offset 004194a0 f   spdm_common_lib:libspdm_com_context_data.c.obj
 0001:000184e0       ___scrt_exe_initialize_mta 004194e0 f   MSVCRTD:utility_desktop.obj
 0001:000184e0       ___scrt_initialize_winrt   004194e0 f   MSVCRTD:utility_desktop.obj
 0001:000184e0       ___scrt_stub_for_initialize_mta 004194e0 f   MSVCRTD:utility_desktop.obj
 0001:000184e0       __get_startup_commit_mode  004194e0 f   MSVCRTD:commit_mode.obj
 0001:000184e0       __get_startup_new_mode     004194e0 f   MSVCRTD:new_mode.obj
 0001:000184e0       __get_startup_thread_locale_mode 004194e0 f   MSVCRTD:thread_locale.obj
 0001:000184e0       __matherr                  004194e0 f   MSVCRTD:matherr.obj
 0001:000184e0       _libspdm_get_scratch_buffer_secure_message_offset 004194e0 f   spdm_common_lib:libspdm_com_context_data.c.obj
 0001:000184e0       _libspdm_pci_doe_get_max_random_number_count 004194e0 f   spdm_transport_pcidoe_lib:libspdm_doe_pcidoe.c.obj
 0001:000184e0       _libspdm_sha3_256_new      004194e0 f   cryptlib_mbedtls:sha3.c.obj
 0001:000184e0       _libspdm_sha3_384_new      004194e0 f   cryptlib_mbedtls:sha3.c.obj
 0001:000184e0       _libspdm_sha3_512_new      004194e0 f   cryptlib_mbedtls:sha3.c.obj
 0001:000184e0       _libspdm_sm2_key_exchange_new_by_nid 004194e0 f   cryptlib_mbedtls:sm2.c.obj
 0001:000184e0       _libspdm_sm3_256_new       004194e0 f   cryptlib_mbedtls:sm3.c.obj
 0001:000184e0       _libspdm_tcp_get_max_random_number_count 004194e0 f   spdm_transport_tcp_lib:libspdm_tcp_tcp.c.obj
 0001:000184f0       _libspdm_get_scratch_buffer_sender_receiver_offset 004194f0 f   spdm_common_lib:libspdm_com_context_data.c.obj
 0001:00018520       _libspdm_get_sender_buffer 00419520 f   spdm_common_lib:libspdm_com_context_data.c.obj
 0001:00018540       _libspdm_get_sizeof_required_scratch_buffer 00419540 f   spdm_common_lib:libspdm_com_context_data.c.obj
 0001:00018590       _libspdm_get_version_from_version_number 00419590 f   spdm_common_lib:libspdm_com_context_data.c.obj
 0001:000185a0       _libspdm_init_context      004195a0 f   spdm_common_lib:libspdm_com_context_data.c.obj
 0001:00018640       _libspdm_init_context_with_secured_context 00419640 f   spdm_common_lib:libspdm_com_context_data.c.obj
 0001:00018880       _libspdm_is_capabilities_flag_supported 00419880 f   spdm_common_lib:libspdm_com_context_data.c.obj
 0001:000188f0       _libspdm_is_encap_supported 004198f0 f   spdm_common_lib:libspdm_com_context_data.c.obj
 0001:00018a30       _libspdm_negotiate_connection_version 00419a30 f   spdm_common_lib:libspdm_com_context_data.c.obj
 0001:00018b70       _libspdm_register_device_buffer_func 00419b70 f   spdm_common_lib:libspdm_com_context_data.c.obj
 0001:00018cb0       _libspdm_register_device_io_func 00419cb0 f   spdm_common_lib:libspdm_com_context_data.c.obj
 0001:00018cd0       _libspdm_register_transport_layer_func 00419cd0 f   spdm_common_lib:libspdm_com_context_data.c.obj
 0001:00018d80       _libspdm_release_receiver_buffer 00419d80 f   spdm_common_lib:libspdm_com_context_data.c.obj
 0001:00018df0       _libspdm_release_sender_buffer 00419df0 f   spdm_common_lib:libspdm_com_context_data.c.obj
 0001:00018e60       _libspdm_reset_context     00419e60 f   spdm_common_lib:libspdm_com_context_data.c.obj
 0001:00018fc0       _libspdm_reset_message_a   00419fc0 f   spdm_common_lib:libspdm_com_context_data.c.obj
 0001:00018fe0       _libspdm_reset_message_b   00419fe0 f   spdm_common_lib:libspdm_com_context_data.c.obj
 0001:00018fe0       _libspdm_reset_message_c   00419fe0 f   spdm_common_lib:libspdm_com_context_data.c.obj
 0001:00019020       _libspdm_reset_message_buffer_via_request_code 0041a020 f   spdm_common_lib:libspdm_com_context_data.c.obj
 0001:00019170       _libspdm_reset_message_d   0041a170 f   spdm_common_lib:libspdm_com_context_data.c.obj
 0001:00019190       _libspdm_reset_message_encap_d 0041a190 f   spdm_common_lib:libspdm_com_context_data.c.obj
 0001:000191b0       _libspdm_reset_message_f   0041a1b0 f   spdm_common_lib:libspdm_com_context_data.c.obj
 0001:00019210       _libspdm_reset_message_k   0041a210 f   spdm_common_lib:libspdm_com_context_data.c.obj
 0001:00019290       _libspdm_reset_message_m   0041a290 f   spdm_common_lib:libspdm_com_context_data.c.obj
 0001:00019310       _libspdm_reset_message_mut_b 0041a310 f   spdm_common_lib:libspdm_com_context_data.c.obj
 0001:00019310       _libspdm_reset_message_mut_c 0041a310 f   spdm_common_lib:libspdm_com_context_data.c.obj
 0001:00019350       _libspdm_set_data          0041a350 f   spdm_common_lib:libspdm_com_context_data.c.obj
 0001:0001a460       _libspdm_set_last_spdm_error_struct 0041b460 f   spdm_common_lib:libspdm_com_context_data.c.obj
 0001:0001a490       _libspdm_set_scratch_buffer 0041b490 f   spdm_common_lib:libspdm_com_context_data.c.obj
 0001:0001a530       _libspdm_version_number_sort 0041b530 f   spdm_common_lib:libspdm_com_context_data.c.obj
 0001:0001a630       _libspdm_assign_session_id 0041b630 f   spdm_common_lib:libspdm_com_context_data_session.c.obj
 0001:0001a780       _libspdm_free_session_id   0041b780 f   spdm_common_lib:libspdm_com_context_data_session.c.obj
 0001:0001a890       _libspdm_generate_session_id 0041b890 f   spdm_common_lib:libspdm_com_context_data_session.c.obj
 0001:0001a8b0       _libspdm_get_secured_message_context_via_session_id 0041b8b0 f   spdm_common_lib:libspdm_com_context_data_session.c.obj
 0001:0001a8e0       _libspdm_get_session_info_via_session_id 0041b8e0 f   spdm_common_lib:libspdm_com_context_data_session.c.obj
 0001:0001a9a0       _libspdm_session_info_init 0041b9a0 f   spdm_common_lib:libspdm_com_context_data_session.c.obj
 0001:0001aca0       _libspdm_session_info_set_psk_hint 0041bca0 f   spdm_common_lib:libspdm_com_context_data_session.c.obj
 0001:0001acc0       _libspdm_append_managed_buffer 0041bcc0 f   spdm_common_lib:libspdm_com_support.c.obj
 0001:0001adf0       _libspdm_get_code_str      0041bdf0 f   spdm_common_lib:libspdm_com_support.c.obj
 0001:0001ae60       _libspdm_get_managed_buffer 0041be60 f   spdm_common_lib:libspdm_com_support.c.obj
 0001:0001ae80       _libspdm_get_managed_buffer_size 0041be80 f   spdm_common_lib:libspdm_com_support.c.obj
 0001:0001aea0       _libspdm_internal_dump_data 0041bea0 f   spdm_common_lib:libspdm_com_support.c.obj
 0001:0001aef0       _libspdm_internal_dump_hex 0041bef0 f   spdm_common_lib:libspdm_com_support.c.obj
 0001:0001afd0       _libspdm_internal_dump_hex_str 0041bfd0 f   spdm_common_lib:libspdm_com_support.c.obj
 0001:0001b020       _libspdm_read_uint16       0041c020 f   spdm_common_lib:libspdm_com_support.c.obj
 0001:0001b050       _libspdm_read_uint24       0041c050 f   spdm_common_lib:libspdm_com_support.c.obj
 0001:0001b090       _libspdm_read_uint32       0041c090 f   spdm_common_lib:libspdm_com_support.c.obj
 0001:0001b0e0       _libspdm_read_uint64       0041c0e0 f   spdm_common_lib:libspdm_com_support.c.obj
 0001:0001b1c0       _libspdm_reset_managed_buffer 0041c1c0 f   spdm_common_lib:libspdm_com_support.c.obj
 0001:0001b1f0       _libspdm_write_uint16      0041c1f0 f   spdm_common_lib:libspdm_com_support.c.obj
 0001:0001b230       _libspdm_write_uint24      0041c230 f   spdm_common_lib:libspdm_com_support.c.obj
 0001:0001b280       _libspdm_append_msg_log    0041c280 f   spdm_common_lib:libspdm_com_msg_log.c.obj
 0001:0001b3e0       _libspdm_get_msg_log_size  0041c3e0 f   spdm_common_lib:libspdm_com_msg_log.c.obj
 0001:0001b420       _libspdm_calculate_l1l2_hash 0041c420 f   spdm_common_lib:libspdm_com_crypto_service.c.obj
 0001:0001b620       _libspdm_generate_cert_chain_hash 0041c620 f   spdm_common_lib:libspdm_com_crypto_service.c.obj
 0001:0001b680       _libspdm_generate_challenge_auth_signature 0041c680 f   spdm_common_lib:libspdm_com_crypto_service.c.obj
 0001:0001b7c0       _libspdm_generate_public_key_hash 0041c7c0 f   spdm_common_lib:libspdm_com_crypto_service.c.obj
 0001:0001b7f0       _libspdm_get_cert_slot_count 0041c7f0 f   spdm_common_lib:libspdm_com_crypto_service.c.obj
 0001:0001b840       _libspdm_get_cert_slot_mask 0041c840 f   spdm_common_lib:libspdm_com_crypto_service.c.obj
 0001:0001b890       _libspdm_get_local_cert_chain_buffer 0041c890 f   spdm_common_lib:libspdm_com_crypto_service.c.obj
 0001:0001b8d0       _libspdm_get_local_public_key_buffer 0041c8d0 f   spdm_common_lib:libspdm_com_crypto_service.c.obj
 0001:0001b910       _libspdm_get_measurement_summary_hash_size 0041c910 f   spdm_common_lib:libspdm_com_crypto_service.c.obj
 0001:0001b970       _libspdm_get_peer_public_key_buffer 0041c970 f   spdm_common_lib:libspdm_com_crypto_service.c.obj
 0001:0001b9b0       _libspdm_verify_certificate_chain_hash 0041c9b0 f   spdm_common_lib:libspdm_com_crypto_service.c.obj
 0001:0001bab0       _libspdm_verify_challenge_auth_signature 0041cab0 f   spdm_common_lib:libspdm_com_crypto_service.c.obj
 0001:0001bd70       _libspdm_verify_peer_cert_chain_buffer_authority 0041cd70 f   spdm_common_lib:libspdm_com_crypto_service.c.obj
 0001:0001bff0       _libspdm_verify_peer_cert_chain_buffer_integrity 0041cff0 f   spdm_common_lib:libspdm_com_crypto_service.c.obj
 0001:0001c090       _libspdm_verify_public_key_hash 0041d090 f   spdm_common_lib:libspdm_com_crypto_service.c.obj
 0001:0001c190       _libspdm_get_element_from_opaque_data 0041d190 f   spdm_common_lib:libspdm_com_opaque_data.c.obj
 0001:0001c370       _libspdm_get_opaque_data_supported_version_data_size 0041d370 f   spdm_common_lib:libspdm_com_opaque_data.c.obj
 0001:0001c3d0       _libspdm_process_general_opaque_data_check 0041d3d0 f   spdm_common_lib:libspdm_com_opaque_data.c.obj
 0001:0001c560       _libspdm_calculate_th1_hash 0041d560 f   spdm_common_lib:libspdm_com_crypto_service_session.c.obj
 0001:0001c610       _libspdm_calculate_th2_hash 0041d610 f   spdm_common_lib:libspdm_com_crypto_service_session.c.obj
 0001:0001c6c0       _libspdm_calculate_th_hash_for_exchange 0041d6c0 f   spdm_common_lib:libspdm_com_crypto_service_session.c.obj
 0001:0001c7c0       _libspdm_calculate_th_hash_for_finish 0041d7c0 f   spdm_common_lib:libspdm_com_crypto_service_session.c.obj
 0001:0001c8c0       _libspdm_calculate_th_hmac_for_exchange_rsp 0041d8c0 f   spdm_common_lib:libspdm_com_crypto_service_session.c.obj
 0001:0001ca10       _libspdm_calculate_th_hmac_for_finish_req 0041da10 f   spdm_common_lib:libspdm_com_crypto_service_session.c.obj
 0001:0001cb80       _libspdm_calculate_th_hmac_for_finish_rsp 0041db80 f   spdm_common_lib:libspdm_com_crypto_service_session.c.obj
 0001:0001ccf0       _libspdm_asn1_get_tag      0041dcf0 f   cryptlib_mbedtls:x509.c.obj
 0001:0001cd20       _libspdm_ec_get_public_key_from_x509 0041dd20 f   cryptlib_mbedtls:x509.c.obj
 0001:0001ce70       _libspdm_aead_sm4_gcm_decrypt 0041de70 f   cryptlib_mbedtls:aead_sm4_gcm.c.obj
 0001:0001ce70       _libspdm_aead_sm4_gcm_encrypt 0041de70 f   cryptlib_mbedtls:aead_sm4_gcm.c.obj
 0001:0001ce70       _libspdm_ecd_get_private_key_from_pem 0041de70 f   cryptlib_mbedtls:pem.c.obj
 0001:0001ce70       _libspdm_ecd_get_public_key_from_der 0041de70 f   cryptlib_mbedtls:der.c.obj
 0001:0001ce70       _libspdm_ecd_get_public_key_from_x509 0041de70 f   cryptlib_mbedtls:x509.c.obj
 0001:0001ce70       _libspdm_eddsa_sign        0041de70 f   cryptlib_mbedtls:ecd.c.obj
 0001:0001ce70       _libspdm_eddsa_verify      0041de70 f   cryptlib_mbedtls:ecd.c.obj
 0001:0001ce70       _libspdm_hkdf_sha3_256_expand 0041de70 f   cryptlib_mbedtls:hkdf_sha3.c.obj
 0001:0001ce70       _libspdm_hkdf_sha3_256_extract 0041de70 f   cryptlib_mbedtls:hkdf_sha3.c.obj
 0001:0001ce70       _libspdm_hkdf_sha3_384_expand 0041de70 f   cryptlib_mbedtls:hkdf_sha3.c.obj
 0001:0001ce70       _libspdm_hkdf_sha3_384_extract 0041de70 f   cryptlib_mbedtls:hkdf_sha3.c.obj
 0001:0001ce70       _libspdm_hkdf_sha3_512_expand 0041de70 f   cryptlib_mbedtls:hkdf_sha3.c.obj
 0001:0001ce70       _libspdm_hkdf_sha3_512_extract 0041de70 f   cryptlib_mbedtls:hkdf_sha3.c.obj
 0001:0001ce70       _libspdm_hkdf_sm3_256_expand 0041de70 f   cryptlib_mbedtls:hkdf_sm3.c.obj
 0001:0001ce70       _libspdm_hkdf_sm3_256_extract 0041de70 f   cryptlib_mbedtls:hkdf_sm3.c.obj
 0001:0001ce70       _libspdm_hmac_sha3_256_all 0041de70 f   cryptlib_mbedtls:hmac_sha3.c.obj
 0001:0001ce70       _libspdm_hmac_sha3_384_all 0041de70 f   cryptlib_mbedtls:hmac_sha3.c.obj
 0001:0001ce70       _libspdm_hmac_sha3_512_all 0041de70 f   cryptlib_mbedtls:hmac_sha3.c.obj
 0001:0001ce70       _libspdm_hmac_sm3_256_all  0041de70 f   cryptlib_mbedtls:hmac_sm3.c.obj
 0001:0001ce70       _libspdm_sha3_256_duplicate 0041de70 f   cryptlib_mbedtls:sha3.c.obj
 0001:0001ce70       _libspdm_sha3_256_final    0041de70 f   cryptlib_mbedtls:sha3.c.obj
 0001:0001ce70       _libspdm_sha3_256_hash_all 0041de70 f   cryptlib_mbedtls:sha3.c.obj
 0001:0001ce70       _libspdm_sha3_256_init     0041de70 f   cryptlib_mbedtls:sha3.c.obj
 0001:0001ce70       _libspdm_sha3_256_update   0041de70 f   cryptlib_mbedtls:sha3.c.obj
 0001:0001ce70       _libspdm_sha3_384_duplicate 0041de70 f   cryptlib_mbedtls:sha3.c.obj
 0001:0001ce70       _libspdm_sha3_384_final    0041de70 f   cryptlib_mbedtls:sha3.c.obj
 0001:0001ce70       _libspdm_sha3_384_hash_all 0041de70 f   cryptlib_mbedtls:sha3.c.obj
 0001:0001ce70       _libspdm_sha3_384_init     0041de70 f   cryptlib_mbedtls:sha3.c.obj
 0001:0001ce70       _libspdm_sha3_384_update   0041de70 f   cryptlib_mbedtls:sha3.c.obj
 0001:0001ce70       _libspdm_sha3_512_duplicate 0041de70 f   cryptlib_mbedtls:sha3.c.obj
 0001:0001ce70       _libspdm_sha3_512_final    0041de70 f   cryptlib_mbedtls:sha3.c.obj
 0001:0001ce70       _libspdm_sha3_512_hash_all 0041de70 f   cryptlib_mbedtls:sha3.c.obj
 0001:0001ce70       _libspdm_sha3_512_init     0041de70 f   cryptlib_mbedtls:sha3.c.obj
 0001:0001ce70       _libspdm_sha3_512_update   0041de70 f   cryptlib_mbedtls:sha3.c.obj
 0001:0001ce70       _libspdm_sm2_dsa_sign      0041de70 f   cryptlib_mbedtls:sm2.c.obj
 0001:0001ce70       _libspdm_sm2_dsa_verify    0041de70 f   cryptlib_mbedtls:sm2.c.obj
 0001:0001ce70       _libspdm_sm2_get_private_key_from_pem 0041de70 f   cryptlib_mbedtls:pem.c.obj
 0001:0001ce70       _libspdm_sm2_get_public_key_from_der 0041de70 f   cryptlib_mbedtls:der.c.obj
 0001:0001ce70       _libspdm_sm2_get_public_key_from_x509 0041de70 f   cryptlib_mbedtls:x509.c.obj
 0001:0001ce70       _libspdm_sm2_key_exchange_compute_key 0041de70 f   cryptlib_mbedtls:sm2.c.obj
 0001:0001ce70       _libspdm_sm2_key_exchange_generate_key 0041de70 f   cryptlib_mbedtls:sm2.c.obj
 0001:0001ce70       _libspdm_sm2_key_exchange_init 0041de70 f   cryptlib_mbedtls:sm2.c.obj
 0001:0001ce70       _libspdm_sm3_256_duplicate 0041de70 f   cryptlib_mbedtls:sm3.c.obj
 0001:0001ce70       _libspdm_sm3_256_final     0041de70 f   cryptlib_mbedtls:sm3.c.obj
 0001:0001ce70       _libspdm_sm3_256_hash_all  0041de70 f   cryptlib_mbedtls:sm3.c.obj
 0001:0001ce70       _libspdm_sm3_256_init      0041de70 f   cryptlib_mbedtls:sm3.c.obj
 0001:0001ce70       _libspdm_sm3_256_update    0041de70 f   cryptlib_mbedtls:sm3.c.obj
 0001:0001ce70       _libspdm_tcp_get_sequence_number 0041de70 f   spdm_transport_tcp_lib:libspdm_tcp_tcp.c.obj
 0001:0001d160       _libspdm_rsa_get_public_key_from_x509 0041e160 f   cryptlib_mbedtls:x509.c.obj
 0001:0001d280       _libspdm_x509_compare_date_time 0041e280 f   cryptlib_mbedtls:x509.c.obj
 0001:0001d2e0       _libspdm_x509_get_cert_from_cert_chain 0041e2e0 f   cryptlib_mbedtls:x509.c.obj
 0001:0001d3c0       _libspdm_x509_get_extended_basic_constraints 0041e3c0 f   cryptlib_mbedtls:x509.c.obj
 0001:0001d410       _libspdm_x509_get_extended_key_usage 0041e410 f   cryptlib_mbedtls:x509.c.obj
 0001:0001d460       _libspdm_x509_get_extension_data 0041e460 f   cryptlib_mbedtls:x509.c.obj
 0001:0001d620       _libspdm_x509_get_issuer_name 0041e620 f   cryptlib_mbedtls:x509.c.obj
 0001:0001d700       _libspdm_x509_get_key_usage 0041e700 f   cryptlib_mbedtls:x509.c.obj
 0001:0001d790       _libspdm_x509_get_serial_number 0041e790 f   cryptlib_mbedtls:x509.c.obj
 0001:0001d880       _libspdm_x509_get_subject_name 0041e880 f   cryptlib_mbedtls:x509.c.obj
 0001:0001d960       _libspdm_x509_get_validity 0041e960 f   cryptlib_mbedtls:x509.c.obj
 0001:0001daa0       _libspdm_x509_get_version  0041eaa0 f   cryptlib_mbedtls:x509.c.obj
 0001:0001db40       _libspdm_x509_set_date_time 0041eb40 f   cryptlib_mbedtls:x509.c.obj
 0001:0001dc90       _libspdm_x509_verify_cert  0041ec90 f   cryptlib_mbedtls:x509.c.obj
 0001:0001ddf0       _libspdm_x509_verify_cert_chain 0041edf0 f   cryptlib_mbedtls:x509.c.obj
 0001:0001df10       _libspdm_rsa_free          0041ef10 f   cryptlib_mbedtls:rsa_basic.c.obj
 0001:0001df30       _libspdm_rsa_new           0041ef30 f   cryptlib_mbedtls:rsa_basic.c.obj
 0001:0001df70       _libspdm_rsa_pkcs1_verify_with_nid 0041ef70 f   cryptlib_mbedtls:rsa_basic.c.obj
 0001:0001e080       _libspdm_rsa_pss_verify    0041f080 f   cryptlib_mbedtls:rsa_basic.c.obj
 0001:0001e190       _libspdm_rsa_set_key       0041f190 f   cryptlib_mbedtls:rsa_basic.c.obj
 0001:0001e310       _libspdm_myrand            0041f310 f   cryptlib_mbedtls:rand.c.obj
 0001:0001e350       _libspdm_random_bytes      0041f350 f   cryptlib_mbedtls:rand.c.obj
 0001:0001e3f0       _allocate_pool             0041f3f0 f   malloclib:malloclib.c.obj
 0001:0001e410       _allocate_zero_pool        0041f410 f   malloclib:malloclib.c.obj
 0001:0001e450       _free_pool                 0041f450 f   malloclib:malloclib.c.obj
 0001:0001e470       _libspdm_get_random_number 0041f470 f   spdm_crypt_lib:libspdm_crypt_rng.c.obj
 0001:0001e490       _libspdm_get_hash_nid      0041f490 f   spdm_crypt_lib:libspdm_crypt_hash.c.obj
 0001:0001e560       _libspdm_get_hash_size     0041f560 f   spdm_crypt_lib:libspdm_crypt_hash.c.obj
 0001:0001e630       _libspdm_get_measurement_hash_size 0041f630 f   spdm_crypt_lib:libspdm_crypt_hash.c.obj
 0001:0001e720       _libspdm_hash_all          0041f720 f   spdm_crypt_lib:libspdm_crypt_hash.c.obj
 0001:0001e880       _libspdm_hash_duplicate    0041f880 f   spdm_crypt_lib:libspdm_crypt_hash.c.obj
 0001:0001e9c0       _libspdm_hash_final        0041f9c0 f   spdm_crypt_lib:libspdm_crypt_hash.c.obj
 0001:0001eb00       _libspdm_hash_free         0041fb00 f   spdm_crypt_lib:libspdm_crypt_hash.c.obj
 0001:0001ec20       _libspdm_hash_init         0041fc20 f   spdm_crypt_lib:libspdm_crypt_hash.c.obj
 0001:0001ed40       _libspdm_hash_new          0041fd40 f   spdm_crypt_lib:libspdm_crypt_hash.c.obj
 0001:0001ee30       _libspdm_hash_update       0041fe30 f   spdm_crypt_lib:libspdm_crypt_hash.c.obj
 0001:0001ef90       _libspdm_asym_get_public_key_from_x509 0041ff90 f   spdm_crypt_lib:libspdm_crypt_cert.c.obj
 0001:0001f0c0       _libspdm_get_leaf_cert_public_key_from_cert_chain 004200c0 f   spdm_crypt_lib:libspdm_crypt_cert.c.obj
 0001:0001fa30       _libspdm_is_root_certificate 00420a30 f   spdm_crypt_lib:libspdm_crypt_cert.c.obj
 0001:0001fb20       _libspdm_verify_cert_chain_data 00420b20 f   spdm_crypt_lib:libspdm_crypt_cert.c.obj
 0001:0001fd40       _libspdm_verify_certificate_chain_buffer 00420d40 f   spdm_crypt_lib:libspdm_crypt_cert.c.obj
 0001:00020590       _libspdm_x509_certificate_check 00421590 f   spdm_crypt_lib:libspdm_crypt_cert.c.obj
 0001:00020600       _libspdm_x509_common_certificate_check 00421600 f   spdm_crypt_lib:libspdm_crypt_cert.c.obj
 0001:000208f0       _libspdm_x509_set_cert_certificate_check 004218f0 f   spdm_crypt_lib:libspdm_crypt_cert.c.obj
 0001:00020960       _libspdm_asym_free         00421960 f   spdm_crypt_lib:libspdm_crypt_asym.c.obj
 0001:00020b50       _libspdm_asym_get_public_key_from_der 00421b50 f   spdm_crypt_lib:libspdm_crypt_asym.c.obj
 0001:00020ca0       _libspdm_asym_sign         00421ca0 f   spdm_crypt_lib:libspdm_crypt_asym.c.obj
 0001:00020ec0       _libspdm_asym_sign_hash    00421ec0 f   spdm_crypt_lib:libspdm_crypt_asym.c.obj
 0001:00021330       _libspdm_asym_verify_hash_ex 00422330 f   spdm_crypt_lib:libspdm_crypt_asym.c.obj
 0001:00021960       _libspdm_copy_signature_swap_endian 00422960 f   spdm_crypt_lib:libspdm_crypt_asym.c.obj
 0001:00021ee0       _libspdm_ecdsa_verify_wrap 00422ee0 f   spdm_crypt_lib:libspdm_crypt_asym.c.obj
 0001:00021f10       _libspdm_eddsa_verify_wrap 00422f10 f   spdm_crypt_lib:libspdm_crypt_asym.c.obj
 0001:00021f10       _libspdm_sm2_dsa_verify_wrap 00422f10 f   spdm_crypt_lib:libspdm_crypt_asym.c.obj
 0001:00021f40       _libspdm_get_asym_signature_size 00422f40 f   spdm_crypt_lib:libspdm_crypt_asym.c.obj
 0001:00022050       _libspdm_get_req_asym_signature_size 00423050 f   spdm_crypt_lib:libspdm_crypt_asym.c.obj
 0001:00022130       _libspdm_is_palindrome     00423130 f   spdm_crypt_lib:libspdm_crypt_asym.c.obj
 0001:00022190       _libspdm_is_signature_buffer_palindrome 00423190 f   spdm_crypt_lib:libspdm_crypt_asym.c.obj
 0001:00022270       _libspdm_req_asym_free     00423270 f   spdm_crypt_lib:libspdm_crypt_asym.c.obj
 0001:00022290       _libspdm_req_asym_func_need_hash 00423290 f   spdm_crypt_lib:libspdm_crypt_asym.c.obj
 0001:000222b0       _libspdm_req_asym_get_public_key_from_der 004232b0 f   spdm_crypt_lib:libspdm_crypt_asym.c.obj
 0001:000222d0       _libspdm_req_asym_sign     004232d0 f   spdm_crypt_lib:libspdm_crypt_asym.c.obj
 0001:00022500       _libspdm_req_asym_sign_hash 00423500 f   spdm_crypt_lib:libspdm_crypt_asym.c.obj
 0001:000227b0       _libspdm_req_asym_verify_hash_ex 004237b0 f   spdm_crypt_lib:libspdm_crypt_asym.c.obj
 0001:00022ce0       _libspdm_dhe_compute_key   00423ce0 f   spdm_crypt_lib:libspdm_crypt_dhe.c.obj
 0001:00022e30       _libspdm_dhe_free          00423e30 f   spdm_crypt_lib:libspdm_crypt_dhe.c.obj
 0001:00022f10       _libspdm_dhe_generate_key  00423f10 f   spdm_crypt_lib:libspdm_crypt_dhe.c.obj
 0001:00023000       _libspdm_dhe_new           00424000 f   spdm_crypt_lib:libspdm_crypt_dhe.c.obj
 0001:000232c0       _libspdm_get_dhe_pub_key_size 004242c0 f   spdm_crypt_lib:libspdm_crypt_dhe.c.obj
 0001:00023390       _libspdm_aead_decryption   00424390 f   spdm_crypt_lib:libspdm_crypt_aead.c.obj
 0001:000234c0       _libspdm_aead_encryption   004244c0 f   spdm_crypt_lib:libspdm_crypt_aead.c.obj
 0001:000235f0       _libspdm_get_aead_iv_size  004245f0 f   spdm_crypt_lib:libspdm_crypt_aead.c.obj
 0001:00023660       _libspdm_get_aead_key_size 00424660 f   spdm_crypt_lib:libspdm_crypt_aead.c.obj
 0001:000236d0       _libspdm_get_aead_tag_size 004246d0 f   spdm_crypt_lib:libspdm_crypt_aead.c.obj
 0001:00023740       _libspdm_secured_message_get_context_size 00424740 f   spdm_secured_message_lib:libspdm_secmes_context_data.c.obj
 0001:00023750       _libspdm_secured_message_get_last_spdm_error_struct 00424750 f   spdm_secured_message_lib:libspdm_secmes_context_data.c.obj
 0001:00023780       _libspdm_secured_message_get_session_state 00424780 f   spdm_secured_message_lib:libspdm_secmes_context_data.c.obj
 0001:000237a0       _libspdm_secured_message_init_context 004247a0 f   spdm_secured_message_lib:libspdm_secmes_context_data.c.obj
 0001:000237c0       _libspdm_secured_message_set_algorithms 004247c0 f   spdm_secured_message_lib:libspdm_secmes_context_data.c.obj
 0001:00023880       _libspdm_secured_message_set_last_spdm_error_struct 00424880 f   spdm_secured_message_lib:libspdm_secmes_context_data.c.obj
 0001:000238b0       _libspdm_secured_message_set_max_spdm_session_sequence_number 004248b0 f   spdm_secured_message_lib:libspdm_secmes_context_data.c.obj
 0001:000238d0       _libspdm_secured_message_set_psk_hint 004248d0 f   spdm_secured_message_lib:libspdm_secmes_context_data.c.obj
 0001:00023920       _libspdm_secured_message_set_sequence_number_endian 00424920 f   spdm_secured_message_lib:libspdm_secmes_context_data.c.obj
 0001:00023940       _libspdm_secured_message_set_session_state 00424940 f   spdm_secured_message_lib:libspdm_secmes_context_data.c.obj
 0001:00023980       _libspdm_secured_message_set_session_type 00424980 f   spdm_secured_message_lib:libspdm_secmes_context_data.c.obj
 0001:000239a0       _libspdm_secured_message_set_use_psk 004249a0 f   spdm_secured_message_lib:libspdm_secmes_context_data.c.obj
 0001:000239c0       _libspdm_activate_update_session_data_key 004249c0 f   spdm_secured_message_lib:libspdm_secmes_session.c.obj
 0001:00023bd0       _libspdm_bin_concat        00424bd0 f   spdm_secured_message_lib:libspdm_secmes_session.c.obj
 0001:00023ce0       _libspdm_clear_handshake_secret 00424ce0 f   spdm_secured_message_lib:libspdm_secmes_session.c.obj
 0001:00023d30       _libspdm_clear_master_secret 00424d30 f   spdm_secured_message_lib:libspdm_secmes_session.c.obj
 0001:00023d60       _libspdm_create_update_session_data_key 00424d60 f   spdm_secured_message_lib:libspdm_secmes_session.c.obj
 0001:000241a0       _libspdm_generate_aead_key_and_iv 004251a0 f   spdm_secured_message_lib:libspdm_secmes_session.c.obj
 0001:00024400       _libspdm_generate_finished_key 00425400 f   spdm_secured_message_lib:libspdm_secmes_session.c.obj
 0001:00024540       _libspdm_generate_session_data_key 00425540 f   spdm_secured_message_lib:libspdm_secmes_session.c.obj
 0001:00024d40       _libspdm_generate_session_handshake_key 00425d40 f   spdm_secured_message_lib:libspdm_secmes_session.c.obj
 0001:00025370       _libspdm_hmac_all_with_request_finished_key 00426370 f   spdm_secured_message_lib:libspdm_secmes_session.c.obj
 0001:000253b0       _libspdm_hmac_all_with_response_finished_key 004263b0 f   spdm_secured_message_lib:libspdm_secmes_session.c.obj
 0001:000253f0       _libspdm_secured_message_dhe_compute_key 004263f0 f   spdm_secured_message_lib:libspdm_secmes_key_exchange.c.obj
 0001:000254b0       _libspdm_secured_message_dhe_free 004264b0 f   spdm_secured_message_lib:libspdm_secmes_key_exchange.c.obj
 0001:000254d0       _libspdm_secured_message_dhe_generate_key 004264d0 f   spdm_secured_message_lib:libspdm_secmes_key_exchange.c.obj
 0001:000254f0       _libspdm_secured_message_dhe_new 004264f0 f   spdm_secured_message_lib:libspdm_secmes_key_exchange.c.obj
 0001:00025510       _libspdm_transport_mctp_decode_message 00426510 f   spdm_transport_mctp_lib:libspdm_mctp_common.c.obj
 0001:000257c0       _libspdm_transport_mctp_encode_message 004267c0 f   spdm_transport_mctp_lib:libspdm_mctp_common.c.obj
 0001:000259e0       _libspdm_mctp_decode_message 004269e0 f   spdm_transport_mctp_lib:libspdm_mctp_mctp.c.obj
 0001:00025ae0       _libspdm_mctp_encode_message 00426ae0 f   spdm_transport_mctp_lib:libspdm_mctp_mctp.c.obj
 0001:00025bf0       _libspdm_mctp_get_max_random_number_count 00426bf0 f   spdm_transport_mctp_lib:libspdm_mctp_mctp.c.obj
 0001:00025c00       _libspdm_mctp_get_secured_spdm_version 00426c00 f   spdm_transport_mctp_lib:libspdm_mctp_mctp.c.obj
 0001:00025c00       _libspdm_pci_doe_get_secured_spdm_version 00426c00 f   spdm_transport_pcidoe_lib:libspdm_doe_pcidoe.c.obj
 0001:00025c00       _libspdm_tcp_get_secured_spdm_version 00426c00 f   spdm_transport_tcp_lib:libspdm_tcp_tcp.c.obj
 0001:00025c10       _libspdm_mctp_get_sequence_number 00426c10 f   spdm_transport_mctp_lib:libspdm_mctp_mctp.c.obj
 0001:00025c30       _libspdm_transport_pci_doe_decode_message 00426c30 f   spdm_transport_pcidoe_lib:libspdm_doe_common.c.obj
 0001:00025e40       _libspdm_transport_pci_doe_encode_message 00426e40 f   spdm_transport_pcidoe_lib:libspdm_doe_common.c.obj
 0001:00025fd0       _libspdm_pci_doe_decode_message 00426fd0 f   spdm_transport_pcidoe_lib:libspdm_doe_pcidoe.c.obj
 0001:00026140       _libspdm_pci_doe_encode_message 00427140 f   spdm_transport_pcidoe_lib:libspdm_doe_pcidoe.c.obj
 0001:00026290       _libspdm_pci_doe_get_sequence_number 00427290 f   spdm_transport_pcidoe_lib:libspdm_doe_pcidoe.c.obj
 0001:000262b0       _libspdm_transport_tcp_decode_message 004272b0 f   spdm_transport_tcp_lib:libspdm_tcp_common.c.obj
 0001:00026560       _libspdm_transport_tcp_encode_message 00427560 f   spdm_transport_tcp_lib:libspdm_tcp_common.c.obj
 0001:00026760       _libspdm_tcp_decode_message 00427760 f   spdm_transport_tcp_lib:libspdm_tcp_tcp.c.obj
 0001:00026860       _libspdm_tcp_encode_message 00427860 f   spdm_transport_tcp_lib:libspdm_tcp_tcp.c.obj
 0001:00026950       _libspdm_transport_tcp_get_header_size 00427950 f   spdm_transport_tcp_lib:libspdm_tcp_tcp.c.obj
 0001:00026960       _spdm_transport_none_decode_message 00427960 f   spdm_transport_none_lib:common.c.obj
 0001:000269e0       _spdm_transport_none_encode_message 004279e0 f   spdm_transport_none_lib:common.c.obj
 0001:00026a50       _none_decode_message       00427a50 f   spdm_transport_none_lib:none.c.obj
 0001:00026a50       _none_encode_message       00427a50 f   spdm_transport_none_lib:none.c.obj
 0001:00026a70       _libspdm_read_requester_public_certificate_chain 00427a70 f   spdm_device_secret_lib_sample:cert.c.obj
 0001:00026da0       _libspdm_read_responder_public_certificate_chain 00427da0 f   spdm_device_secret_lib_sample:cert.c.obj
 0001:000270d0       _libspdm_read_responder_public_certificate_chain_alias_cert_till_dev_cert_ca 004280d0 f   spdm_device_secret_lib_sample:cert.c.obj
 0001:00027480       _libspdm_read_responder_root_public_certificate 00428480 f   spdm_device_secret_lib_sample:cert.c.obj
 0001:00027710       _libspdm_read_responder_root_public_certificate_slot 00428710 f   spdm_device_secret_lib_sample:cert.c.obj
 0001:00027ad0       _libspdm_encap_challenge_opaque_data 00428ad0 f   spdm_device_secret_lib_sample:lib.c.obj
 0001:00027b40       _libspdm_get_requester_private_key_from_raw_data 00428b40 f   spdm_device_secret_lib_sample:lib.c.obj
 0001:00028090       _libspdm_get_responder_private_key_from_raw_data 00429090 f   spdm_device_secret_lib_sample:lib.c.obj
 0001:000285e0       _libspdm_psk_handshake_secret_hkdf_expand 004295e0 f   spdm_device_secret_lib_sample:lib.c.obj
 0001:00028710       _libspdm_psk_master_secret_hkdf_expand 00429710 f   spdm_device_secret_lib_sample:lib.c.obj
 0001:00028940       _libspdm_read_requester_private_key 00429940 f   spdm_device_secret_lib_sample:lib.c.obj
 0001:00028a90       _libspdm_read_requester_public_key 00429a90 f   spdm_device_secret_lib_sample:lib.c.obj
 0001:00028be0       _libspdm_read_responder_private_key 00429be0 f   spdm_device_secret_lib_sample:lib.c.obj
 0001:00028d30       _libspdm_read_responder_public_key 00429d30 f   spdm_device_secret_lib_sample:lib.c.obj
 0001:00028e80       _libspdm_requester_data_sign 00429e80 f   spdm_device_secret_lib_sample:lib.c.obj
 0001:00029050       _libspdm_responder_data_sign 0042a050 f   spdm_device_secret_lib_sample:lib.c.obj
 0001:00029220       _pldm_control_get_tid      0042a220 f   mctp_requester_lib:pldm_req_control_get_tid.c.obj
 0001:00029320       _pldm_send_receive_data    0042a320 f   mctp_requester_lib:pldm_send_receive.c.obj
 0001:00029370       _mctp_send_receive_data    0042a370 f   mctp_requester_lib:mctp_send_receive.c.obj
 0001:00029550       _pci_doe_discovery         0042a550 f   pci_doe_requester_lib:pci_doe_req_discovery.c.obj
 0001:000296d0       _pci_ide_km_query          0042a6d0 f   pci_ide_km_requester_lib:pci_ide_km_req_query.c.obj
 0001:00029870       _pci_ide_km_key_prog       0042a870 f   pci_ide_km_requester_lib:pci_ide_km_req_key_prog.c.obj
 0001:00029980       _pci_ide_km_key_set_go     0042a980 f   pci_ide_km_requester_lib:pci_ide_km_req_key_set_go.c.obj
 0001:00029a60       _pci_ide_km_key_set_stop   0042aa60 f   pci_ide_km_requester_lib:pci_ide_km_req_key_set_stop.c.obj
 0001:00029b40       _pci_ide_km_send_receive_data 0042ab40 f   pci_ide_km_requester_lib:pci_ide_km_send_receive.c.obj
 0001:00029b90       _pci_tdisp_get_version     0042ab90 f   pci_tdisp_requester_lib:pci_tdisp_req_get_version.c.obj
 0001:00029c80       _pci_tdisp_get_capabilities 0042ac80 f   pci_tdisp_requester_lib:pci_tdisp_req_get_capabilities.c.obj
 0001:00029d70       _pci_tdisp_lock_interface  0042ad70 f   pci_tdisp_requester_lib:pci_tdisp_req_lock_interface.c.obj
 0001:00029e80       _pci_tdisp_get_interface_report 0042ae80 f   pci_tdisp_requester_lib:pci_tdisp_req_get_interface_report.c.obj
 0001:0002a080       _pci_tdisp_get_interface_state 0042b080 f   pci_tdisp_requester_lib:pci_tdisp_req_get_interface_state.c.obj
 0001:0002a150       _pci_tdisp_start_interface 0042b150 f   pci_tdisp_requester_lib:pci_tdisp_req_start_interface.c.obj
 0001:0002a240       _pci_tdisp_stop_interface  0042b240 f   pci_tdisp_requester_lib:pci_tdisp_req_stop_interface.c.obj
 0001:0002a310       _pci_tdisp_send_receive_data 0042b310 f   pci_tdisp_requester_lib:pci_tdisp_send_receive.c.obj
 0001:0002a360       _cxl_ide_km_query          0042b360 f   cxl_ide_km_requester_lib:cxl_ide_km_req_query.c.obj
 0001:0002a4a0       _cxl_ide_km_key_prog       0042b4a0 f   cxl_ide_km_requester_lib:cxl_ide_km_req_key_prog.c.obj
 0001:0002a5b0       _cxl_ide_km_key_set_go     0042b5b0 f   cxl_ide_km_requester_lib:cxl_ide_km_req_key_set_go.c.obj
 0001:0002a690       _cxl_ide_km_key_set_stop   0042b690 f   cxl_ide_km_requester_lib:cxl_ide_km_req_key_set_stop.c.obj
 0001:0002a770       _cxl_ide_km_get_key        0042b770 f   cxl_ide_km_requester_lib:cxl_ide_km_req_get_key.c.obj
 0001:0002a870       _cxl_ide_km_send_receive_data 0042b870 f   cxl_ide_km_requester_lib:cxl_ide_km_send_receive.c.obj
 0001:0002a8c0       _libspdm_sleep             0042b8c0 f   platform_lib:time_win.c.obj
 0001:0002a907       _uc_mem_map_ptr            0042b907 f   unicorn:unicorn.dll
 0001:0002a90d       _uc_open                   0042b90d f   unicorn:unicorn.dll
 0001:0002a913       _uc_close                  0042b913 f   unicorn:unicorn.dll
 0001:0002a919       _uc_reg_write              0042b919 f   unicorn:unicorn.dll
 0001:0002a91f       _uc_reg_read               0042b91f f   unicorn:unicorn.dll
 0001:0002a925       _uc_mem_write              0042b925 f   unicorn:unicorn.dll
 0001:0002a92b       _uc_mem_read               0042b92b f   unicorn:unicorn.dll
 0001:0002a931       _uc_emu_start              0042b931 f   unicorn:unicorn.dll
 0001:0002a937       _uc_hook_add               0042b937 f   unicorn:unicorn.dll
 0001:0002a93d       _uc_mem_map                0042b93d f   unicorn:unicorn.dll
 0001:0002a960       _mbedtls_x509_crt_check_key_usage 0042b960 f   mbedx509:x509_crt.c.obj
 0001:0002a9e0       _mbedtls_x509_crt_free     0042b9e0 f   mbedx509:x509_crt.c.obj
 0001:0002abe0       _mbedtls_x509_crt_init     0042bbe0 f   mbedx509:x509_crt.c.obj
 0001:0002ac00       _mbedtls_x509_crt_is_revoked 0042bc00 f   mbedx509:x509_crt.c.obj
 0001:0002ac70       _mbedtls_x509_crt_parse_der 0042bc70 f   mbedx509:x509_crt.c.obj
 0001:0002adb0       _mbedtls_x509_crt_verify_with_profile 0042bdb0 f   mbedx509:x509_crt.c.obj
 0001:0002adf0       _mbedtls_x509_parse_subject_alt_name 0042bdf0 f   mbedx509:x509_crt.c.obj
 0001:0002d7f0       _mbedtls_x509_get_alg      0042e7f0 f   mbedx509:x509.c.obj
 0001:0002d840       _mbedtls_x509_get_alg_null 0042e840 f   mbedx509:x509.c.obj
 0001:0002d890       _mbedtls_x509_get_ext      0042e890 f   mbedx509:x509.c.obj
 0001:0002d980       _mbedtls_x509_get_name     0042e980 f   mbedx509:x509.c.obj
 0001:0002daa0       _mbedtls_x509_get_rsassa_pss_params 0042eaa0 f   mbedx509:x509.c.obj
 0001:0002ded0       _mbedtls_x509_get_serial   0042eed0 f   mbedx509:x509.c.obj
 0001:0002dfb0       _mbedtls_x509_get_sig      0042efb0 f   mbedx509:x509.c.obj
 0001:0002e060       _mbedtls_x509_get_sig_alg  0042f060 f   mbedx509:x509.c.obj
 0001:0002e150       _mbedtls_x509_get_time     0042f150 f   mbedx509:x509.c.obj
 0001:0002e240       _mbedtls_x509_time_is_future 0042f240 f   mbedx509:x509.c.obj
 0001:0002e290       _mbedtls_x509_time_is_past 0042f290 f   mbedx509:x509.c.obj
 0001:0002ec70       _mbedtls_asn1_get_alg      0042fc70 f   mbedcrypto:asn1parse.c.obj
 0001:0002edb0       _mbedtls_asn1_get_alg_null 0042fdb0 f   mbedcrypto:asn1parse.c.obj
 0001:0002ee20       _mbedtls_asn1_get_bitstring 0042fe20 f   mbedcrypto:asn1parse.c.obj
 0001:0002eed0       _mbedtls_asn1_get_bitstring_null 0042fed0 f   mbedcrypto:asn1parse.c.obj
 0001:0002ef50       _mbedtls_asn1_get_bool     0042ff50 f   mbedcrypto:asn1parse.c.obj
 0001:0002efd0       _mbedtls_asn1_get_int      0042ffd0 f   mbedcrypto:asn1parse.c.obj
 0001:0002eff0       _mbedtls_asn1_get_len      0042fff0 f   mbedcrypto:asn1parse.c.obj
 0001:0002f220       _mbedtls_asn1_get_mpi      00430220 f   mbedcrypto:asn1parse.c.obj
 0001:0002f280       _mbedtls_asn1_get_sequence_of 00430280 f   mbedcrypto:asn1parse.c.obj
 0001:0002f2d0       _mbedtls_asn1_get_tag      004302d0 f   mbedcrypto:asn1parse.c.obj
 0001:0002f320       _mbedtls_asn1_traverse_sequence_of 00430320 f   mbedcrypto:asn1parse.c.obj
 0001:0002f420       _mbedtls_rsa_check_privkey 00430420 f   mbedcrypto:rsa.c.obj
 0001:0002f4d0       _mbedtls_rsa_check_pub_priv 004304d0 f   mbedcrypto:rsa.c.obj
 0001:0002f550       _mbedtls_rsa_check_pubkey  00430550 f   mbedcrypto:rsa.c.obj
 0001:0002f5e0       _mbedtls_rsa_complete      004305e0 f   mbedcrypto:rsa.c.obj
 0001:0002f9f0       _mbedtls_rsa_copy          004309f0 f   mbedcrypto:rsa.c.obj
 0001:0002fc60       _mbedtls_rsa_free          00430c60 f   mbedcrypto:rsa.c.obj
 0001:0002fd40       _mbedtls_rsa_get_len       00430d40 f   mbedcrypto:rsa.c.obj
 0001:0002fd50       _mbedtls_rsa_import        00430d50 f   mbedcrypto:rsa.c.obj
 0001:0002fe50       _mbedtls_rsa_import_raw    00430e50 f   mbedcrypto:rsa.c.obj
 0001:0002ff80       _mbedtls_rsa_init          00430f80 f   mbedcrypto:rsa.c.obj
 0001:0002ffc0       _mbedtls_rsa_pkcs1_decrypt 00430fc0 f   mbedcrypto:rsa.c.obj
 0001:00030060       _mbedtls_rsa_pkcs1_encrypt 00431060 f   mbedcrypto:rsa.c.obj
 0001:000300f0       _mbedtls_rsa_pkcs1_sign    004310f0 f   mbedcrypto:rsa.c.obj
 0001:00030180       _mbedtls_rsa_pkcs1_verify  00431180 f   mbedcrypto:rsa.c.obj
 0001:00030210       _mbedtls_rsa_private       00431210 f   mbedcrypto:rsa.c.obj
 0001:00030800       _mbedtls_rsa_public        00431800 f   mbedcrypto:rsa.c.obj
 0001:00030930       _mbedtls_rsa_rsaes_oaep_decrypt 00431930 f   mbedcrypto:rsa.c.obj
 0001:00030dd0       _mbedtls_rsa_rsaes_oaep_encrypt 00431dd0 f   mbedcrypto:rsa.c.obj
 0001:00031050       _mbedtls_rsa_rsaes_pkcs1_v15_decrypt 00432050 f   mbedcrypto:rsa.c.obj
 0001:00031180       _mbedtls_rsa_rsaes_pkcs1_v15_encrypt 00432180 f   mbedcrypto:rsa.c.obj
 0001:00031360       _mbedtls_rsa_rsassa_pkcs1_v15_sign 00432360 f   mbedcrypto:rsa.c.obj
 0001:00031540       _mbedtls_rsa_rsassa_pkcs1_v15_verify 00432540 f   mbedcrypto:rsa.c.obj
 0001:000316b0       _mbedtls_rsa_rsassa_pss_sign 004326b0 f   mbedcrypto:rsa.c.obj
 0001:000316e0       _mbedtls_rsa_rsassa_pss_verify 004326e0 f   mbedcrypto:rsa.c.obj
 0001:00031750       _mbedtls_rsa_rsassa_pss_verify_ext 00432750 f   mbedcrypto:rsa.c.obj
 0001:00031c00       _mbedtls_rsa_set_padding   00432c00 f   mbedcrypto:rsa.c.obj
 0001:000330c0       _mbedtls_ecdsa_can_do      004340c0 f   mbedcrypto:ecdsa.c.obj
 0001:000330f0       _mbedtls_ecdsa_free        004340f0 f   mbedcrypto:ecdsa.c.obj
 0001:00033110       _mbedtls_ecdsa_from_keypair 00434110 f   mbedcrypto:ecdsa.c.obj
 0001:000331a0       _mbedtls_ecdsa_init        004341a0 f   mbedcrypto:ecdsa.c.obj
 0001:000331c0       _mbedtls_ecdsa_read_signature 004341c0 f   mbedcrypto:ecdsa.c.obj
 0001:000331f0       _mbedtls_ecdsa_read_signature_restartable 004341f0 f   mbedcrypto:ecdsa.c.obj
 0001:00033340       _mbedtls_ecdsa_sign        00434340 f   mbedcrypto:ecdsa.c.obj
 0001:00033390       _mbedtls_ecdsa_verify      00434390 f   mbedcrypto:ecdsa.c.obj
 0001:000333d0       _mbedtls_ecdsa_write_signature 004343d0 f   mbedcrypto:ecdsa.c.obj
 0001:00033410       _mbedtls_ecdsa_write_signature_restartable 00434410 f   mbedcrypto:ecdsa.c.obj
 0001:000334e0       _mbedtls_pk_can_do         004344e0 f   mbedcrypto:pk.c.obj
 0001:00033510       _mbedtls_pk_free           00434510 f   mbedcrypto:pk.c.obj
 0001:00033550       _mbedtls_pk_get_bitlen     00434550 f   mbedcrypto:pk.c.obj
 0001:000335a0       _mbedtls_pk_get_type       004345a0 f   mbedcrypto:pk.c.obj
 0001:000335c0       _mbedtls_pk_info_from_type 004345c0 f   mbedcrypto:pk.c.obj
 0001:00033620       _mbedtls_pk_init           00434620 f   mbedcrypto:pk.c.obj
 0001:00033640       _mbedtls_pk_setup          00434640 f   mbedcrypto:pk.c.obj
 0001:00033690       _mbedtls_pk_verify         00434690 f   mbedcrypto:pk.c.obj
 0001:000336c0       _mbedtls_pk_verify_ext     004346c0 f   mbedcrypto:pk.c.obj
 0001:000337e0       _mbedtls_pk_verify_restartable 004347e0 f   mbedcrypto:pk.c.obj
 0001:00033b60       _mbedtls_ecdh_compute_shared 00434b60 f   mbedcrypto:ecdh.c.obj
 0001:00033ba0       _mbedtls_ecdh_free         00434ba0 f   mbedcrypto:ecdh.c.obj
 0001:00033bf0       _mbedtls_ecdh_gen_public   00434bf0 f   mbedcrypto:ecdh.c.obj
 0001:00033c30       _mbedtls_ecdh_get_params   00434c30 f   mbedcrypto:ecdh.c.obj
 0001:00033cc0       _mbedtls_ecdh_init         00434cc0 f   mbedcrypto:ecdh.c.obj
 0001:00033d20       _mbedtls_ecdh_setup        00434d20 f   mbedcrypto:ecdh.c.obj
 0001:00033e30       _mbedtls_mpi_add_abs       00434e30 f   mbedcrypto:bignum.c.obj
 0001:00034030       _mbedtls_mpi_add_int       00435030 f   mbedcrypto:bignum.c.obj
 0001:000340b0       _mbedtls_mpi_add_mpi       004350b0 f   mbedcrypto:bignum.c.obj
 0001:00034180       _mbedtls_mpi_bitlen        00435180 f   mbedcrypto:bignum.c.obj
 0001:000341f0       _mbedtls_mpi_cmp_abs       004351f0 f   mbedcrypto:bignum.c.obj
 0001:000342f0       _mbedtls_mpi_cmp_int       004352f0 f   mbedcrypto:bignum.c.obj
 0001:00034360       _mbedtls_mpi_cmp_mpi       00435360 f   mbedcrypto:bignum.c.obj
 0001:000344a0       _mbedtls_mpi_copy          004354a0 f   mbedcrypto:bignum.c.obj
 0001:000345c0       _mbedtls_mpi_div_mpi       004355c0 f   mbedcrypto:bignum.c.obj
 0001:00034c90       _mbedtls_mpi_exp_mod       00435c90 f   mbedcrypto:bignum.c.obj
 0001:00035760       _mbedtls_mpi_fill_random   00436760 f   mbedcrypto:bignum.c.obj
 0001:000357f0       _mbedtls_mpi_free          004367f0 f   mbedcrypto:bignum.c.obj
 0001:00035850       _mbedtls_mpi_gcd           00436850 f   mbedcrypto:bignum.c.obj
 0001:00035aa0       _mbedtls_mpi_get_bit       00436aa0 f   mbedcrypto:bignum.c.obj
 0001:00035af0       _mbedtls_mpi_grow          00436af0 f   mbedcrypto:bignum.c.obj
 0001:00035ba0       _mbedtls_mpi_init          00436ba0 f   mbedcrypto:bignum.c.obj
 0001:00035bd0       _mbedtls_mpi_inv_mod       00436bd0 f   mbedcrypto:bignum.c.obj
 0001:000361b0       _mbedtls_mpi_is_prime_ext  004371b0 f   mbedcrypto:bignum.c.obj
 0001:00036260       _mbedtls_mpi_lsb           00437260 f   mbedcrypto:bignum.c.obj
 0001:000362e0       _mbedtls_mpi_lset          004372e0 f   mbedcrypto:bignum.c.obj
 0001:00036380       _mbedtls_mpi_mod_int       00437380 f   mbedcrypto:bignum.c.obj
 0001:000364b0       _mbedtls_mpi_mod_mpi       004374b0 f   mbedcrypto:bignum.c.obj
 0001:00036580       _mbedtls_mpi_mul_int       00437580 f   mbedcrypto:bignum.c.obj
 0001:00036650       _mbedtls_mpi_mul_mpi       00437650 f   mbedcrypto:bignum.c.obj
 0001:00036830       _mbedtls_mpi_random        00437830 f   mbedcrypto:bignum.c.obj
 0001:00036a00       _mbedtls_mpi_read_binary   00437a00 f   mbedcrypto:bignum.c.obj
 0001:00036ab0       _mbedtls_mpi_read_binary_le 00437ab0 f   mbedcrypto:bignum.c.obj
 0001:00036be0       _mbedtls_mpi_set_bit       00437be0 f   mbedcrypto:bignum.c.obj
 0001:00036cb0       _mbedtls_mpi_shift_l       00437cb0 f   mbedcrypto:bignum.c.obj
 0001:00036e40       _mbedtls_mpi_shift_r       00437e40 f   mbedcrypto:bignum.c.obj
 0001:00036f90       _mbedtls_mpi_shrink        00437f90 f   mbedcrypto:bignum.c.obj
 0001:000370a0       _mbedtls_mpi_size          004380a0 f   mbedcrypto:bignum.c.obj
 0001:000370c0       _mbedtls_mpi_sub_abs       004380c0 f   mbedcrypto:bignum.c.obj
 0001:00037260       _mbedtls_mpi_sub_int       00438260 f   mbedcrypto:bignum.c.obj
 0001:000372e0       _mbedtls_mpi_sub_mpi       004382e0 f   mbedcrypto:bignum.c.obj
 0001:000373b0       _mbedtls_mpi_write_binary  004383b0 f   mbedcrypto:bignum.c.obj
 0001:00038060       _mbedtls_md                00439060 f   mbedcrypto:md.c.obj
 0001:00038110       _mbedtls_md_finish         00439110 f   mbedcrypto:md.c.obj
 0001:00038190       _mbedtls_md_free           00439190 f   mbedcrypto:md.c.obj
 0001:00038260       _mbedtls_md_get_size       00439260 f   mbedcrypto:md.c.obj
 0001:00038280       _mbedtls_md_hmac           00439280 f   mbedcrypto:md.c.obj
 0001:00038330       _mbedtls_md_hmac_finish    00439330 f   mbedcrypto:md.c.obj
 0001:00038420       _mbedtls_md_hmac_reset     00439420 f   mbedcrypto:md.c.obj
 0001:00038490       _mbedtls_md_hmac_starts    00439490 f   mbedcrypto:md.c.obj
 0001:00038640       _mbedtls_md_hmac_update    00439640 f   mbedcrypto:md.c.obj
 0001:00038680       _mbedtls_md_info_from_type 00439680 f   mbedcrypto:md.c.obj
 0001:000386e0       _mbedtls_md_init           004396e0 f   mbedcrypto:md.c.obj
 0001:000386e0       _mbedtls_pem_init          004396e0 f   mbedcrypto:pem.c.obj
 0001:00038700       _mbedtls_md_list           00439700 f   mbedcrypto:md.c.obj
 0001:00038710       _mbedtls_md_setup          00439710 f   mbedcrypto:md.c.obj
 0001:00038840       _mbedtls_md_starts         00439840 f   mbedcrypto:md.c.obj
 0001:000388f0       _mbedtls_md_update         004398f0 f   mbedcrypto:md.c.obj
 0001:000389d0       _mbedtls_pk_parse_key      004399d0 f   mbedcrypto:pkparse.c.obj
 0001:00038d80       _mbedtls_pk_parse_public_key 00439d80 f   mbedcrypto:pkparse.c.obj
 0001:00039030       _mbedtls_pk_parse_subpubkey 0043a030 f   mbedcrypto:pkparse.c.obj
 0001:0003a020       _mbedtls_oid_get_ec_grp    0043b020 f   mbedcrypto:oid.c.obj
 0001:0003a060       _mbedtls_oid_get_md_alg    0043b060 f   mbedcrypto:oid.c.obj
 0001:0003a0a0       _mbedtls_oid_get_oid_by_md 0043b0a0 f   mbedcrypto:oid.c.obj
 0001:0003a0f0       _mbedtls_oid_get_pk_alg    0043b0f0 f   mbedcrypto:oid.c.obj
 0001:0003a130       _mbedtls_oid_get_sig_alg   0043b130 f   mbedcrypto:oid.c.obj
 0001:0003a170       _mbedtls_oid_get_x509_ext_type 0043b170 f   mbedcrypto:oid.c.obj
 0001:0003a430       _mbedtls_pem_free          0043b430 f   mbedcrypto:pem.c.obj
 0001:0003a480       _mbedtls_pem_read_buffer   0043b480 f   mbedcrypto:pem.c.obj
 0001:0003a6f0       _mbedtls_asn1_write_len    0043b6f0 f   mbedcrypto:asn1write.c.obj
 0001:0003a960       _mbedtls_asn1_write_mpi    0043b960 f   mbedcrypto:asn1write.c.obj
 0001:0003aaa0       _mbedtls_asn1_write_tag    0043baa0 f   mbedcrypto:asn1write.c.obj
 0001:0003ab00       _mbedtls_platform_gmtime_r 0043bb00 f   mbedcrypto:platform_util.c.obj
 0001:0003ab50       _mbedtls_rsa_deduce_crt    0043bb50 f   mbedcrypto:rsa_internal.c.obj
 0001:0003ac40       _mbedtls_rsa_deduce_primes 0043bc40 f   mbedcrypto:rsa_internal.c.obj
 0001:0003b0d0       _mbedtls_rsa_deduce_private_exponent 0043c0d0 f   mbedcrypto:rsa_internal.c.obj
 0001:0003b250       _mbedtls_rsa_validate_crt  0043c250 f   mbedcrypto:rsa_internal.c.obj
 0001:0003b4b0       _mbedtls_rsa_validate_params 0043c4b0 f   mbedcrypto:rsa_internal.c.obj
 0001:0003b800       _mbedtls_ct_base64_dec_value 0043c800 f   mbedcrypto:constant_time.c.obj
 0001:0003b9f0       _mbedtls_ct_memcmp         0043c9f0 f   mbedcrypto:constant_time.c.obj
 0001:0003ba60       _mbedtls_ct_mpi_uint_cond_assign 0043ca60 f   mbedcrypto:constant_time.c.obj
 0001:0003bac0       _mbedtls_ct_mpi_uint_lt    0043cac0 f   mbedcrypto:constant_time.c.obj
 0001:0003bb00       _mbedtls_ct_mpi_uint_mask  0043cb00 f   mbedcrypto:constant_time.c.obj
 0001:0003bb00       _mbedtls_ct_uint_mask      0043cb00 f   mbedcrypto:constant_time.c.obj
 0001:0003bb20       _mbedtls_ct_rsaes_pkcs1_v15_unpadding 0043cb20 f   mbedcrypto:constant_time.c.obj
 0001:0003bdc0       _mbedtls_ct_size_bool_eq   0043cdc0 f   mbedcrypto:constant_time.c.obj
 0001:0003be40       _mbedtls_ct_uint_if        0043ce40 f   mbedcrypto:constant_time.c.obj
 0001:0003be70       _mbedtls_mpi_lt_mpi_ct     0043ce70 f   mbedcrypto:constant_time.c.obj
 0001:0003bf90       _mbedtls_mpi_safe_cond_assign 0043cf90 f   mbedcrypto:constant_time.c.obj
 0001:0003c060       _mbedtls_mpi_safe_cond_swap 0043d060 f   mbedcrypto:constant_time.c.obj
 0001:0003eda0       _mbedtls_ecp_check_privkey 0043fda0 f   mbedcrypto:ecp.c.obj
 0001:0003ee80       _mbedtls_ecp_check_pub_priv 0043fe80 f   mbedcrypto:ecp.c.obj
 0001:0003eff0       _mbedtls_ecp_check_pubkey  0043fff0 f   mbedcrypto:ecp.c.obj
 0001:0003f070       _mbedtls_ecp_copy          00440070 f   mbedcrypto:ecp.c.obj
 0001:0003f100       _mbedtls_ecp_gen_privkey   00440100 f   mbedcrypto:ecp.c.obj
 0001:0003f2c0       _mbedtls_ecp_get_type      004402c0 f   mbedcrypto:ecp.c.obj
 0001:0003f2f0       _mbedtls_ecp_group_copy    004402f0 f   mbedcrypto:ecp.c.obj
 0001:0003f310       _mbedtls_ecp_group_free    00440310 f   mbedcrypto:ecp.c.obj
 0001:0003f3d0       _mbedtls_ecp_group_init    004403d0 f   mbedcrypto:ecp.c.obj
 0001:0003f490       _mbedtls_ecp_is_zero       00440490 f   mbedcrypto:ecp.c.obj
 0001:0003f4d0       _mbedtls_ecp_keypair_free  004404d0 f   mbedcrypto:ecp.c.obj
 0001:0003f510       _mbedtls_ecp_keypair_init  00440510 f   mbedcrypto:ecp.c.obj
 0001:0003f550       _mbedtls_ecp_mul           00440550 f   mbedcrypto:ecp.c.obj
 0001:0003f590       _mbedtls_ecp_mul_restartable 00440590 f   mbedcrypto:ecp.c.obj
 0001:0003f7c0       _mbedtls_ecp_muladd_restartable 004407c0 f   mbedcrypto:ecp.c.obj
 0001:0003f8d0       _mbedtls_ecp_point_free    004408d0 f   mbedcrypto:ecp.c.obj
 0001:0003f910       _mbedtls_ecp_point_init    00440910 f   mbedcrypto:ecp.c.obj
 0001:0003f950       _mbedtls_ecp_point_read_binary 00440950 f   mbedcrypto:ecp.c.obj
 0001:0003fb40       _mbedtls_ecp_set_zero      00440b40 f   mbedcrypto:ecp.c.obj
 0001:00042170       _mbedtls_ecp_group_load    00443170 f   mbedcrypto:ecp_curves.c.obj
 0001:000428e0       _mbedtls_internal_sha256_process 004438e0 f   mbedcrypto:sha256.c.obj
 0001:00044c00       _mbedtls_sha256_clone      00445c00 f   mbedcrypto:sha256.c.obj
 0001:00044c20       _mbedtls_sha256_finish_ret 00445c20 f   mbedcrypto:sha256.c.obj
 0001:000452b0       _mbedtls_sha256_free       004462b0 f   mbedcrypto:sha256.c.obj
 0001:000452d0       _mbedtls_sha256_init       004462d0 f   mbedcrypto:sha256.c.obj
 0001:000452f0       _mbedtls_sha256_ret        004462f0 f   mbedcrypto:sha256.c.obj
 0001:00045390       _mbedtls_sha256_starts_ret 00446390 f   mbedcrypto:sha256.c.obj
 0001:00045510       _mbedtls_sha256_update_ret 00446510 f   mbedcrypto:sha256.c.obj
 0001:00045690       _mbedtls_internal_sha512_process 00446690 f   mbedcrypto:sha512.c.obj
 0001:00047300       _mbedtls_sha512_clone      00448300 f   mbedcrypto:sha512.c.obj
 0001:00047320       _mbedtls_sha512_finish_ret 00448320 f   mbedcrypto:sha512.c.obj
 0001:00048160       _mbedtls_sha512_free       00449160 f   mbedcrypto:sha512.c.obj
 0001:00048180       _mbedtls_sha512_init       00449180 f   mbedcrypto:sha512.c.obj
 0001:000481a0       _mbedtls_sha512_ret        004491a0 f   mbedcrypto:sha512.c.obj
 0001:00048260       _mbedtls_sha512_starts_ret 00449260 f   mbedcrypto:sha512.c.obj
 0001:00048480       _mbedtls_sha512_update_ret 00449480 f   mbedcrypto:sha512.c.obj
 0001:00048620       _mbedtls_base64_decode     00449620 f   mbedcrypto:base64.c.obj
 0001:00048ab0       _mbedtls_hmac_drbg_free    00449ab0 f   mbedcrypto:hmac_drbg.c.obj
 0001:00048af0       _mbedtls_hmac_drbg_init    00449af0 f   mbedcrypto:hmac_drbg.c.obj
 0001:00048b10       _mbedtls_hmac_drbg_random  00449b10 f   mbedcrypto:hmac_drbg.c.obj
 0001:00048b50       _mbedtls_hmac_drbg_random_with_add 00449b50 f   mbedcrypto:hmac_drbg.c.obj
 0001:00048d10       _mbedtls_hmac_drbg_reseed  00449d10 f   mbedcrypto:hmac_drbg.c.obj
 0001:00048d30       _mbedtls_hmac_drbg_seed_buf 00449d30 f   mbedcrypto:hmac_drbg.c.obj
 0001:00048de0       _mbedtls_hmac_drbg_update_ret 00449de0 f   mbedcrypto:hmac_drbg.c.obj
 0001:00048f95       _inet_ntop@16              00449f95 f   ws2_32:WS2_32.dll
 0001:00048fa0       @__security_check_cookie@4 00449fa0 f   MSVCRTD:secchk.obj
 0001:00048fb0       __alloca_probe             00449fb0 f   MSVCRTD:chkstk.obj
 0001:00048fb0       __chkstk                   00449fb0 f   MSVCRTD:chkstk.obj
 0001:00048fe0       ___raise_securityfailure   00449fe0 f   MSVCRTD:gs_report.obj
 0001:00049010       ___report_gsfailure        0044a010 f   MSVCRTD:gs_report.obj
 0001:00049120       ___report_rangecheckfailure 0044a120 f   MSVCRTD:gs_report.obj
 0001:00049130       ___report_securityfailure  0044a130 f   MSVCRTD:gs_report.obj
 0001:00049520       ?configure_argv@__scrt_narrow_argv_policy@@SAHXZ 0044a520 f i MSVCRTD:exe_main.obj
 0001:00049540       ?initialize_environment@__scrt_narrow_environment_policy@@SAHXZ 0044a540 f i MSVCRTD:exe_main.obj
 0001:00049590       ?set_app_type@__scrt_main_policy@@SAXXZ 0044a590 f i MSVCRTD:exe_main.obj
 0001:000495a0       ?set_commode@__scrt_file_policy@@SAXXZ 0044a5a0 f i MSVCRTD:exe_main.obj
 0001:000495c0       ?set_fmode@__scrt_file_policy@@SAXXZ 0044a5c0 f i MSVCRTD:exe_main.obj
 0001:000495e0       _mainCRTStartup            0044a5e0 f   MSVCRTD:exe_main.obj
 0001:000495f0       __allshl                   0044a5f0 f   MSVCRTD:llshl.obj
 0001:00049610       __aullshr                  0044a610 f   MSVCRTD:ullshr.obj
 0001:00049630       __aulldiv                  0044a630 f   MSVCRTD:ulldiv.obj
 0001:000496a0       __allmul                   0044a6a0 f   MSVCRTD:llmul.obj
 0001:000497e0       _NtCurrentTeb              0044a7e0 f i MSVCRTD:utility.obj
 0001:000497f0       ___scrt_acquire_startup_lock 0044a7f0 f   MSVCRTD:utility.obj
 0001:00049840       ___scrt_initialize_crt     0044a840 f   MSVCRTD:utility.obj
 0001:00049890       ___scrt_initialize_onexit_tables 0044a890 f   MSVCRTD:utility.obj
 0001:00049970       ___scrt_is_nonwritable_in_current_image 0044a970 f   MSVCRTD:utility.obj
 0001:00049aa0       ___scrt_release_startup_lock 0044aaa0 f   MSVCRTD:utility.obj
 0001:00049ad0       ___scrt_uninitialize_crt   0044aad0 f   MSVCRTD:utility.obj
 0001:00049b10       __onexit                   0044ab10 f   MSVCRTD:utility.obj
 0001:00049b80       _atexit                    0044ab80 f   MSVCRTD:utility.obj
 0001:00049c20       ___security_init_cookie    0044ac20 f   MSVCRTD:gs_support.obj
 0001:00049ca0       __get_startup_argv_mode    0044aca0 f   MSVCRTD:argv_mode.obj
 0001:00049cb0       __get_startup_file_mode    0044acb0 f   MSVCRTD:file_mode.obj
 0001:00049cc0       ?__scrt_initialize_type_info@@YAXXZ 0044acc0 f   MSVCRTD:tncleanup.obj
 0001:00049cd0       ___acrt_initialize         0044acd0 f   MSVCRTD:ucrt_stubs.obj
 0001:00049cd0       ___acrt_uninitialize       0044acd0 f   MSVCRTD:ucrt_stubs.obj
 0001:00049cd0       ___scrt_stub_for_acrt_initialize 0044acd0 f   MSVCRTD:ucrt_stubs.obj
 0001:00049cd0       ___scrt_stub_for_acrt_uninitialize 0044acd0 f   MSVCRTD:ucrt_stubs.obj
 0001:00049cd0       ___vcrt_initialize         0044acd0 f   MSVCRTD:ucrt_stubs.obj
 0001:00049cd0       ___vcrt_uninitialize       0044acd0 f   MSVCRTD:ucrt_stubs.obj
 0001:00049cd0       __should_initialize_environment 0044acd0 f   MSVCRTD:env_mode.obj
 0001:00049ce0       __initialize_default_precision 0044ace0 f   MSVCRTD:default_precision.obj
 0001:00049d10       __initialize_denormal_control 0044ad10 f   MSVCRTD:denormal_control.obj
 0001:00049d10       __initialize_invalid_parameter_handler 0044ad10 f   MSVCRTD:invalid_parameter_handler.obj
 0001:00049d10       _libspdm_ecd_free          0044ad10 f   cryptlib_mbedtls:ecd.c.obj
 0001:00049d10       _libspdm_sha3_256_free     0044ad10 f   cryptlib_mbedtls:sha3.c.obj
 0001:00049d10       _libspdm_sha3_384_free     0044ad10 f   cryptlib_mbedtls:sha3.c.obj
 0001:00049d10       _libspdm_sha3_512_free     0044ad10 f   cryptlib_mbedtls:sha3.c.obj
 0001:00049d10       _libspdm_sm2_dsa_free      0044ad10 f   cryptlib_mbedtls:sm2.c.obj
 0001:00049d10       _libspdm_sm2_key_exchange_free 0044ad10 f   cryptlib_mbedtls:sm2.c.obj
 0001:00049d10       _libspdm_sm3_256_free      0044ad10 f   cryptlib_mbedtls:sm3.c.obj
 0001:00049d20       ___local_stdio_scanf_options 0044ad20 f i MSVCRTD:default_local_stdio_options.obj
 0001:00049d30       ___scrt_initialize_default_local_stdio_options 0044ad30 f   MSVCRTD:default_local_stdio_options.obj
 0001:00049d70       ___scrt_is_user_matherr_present 0044ad70 f   MSVCRTD:matherr_detection.obj
 0001:00049da0       ___scrt_get_dyn_tls_init_callback 0044ada0 f   MSVCRTD:dyn_tls_init.obj
 0001:00049db0       ___scrt_get_dyn_tls_dtor_callback 0044adb0 f   MSVCRTD:dyn_tls_dtor.obj
 0001:00049dc0       ___scrt_fastfail           0044adc0 f   MSVCRTD:utility_desktop.obj
 0001:00049f00       ___scrt_initialize_mta     0044af00 f   MSVCRTD:utility_desktop.obj
 0001:00049f10       ___scrt_is_managed_app     0044af10 f   MSVCRTD:utility_desktop.obj
 0001:00049fa0       ___scrt_set_unhandled_exception_filter 0044afa0 f   MSVCRTD:utility_desktop.obj
 0001:00049fb0       ___scrt_unhandled_exception_filter@4 0044afb0 f   MSVCRTD:utility_desktop.obj
 0001:0004a030       __crt_debugger_hook        0044b030 f   MSVCRTD:utility_desktop.obj
 0001:0004a040       __RTC_Initialize           0044b040 f   MSVCRTD:initsect.obj
 0001:0004a070       __RTC_Terminate            0044b070 f   MSVCRTD:initsect.obj
 0001:0004a0a0       __except_handler4          0044b0a0 f   MSVCRTD:chandler4gs.obj
 0001:0004a0e0       @_guard_check_icall_nop@4  0044b0e0 f i MSVCRTD:guard_support.obj
 0001:0004a0f0       ___isa_available_init      0044b0f0 f   MSVCRTD:cpu_disp.obj
 0001:0004a430       ___scrt_is_ucrt_dll_in_use 0044b430 f   MSVCRTD:ucrt_detection.obj
 0001:0004a454       _memset                    0044b454 f   vcruntimed:VCRUNTIME140D.dll
 0001:0004a45a       _memcmp                    0044b45a f   vcruntimed:VCRUNTIME140D.dll
 0001:0004a460       _memmove                   0044b460 f   vcruntimed:VCRUNTIME140D.dll
 0001:0004a466       _memcpy                    0044b466 f   vcruntimed:VCRUNTIME140D.dll
 0001:0004a46c       _strstr                    0044b46c f   vcruntimed:VCRUNTIME140D.dll
 0001:0004a472       ___current_exception       0044b472 f   vcruntimed:VCRUNTIME140D.dll
 0001:0004a478       ___current_exception_context 0044b478 f   vcruntimed:VCRUNTIME140D.dll
 0001:0004a47e       __except_handler4_common   0044b47e f   vcruntimed:VCRUNTIME140D.dll
 0001:0004a484       _free                      0044b484 f   ucrtd:ucrtbased.dll
 0001:0004a48a       _malloc                    0044b48a f   ucrtd:ucrtbased.dll
 0001:0004a490       ___acrt_iob_func           0044b490 f   ucrtd:ucrtbased.dll
 0001:0004a496       ___stdio_common_vfprintf   0044b496 f   ucrtd:ucrtbased.dll
 0001:0004a49c       _strlen                    0044b49c f   ucrtd:ucrtbased.dll
 0001:0004a4a2       _srand                     0044b4a2 f   ucrtd:ucrtbased.dll
 0001:0004a4a8       __time64                   0044b4a8 f   ucrtd:ucrtbased.dll
 0001:0004a4ae       _strcmp                    0044b4ae f   ucrtd:ucrtbased.dll
 0001:0004a4b4       _strcpy                    0044b4b4 f   ucrtd:ucrtbased.dll
 0001:0004a4ba       _strtok                    0044b4ba f   ucrtd:ucrtbased.dll
 0001:0004a4c0       _exit                      0044b4c0 f   ucrtd:ucrtbased.dll
 0001:0004a4c6       _fclose                    0044b4c6 f   ucrtd:ucrtbased.dll
 0001:0004a4cc       _fopen                     0044b4cc f   ucrtd:ucrtbased.dll
 0001:0004a4d2       _fwrite                    0044b4d2 f   ucrtd:ucrtbased.dll
 0001:0004a4d8       _fread                     0044b4d8 f   ucrtd:ucrtbased.dll
 0001:0004a4de       _fseek                     0044b4de f   ucrtd:ucrtbased.dll
 0001:0004a4e4       _ftell                     0044b4e4 f   ucrtd:ucrtbased.dll
 0001:0004a4ea       ___stdio_common_vsprintf   0044b4ea f   ucrtd:ucrtbased.dll
 0001:0004a4f0       __wassert                  0044b4f0 f   ucrtd:ucrtbased.dll
 0001:0004a4f6       __gmtime64                 0044b4f6 f   ucrtd:ucrtbased.dll
 0001:0004a4fc       __seh_filter_exe           0044b4fc f   ucrtd:ucrtbased.dll
 0001:0004a502       __set_app_type             0044b502 f   ucrtd:ucrtbased.dll
 0001:0004a508       ___setusermatherr          0044b508 f   ucrtd:ucrtbased.dll
 0001:0004a50e       __configure_narrow_argv    0044b50e f   ucrtd:ucrtbased.dll
 0001:0004a514       __initialize_narrow_environment 0044b514 f   ucrtd:ucrtbased.dll
 0001:0004a51a       __get_initial_narrow_environment 0044b51a f   ucrtd:ucrtbased.dll
 0001:0004a520       __initterm                 0044b520 f   ucrtd:ucrtbased.dll
 0001:0004a526       __initterm_e               0044b526 f   ucrtd:ucrtbased.dll
 0001:0004a52c       __exit                     0044b52c f   ucrtd:ucrtbased.dll
[...]
 0001:0003dcd0       _ecp_mul_comb_core         0043ecd0 f   mbedcrypto:ecp.c.obj
 0001:0003de20       _ecp_mul_mxz               0043ee20 f   mbedcrypto:ecp.c.obj
 0001:0003e170       _ecp_normalize_jac         0043f170 f   mbedcrypto:ecp.c.obj
 0001:0003e2d0       _ecp_normalize_jac_many    0043f2d0 f   mbedcrypto:ecp.c.obj
 0001:0003e690       _ecp_normalize_mxz         0043f690 f   mbedcrypto:ecp.c.obj
 0001:0003e720       _ecp_pick_window_size      0043f720 f   mbedcrypto:ecp.c.obj
 0001:0003e780       _ecp_precompute_comb       0043f780 f   mbedcrypto:ecp.c.obj
 0001:0003e9d0       _ecp_randomize_jac         0043f9d0 f   mbedcrypto:ecp.c.obj
 0001:0003eb30       _ecp_randomize_mxz         0043fb30 f   mbedcrypto:ecp.c.obj
 0001:0003ebf0       _ecp_safe_invert_jac       0043fbf0 f   mbedcrypto:ecp.c.obj
 0001:0003eca0       _ecp_select_comb           0043fca0 f   mbedcrypto:ecp.c.obj
 0001:0003f180       _mbedtls_ecp_gen_privkey_mx 00440180 f   mbedcrypto:ecp.c.obj
 0001:0003f280       _mbedtls_ecp_gen_privkey_sw 00440280 f   mbedcrypto:ecp.c.obj
 0001:0003f690       _mbedtls_ecp_mul_shortcuts 00440690 f   mbedcrypto:ecp.c.obj
 0001:0003fbc0       _mbedtls_mpi_add_mod       00440bc0 f   mbedcrypto:ecp.c.obj
 0001:0003fc40       _mbedtls_mpi_mul_mod       00440c40 f   mbedcrypto:ecp.c.obj
 0001:0003fcb0       _mbedtls_mpi_shift_l_mod   00440cb0 f   mbedcrypto:ecp.c.obj
 0001:0003fd20       _mbedtls_mpi_sub_mod       00440d20 f   mbedcrypto:ecp.c.obj
 0001:0003fda0       _add32                     00440da0 f   mbedcrypto:ecp_curves.c.obj
 0001:0003fde0       _ecp_group_load            00440de0 f   mbedcrypto:ecp_curves.c.obj
 0001:0003fec0       _ecp_mod_p255              00440ec0 f   mbedcrypto:ecp_curves.c.obj
 0001:00040010       _ecp_mod_p256              00441010 f   mbedcrypto:ecp_curves.c.obj
 0001:00040b20       _ecp_mod_p384              00441b20 f   mbedcrypto:ecp_curves.c.obj
 0001:00041940       _ecp_mod_p448              00442940 f   mbedcrypto:ecp_curves.c.obj
 0001:00041b90       _ecp_mod_p521              00442b90 f   mbedcrypto:ecp_curves.c.obj
 0001:00041cb0       _ecp_mpi_load              00442cb0 f   mbedcrypto:ecp_curves.c.obj
 0001:00041ce0       _ecp_mpi_set1              00442ce0 f   mbedcrypto:ecp_curves.c.obj
 0001:00041d10       _ecp_use_curve25519        00442d10 f   mbedcrypto:ecp_curves.c.obj
 0001:00041e90       _ecp_use_curve448          00442e90 f   mbedcrypto:ecp_curves.c.obj
 0001:000420a0       _mbedtls_ecp_fix_negative  004430a0 f   mbedcrypto:ecp_curves.c.obj
 0001:000422c4       $LN15                      004432c4     mbedcrypto:ecp_curves.c.obj
 0001:000422dc       $LN14                      004432dc     mbedcrypto:ecp_curves.c.obj
 0001:000422f0       _sub32                     004432f0 f   mbedcrypto:ecp_curves.c.obj
 0001:00042330       _rsa_can_do                00443330 f   mbedcrypto:pk_wrap.c.obj
 0001:00042360       _rsa_get_bitlen            00443360 f   mbedcrypto:pk_wrap.c.obj
 0001:00042380       _rsa_verify_wrap           00443380 f   mbedcrypto:pk_wrap.c.obj
 0001:00042400       _rsa_sign_wrap             00443400 f   mbedcrypto:pk_wrap.c.obj
 0001:00042450       _rsa_decrypt_wrap          00443450 f   mbedcrypto:pk_wrap.c.obj
 0001:000424a0       _rsa_encrypt_wrap          004434a0 f   mbedcrypto:pk_wrap.c.obj
 0001:00042500       _rsa_check_pair_wrap       00443500 f   mbedcrypto:pk_wrap.c.obj
 0001:00042520       _rsa_alloc_wrap            00443520 f   mbedcrypto:pk_wrap.c.obj
 0001:00042560       _rsa_free_wrap             00443560 f   mbedcrypto:pk_wrap.c.obj
 0001:00042580       _rsa_debug                 00443580 f   mbedcrypto:pk_wrap.c.obj
 0001:000425d0       _eckey_can_do              004435d0 f   mbedcrypto:pk_wrap.c.obj
 0001:00042600       _eckey_get_bitlen          00443600 f   mbedcrypto:pk_wrap.c.obj
 0001:00042610       _ecdsa_verify_wrap         00443610 f   mbedcrypto:pk_wrap.c.obj
 0001:00042660       _ecdsa_sign_wrap           00443660 f   mbedcrypto:pk_wrap.c.obj
 0001:00042690       _eckey_verify_wrap         00443690 f   mbedcrypto:pk_wrap.c.obj
 0001:00042710       _eckey_sign_wrap           00443710 f   mbedcrypto:pk_wrap.c.obj
 0001:00042790       _eckey_check_pair          00443790 f   mbedcrypto:pk_wrap.c.obj
 0001:000427b0       _eckey_alloc_wrap          004437b0 f   mbedcrypto:pk_wrap.c.obj
 0001:000427e0       _eckey_free_wrap           004437e0 f   mbedcrypto:pk_wrap.c.obj
 0001:00042800       _eckey_debug               00443800 f   mbedcrypto:pk_wrap.c.obj
 0001:00042830       _eckeydh_can_do            00443830 f   mbedcrypto:pk_wrap.c.obj
 0001:00042860       _ecdsa_can_do              00443860 f   mbedcrypto:pk_wrap.c.obj
 0001:00042890       _ecdsa_alloc_wrap          00443890 f   mbedcrypto:pk_wrap.c.obj
 0001:000428c0       _ecdsa_free_wrap           004438c0 f   mbedcrypto:pk_wrap.c.obj
 0001:000488e0       _hmac_drbg_reseed_core     004498e0 f   mbedcrypto:hmac_drbg.c.obj
 0001:00048fb0       $$000000                   00449fb0     MSVCRTD:chkstk.obj
 0001:00048fc4       cs10                       00449fc4     MSVCRTD:chkstk.obj
 0001:00048fd2       cs20                       00449fd2     MSVCRTD:chkstk.obj
 0001:00049210       ?pre_c_initialization@@YAHXZ 0044a210 f   MSVCRTD:exe_main.obj
 0001:000492c0       ?post_pgo_initialization@@YAHXZ 0044a2c0 f   MSVCRTD:exe_main.obj
 0001:000492d0       ?pre_cpp_initialization@@YAXXZ 0044a2d0 f   MSVCRTD:exe_main.obj
 0001:000492f0       ?__scrt_common_main@@YAHXZ 0044a2f0 f   MSVCRTD:exe_main.obj
 0001:00049300       ?__scrt_common_main_seh@@YAHXZ 0044a300 f   MSVCRTD:exe_main.obj
 0001:00049550       ?invoke_main@@YAHXZ        0044a550 f   MSVCRTD:exe_main.obj
 0001:000495f0       $$000000                   0044a5f0     MSVCRTD:llshl.obj
 0001:00049600       MORE32                     0044a600     MSVCRTD:llshl.obj
 0001:0004960a       RETZERO                    0044a60a     MSVCRTD:llshl.obj
 0001:00049610       $$000000                   0044a610     MSVCRTD:ullshr.obj
 0001:00049620       MORE32                     0044a620     MSVCRTD:ullshr.obj
 0001:0004962a       RETZERO                    0044a62a     MSVCRTD:ullshr.obj
 0001:00049630       $$000000                   0044a630     MSVCRTD:ulldiv.obj
 0001:00049652       L1                         0044a652     MSVCRTD:ulldiv.obj
 0001:00049660       L3                         0044a660     MSVCRTD:ulldiv.obj
 0001:0004968e       L4                         0044a68e     MSVCRTD:ulldiv.obj
 0001:0004968f       L5                         0044a68f     MSVCRTD:ulldiv.obj
 0001:00049693       L2                         0044a693     MSVCRTD:ulldiv.obj
 0001:000496a0       $$000000                   0044a6a0     MSVCRTD:llmul.obj
 0001:000496b9       hard                       0044a6b9     MSVCRTD:llmul.obj
 0001:000496e0       ?find_pe_section@@YAPAU_IMAGE_SECTION_HEADER@@QAEI@Z 0044a6e0 f   MSVCRTD:utility.obj
 0001:00049770       ?is_potentially_valid_image_base@@YA_NQAX@Z 0044a770 f   MSVCRTD:utility.obj
 0001:00049bb0       ___get_entropy             0044abb0 f   MSVCRTD:gs_support.obj
 0001:0004c3e8       $LN18                      0044d3e8     spdm_crypt_lib:libspdm_crypt_hmac.c.obj
 0001:0004c408       $LN17                      0044d408     spdm_crypt_lib:libspdm_crypt_hmac.c.obj
 0001:0004c5a0       $LN18                      0044d5a0     spdm_crypt_lib:libspdm_crypt_hkdf.c.obj
 0001:0004c5c0       $LN17                      0044d5c0     spdm_crypt_lib:libspdm_crypt_hkdf.c.obj
 0001:0004c750       $LN18                      0044d750     spdm_crypt_lib:libspdm_crypt_hkdf.c.obj
 0001:0004c770       $LN17                      0044d770     spdm_crypt_lib:libspdm_crypt_hkdf.c.obj
 0001:0004c8a4       $LN25                      0044d8a4     spdm_crypt_ext_lib:spdm_crypt_ext.c.obj
 0001:0004c8b0       $LN24                      0044d8b0     spdm_crypt_ext_lib:spdm_crypt_ext.c.obj
 0001:0004c8d0       _libspdm_get_req_asym_get_private_key_from_pem 0044d8d0 f   spdm_crypt_ext_lib:spdm_crypt_ext.c.obj
 0001:0004c930       _generate_iv               0044d930 f   spdm_secured_message_lib:libspdm_secmes_encode_decode.c.obj
 0001:0004ca34       $LN15                      0044da34     spdm_secured_message_lib:libspdm_secmes_encode_decode.c.obj
 0001:0004ca50       _is_sequence_number_endian_determined 0044da50 f   spdm_secured_message_lib:libspdm_secmes_encode_decode.c.obj
 0001:0004db50       _libspdm_le_to_be_64       0044eb50 f   spdm_secured_message_lib:libspdm_secmes_encode_decode.c.obj
 0001:0004dc30       _swap_endian               0044ec30 f   spdm_secured_message_lib:libspdm_secmes_encode_decode.c.obj
 0001:0004dfe0       _dhm_check_range           0044efe0 f   mbedcrypto:dhm.c.obj
 0001:0004e060       _dhm_make_common           0044f060 f   mbedcrypto:dhm.c.obj
 0001:0004e180       _dhm_random_below          0044f180 f   mbedcrypto:dhm.c.obj
 0001:0004e1e0       _dhm_update_blinding       0044f1e0 f   mbedcrypto:dhm.c.obj
 0001:0004e920       _gcm_gen_table             0044f920 f   mbedcrypto:gcm.c.obj
 0001:0004ecd0       _gcm_mult                  0044fcd0 f   mbedcrypto:gcm.c.obj
 0001:0004fd40       _chachapoly_crypt_and_tag  00450d40 f   mbedcrypto:chachapoly.c.obj
 0001:0004fdd0       _chachapoly_pad_aad        00450dd0 f   mbedcrypto:chachapoly.c.obj
 0001:0004fe50       _chachapoly_pad_ciphertext 00450e50 f   mbedcrypto:chachapoly.c.obj
 0001:00050710       _mbedtls_cipher_get_block_size 00451710 f   mbedcrypto:cipher.c.obj
 0001:00050ff0       _mul64                     00451ff0 f   mbedcrypto:poly1305.c.obj
 0001:00051000       _poly1305_compute_mac      00452000 f   mbedcrypto:poly1305.c.obj
 0001:00051390       _poly1305_process          00452390 f   mbedcrypto:poly1305.c.obj
 0001:00051960       _chacha20_block            00452960 f   mbedcrypto:chacha20.c.obj
 0001:00051ca0       _chacha20_inner_block      00452ca0 f   mbedcrypto:chacha20.c.obj
 0001:00051d50       _chacha20_quarter_round    00452d50 f   mbedcrypto:chacha20.c.obj
 0001:00052640       _gcm_ctx_alloc             00453640 f   mbedcrypto:cipher_wrap.c.obj
 0001:00052670       _gcm_ctx_free              00453670 f   mbedcrypto:cipher_wrap.c.obj
 0001:00052690       _aes_crypt_ecb_wrap        00453690 f   mbedcrypto:cipher_wrap.c.obj
 0001:000526b0       _aes_setkey_dec_wrap       004536b0 f   mbedcrypto:cipher_wrap.c.obj
 0001:000526d0       _aes_setkey_enc_wrap       004536d0 f   mbedcrypto:cipher_wrap.c.obj
 0001:000526f0       _aes_ctx_alloc             004536f0 f   mbedcrypto:cipher_wrap.c.obj
 0001:00052730       _aes_ctx_free              00453730 f   mbedcrypto:cipher_wrap.c.obj
 0001:00052750       _gcm_aes_setkey_wrap       00453750 f   mbedcrypto:cipher_wrap.c.obj
 0001:00052770       _chacha20_setkey_wrap      00453770 f   mbedcrypto:cipher_wrap.c.obj
 0001:000527b0       _chacha20_stream_wrap      004537b0 f   mbedcrypto:cipher_wrap.c.obj
 0001:000527f0       _chacha20_ctx_alloc        004537f0 f   mbedcrypto:cipher_wrap.c.obj
 0001:00052830       _chacha20_ctx_free         00453830 f   mbedcrypto:cipher_wrap.c.obj
 0001:00052850       _chachapoly_setkey_wrap    00453850 f   mbedcrypto:cipher_wrap.c.obj
 0001:00052890       _chachapoly_ctx_alloc      00453890 f   mbedcrypto:cipher_wrap.c.obj
 0001:000528d0       _chachapoly_ctx_free       004538d0 f   mbedcrypto:cipher_wrap.c.obj
 0001:000528f0       _aes_gen_tables            004538f0 f   mbedcrypto:aes.c.obj
 0001:00055580       $$000000                   00456580     MSVCRTD:ullrem.obj
 0001:000555a1       L1                         004565a1     MSVCRTD:ullrem.obj
 0001:000555af       L3                         004565af     MSVCRTD:ullrem.obj
 0001:000555da       L4                         004565da     MSVCRTD:ullrem.obj
 0001:000555e2       L5                         004565e2     MSVCRTD:ullrem.obj
 0001:000555f1       L2                         004565f1     MSVCRTD:ullrem.obj
 0001:00055a30       _ascii_str_len             00456a30 f   cryptlib_mbedtls:pem.c.obj
 0002:00000198       ?pre_cpp_initializer@@3P6AXXZA 00458198     MSVCRTD:exe_main.obj
 0002:000001a4       ?pre_c_initializer@@3P6AHXZA 004581a4     MSVCRTD:exe_main.obj
 0002:000001a8       ?post_pgo_initializer@@3P6AHXZA 004581a8     MSVCRTD:exe_main.obj
 0002:000086ec       _m_libspdm_oid_ext_key_usage 004606ec     cryptlib_mbedtls:x509.c.obj
 0002:000086f0       _m_libspdm_oid_basic_constraints 004606f0     cryptlib_mbedtls:x509.c.obj
 0002:00008c20       _m_libspdm_signing_context_str_table 00460c20     spdm_crypt_lib:libspdm_crypt_asym.c.obj
 0002:0000aac0       _small_prime               00462ac0     mbedcrypto:bignum.c.obj
 0002:0000ad80       _supported_digests         00462d80     mbedcrypto:md.c.obj
 0002:0000af78       _oid_x509_ext              00462f78     mbedcrypto:oid.c.obj
 0002:0000b118       _oid_sig_alg               00463118     mbedcrypto:oid.c.obj
 0002:0000b3d0       _oid_pk_alg                004633d0     mbedcrypto:oid.c.obj
 0002:0000b488       _oid_ecp_grp               00463488     mbedcrypto:oid.c.obj
 0002:0000b518       _oid_md_alg                00463518     mbedcrypto:oid.c.obj
 0002:0000b690       _x25519_bad_point_1        00463690     mbedcrypto:ecp.c.obj
 0002:0000b6b0       _x25519_bad_point_2        004636b0     mbedcrypto:ecp.c.obj
 0002:0000b6d0       _ecp_x25519_bad_point_1    004636d0     mbedcrypto:ecp.c.obj
 0002:0000b6dc       _ecp_x25519_bad_point_2    004636dc     mbedcrypto:ecp.c.obj
 0002:0000b6e8       _secp256r1_p               004636e8     mbedcrypto:ecp_curves.c.obj
 0002:0000b708       _secp256r1_b               00463708     mbedcrypto:ecp_curves.c.obj
 0002:0000b728       _secp256r1_gx              00463728     mbedcrypto:ecp_curves.c.obj
 0002:0000b748       _secp256r1_gy              00463748     mbedcrypto:ecp_curves.c.obj
 0002:0000b768       _secp256r1_n               00463768     mbedcrypto:ecp_curves.c.obj
 0002:0000b788       _secp384r1_p               00463788     mbedcrypto:ecp_curves.c.obj
 0002:0000b7b8       _secp384r1_b               004637b8     mbedcrypto:ecp_curves.c.obj
 0002:0000b7e8       _secp384r1_gx              004637e8     mbedcrypto:ecp_curves.c.obj
 0002:0000b818       _secp384r1_gy              00463818     mbedcrypto:ecp_curves.c.obj
 0002:0000b848       _secp384r1_n               00463848     mbedcrypto:ecp_curves.c.obj
 0002:0000b878       _secp521r1_p               00463878     mbedcrypto:ecp_curves.c.obj
 0002:0000b8c0       _secp521r1_b               004638c0     mbedcrypto:ecp_curves.c.obj
 0002:0000b908       _secp521r1_gx              00463908     mbedcrypto:ecp_curves.c.obj
 0002:0000b950       _secp521r1_gy              00463950     mbedcrypto:ecp_curves.c.obj
 0002:0000b998       _secp521r1_n               00463998     mbedcrypto:ecp_curves.c.obj
 0002:0000b9dc       _curve25519_a24            004639dc     mbedcrypto:ecp_curves.c.obj
 0002:0000b9e0       _curve25519_part_of_n      004639e0     mbedcrypto:ecp_curves.c.obj
 0002:0000b9f0       _curve448_a24              004639f0     mbedcrypto:ecp_curves.c.obj
 0002:0000b9f4       _curve448_part_of_n        004639f4     mbedcrypto:ecp_curves.c.obj
 0002:0000bb00       _K                         00463b00     mbedcrypto:sha256.c.obj
 0002:0000bc00       _K                         00463c00     mbedcrypto:sha512.c.obj
 0002:0000be80       _GS_ExceptionPointers      00463e80     MSVCRTD:gs_report.obj
 0002:0000c050       _m_ffehde2048_p            00464050     cryptlib_mbedtls:dh.c.obj
 0002:0000c150       _m_ffehde3072_p            00464150     cryptlib_mbedtls:dh.c.obj
 0002:0000c2d0       _m_ffehde4096_p            004642d0     cryptlib_mbedtls:dh.c.obj
 0002:0000c4d0       _m_ffehde2048_g            004644d0     cryptlib_mbedtls:dh.c.obj
 0002:0000c4d1       _m_ffehde3072_g            004644d1     cryptlib_mbedtls:dh.c.obj
 0002:0000c4d2       _m_ffehde4096_g            004644d2     cryptlib_mbedtls:dh.c.obj
 0002:0000cab8       _last4                     00464ab8     mbedcrypto:gcm.c.obj
 0002:0000cb38       _aes_info                  00464b38     mbedcrypto:cipher_wrap.c.obj
 0002:0000cb54       _aes_128_ecb_info          00464b54     mbedcrypto:cipher_wrap.c.obj
 0002:0000cb80       _aes_192_ecb_info          00464b80     mbedcrypto:cipher_wrap.c.obj
 0002:0000cbac       _aes_256_ecb_info          00464bac     mbedcrypto:cipher_wrap.c.obj
 0002:0000cbd8       _gcm_aes_info              00464bd8     mbedcrypto:cipher_wrap.c.obj
 0002:0000cbf4       _aes_128_gcm_info          00464bf4     mbedcrypto:cipher_wrap.c.obj
 0002:0000cc20       _aes_192_gcm_info          00464c20     mbedcrypto:cipher_wrap.c.obj
 0002:0000cc4c       _aes_256_gcm_info          00464c4c     mbedcrypto:cipher_wrap.c.obj
 0002:0000cc78       _chacha20_base_info        00464c78     mbedcrypto:cipher_wrap.c.obj
 0002:0000cc94       _chacha20_info             00464c94     mbedcrypto:cipher_wrap.c.obj
 0002:0000ccc0       _chachapoly_base_info      00464cc0     mbedcrypto:cipher_wrap.c.obj
 0002:0000ccdc       _chachapoly_info           00464cdc     mbedcrypto:cipher_wrap.c.obj
 0002:0000d8a0       __sehtable$?__scrt_common_main_seh@@YAHXZ 004658a0     MSVCRTD:exe_main.obj
 0002:0000d8c0       __sehtable$___scrt_is_nonwritable_in_current_image 004658c0     MSVCRTD:utility.obj
 0002:0000db84       .idata$6                   00465b84     unicorn:unicorn.dll
 0002:0000db9c       .idata$6                   00465b9c     ws2_32:WS2_32.dll
 0002:0000dbb0       .idata$6                   00465bb0     Kernel32:KERNEL32.dll
 0002:0000dc3e       .idata$6                   00465c3e     vcruntimed:VCRUNTIME140D.dll
 0002:0000def0       .idata$6                   00465ef0     ucrtd:ucrtbased.dll
 0002:0000e06a       .idata$6                   0046606a     Bcrypt:bcrypt.dll
 0003:00000528       ?code_str_struct@?1??libspdm_get_code_str@@9@9 00467528     spdm_common_lib:libspdm_com_support.c.obj
 0003:00001c74       ?one@?1??ecp_mpi_set1@@9@9 00468c74     mbedcrypto:ecp_curves.c.obj
 0003:00001d20       _add_count                 00468d20     mbedcrypto:ecp.c.obj
 0003:00001d24       _dbl_count                 00468d24     mbedcrypto:ecp.c.obj
 0003:00001d28       _mul_count                 00468d28     mbedcrypto:ecp.c.obj
 0003:00001d2c       _ecp_supported_grp_id      00468d2c     mbedcrypto:ecp.c.obj
 0003:00001d48       _GS_ExceptionRecord        00468d48     MSVCRTD:gs_report.obj
 0003:00001d98       _GS_ContextRecord          00468d98     MSVCRTD:gs_report.obj
 0003:0000206c       ?is_initialized_as_dll@@3_NA 0046906c     MSVCRTD:utility.obj
 0003:0000206d       ?module_local_atexit_table_initialized@@3_NA 0046906d     MSVCRTD:utility.obj
 0003:00002070       ?module_local_atexit_table@@3U_onexit_table_t@@A 00469070     MSVCRTD:utility.obj
 0003:0000207c       ?module_local_at_quick_exit_table@@3U_onexit_table_t@@A 0046907c     MSVCRTD:utility.obj
 0003:000020a4       _aes_init_done             004690a4     mbedcrypto:aes.c.obj
 0003:000020a8       _FSb                       004690a8     mbedcrypto:aes.c.obj
 0003:000021a8       _FT0                       004691a8     mbedcrypto:aes.c.obj
 0003:000025a8       _FT1                       004695a8     mbedcrypto:aes.c.obj
 0003:000029a8       _FT2                       004699a8     mbedcrypto:aes.c.obj
 0003:00002da8       _FT3                       00469da8     mbedcrypto:aes.c.obj
 0003:000031a8       _RSb                       0046a1a8     mbedcrypto:aes.c.obj
 0003:000032a8       _RT0                       0046a2a8     mbedcrypto:aes.c.obj
 0003:000036a8       _RT1                       0046a6a8     mbedcrypto:aes.c.obj
 0003:00003aa8       _RT2                       0046aaa8     mbedcrypto:aes.c.obj
 0003:00003ea8       _RT3                       0046aea8     mbedcrypto:aes.c.obj
 0003:000042a8       _RCON                      0046b2a8     mbedcrypto:aes.c.obj
 0004:00000060       $R000000                   0046e060     * linker generated manifest res *
