 spdm_responder_emu

 Timestamp is 66a6fe7f (Mon Jul 29 03:29:19 2024)

 Preferred load address is 00400000

 Start         Length     Name                   Class
 0001:00000000 00058804H .text$mn                CODE
 0002:00000000 00000174H .idata$5                DATA
 0002:00000174 00000008H .00cfg                  DATA
 0002:0000017c 00000004H .CRT$XCA                DATA
 0002:00000180 00000004H .CRT$XCAA               DATA
 0002:00000184 00000004H .CRT$XCZ                DATA
 0002:00000188 00000004H .CRT$XIA                DATA
 0002:0000018c 00000004H .CRT$XIAA               DATA
 0002:00000190 00000004H .CRT$XIAC               DATA
 0002:00000194 00000004H .CRT$XIZ                DATA
 0002:00000198 00000004H .CRT$XPA                DATA
 0002:0000019c 00000004H .CRT$XPZ                DATA
 0002:000001a0 00000004H .CRT$XTA                DATA
 0002:000001a4 00000004H .CRT$XTZ                DATA
 0002:000001a8 00000000H .gfids$y                DATA
 0002:000001a8 0000db58H .rdata                  DATA
 0002:0000dd00 00000000H .rdata$CastGuardVftablesA DATA
 0002:0000dd00 00000000H .rdata$CastGuardVftablesC DATA
 0002:0000dd00 00000004H .rdata$sxdata           DATA
 0002:0000dd04 0000053cH .rdata$voltmd           DATA
 0002:0000e240 00000300H .rdata$zzzdbg           DATA
 0002:0000e540 00000004H .rtc$IAA                DATA
 0002:0000e544 00000004H .rtc$IZZ                DATA
 0002:0000e548 00000004H .rtc$TAA                DATA
 0002:0000e54c 00000004H .rtc$TZZ                DATA
 0002:0000e550 0000003cH .xdata$x                DATA
 0002:0000e58c 00000000H .edata                  DATA
 0002:0000e58c 00000078H .idata$2                DATA
 0002:0000e604 00000014H .idata$3                DATA
 0002:0000e618 00000174H .idata$4                DATA
 0002:0000e78c 00000528H .idata$6                DATA
 0003:00000000 00001dc0H .data                   DATA
 0003:00001dc0 00004c78H .bss                    DATA
 0004:00000000 00000060H .rsrc$01                DATA
 0004:00000060 00000180H .rsrc$02                DATA

  Address         Publics by Value              Rva+Base       Lib:Object

 0000:00000000       ___AbsoluteZero            00000000     <absolute>
 0000:00000000       ___arm64x_extra_rfe_table  00000000     <absolute>
 0000:00000000       ___arm64x_extra_rfe_table_size 00000000     <absolute>
 0000:00000000       ___arm64x_native_entrypoint 00000000     <absolute>
 0000:00000000       ___arm64x_redirection_metadata 00000000     <absolute>
 0000:00000000       ___arm64x_redirection_metadata_count 00000000     <absolute>
 0000:00000000       ___dynamic_value_reloc_table 00000000     <absolute>
 0000:00000000       ___enclave_config          00000000     <absolute>
 0000:00000000       ___guard_check_icall_a64n_fptr 00000000     <absolute>
 0000:00000000       ___guard_eh_cont_count     00000000     <absolute>
 0000:00000000       ___guard_eh_cont_table     00000000     <absolute>
 0000:00000000       ___guard_fids_count        00000000     <absolute>
 0000:00000000       ___guard_fids_table        00000000     <absolute>
 0000:00000000       ___guard_iat_count         00000000     <absolute>
 0000:00000000       ___guard_iat_table         00000000     <absolute>
 0000:00000000       ___guard_longjmp_count     00000000     <absolute>
 0000:00000000       ___guard_longjmp_table     00000000     <absolute>
 0000:00000000       ___hybrid_auxiliary_delayload_iat 00000000     <absolute>
 0000:00000000       ___hybrid_auxiliary_delayload_iat_copy 00000000     <absolute>
 0000:00000000       ___hybrid_auxiliary_iat    00000000     <absolute>
 0000:00000000       ___hybrid_auxiliary_iat_copy 00000000     <absolute>
 0000:00000000       ___hybrid_code_map         00000000     <absolute>
 0000:00000000       ___hybrid_code_map_count   00000000     <absolute>
 0000:00000000       ___hybrid_image_info_bitfield 00000000     <absolute>
 0000:00000000       ___x64_code_ranges_to_entry_points 00000000     <absolute>
 0000:00000000       ___x64_code_ranges_to_entry_points_count 00000000     <absolute>
 0000:00000001       ___safe_se_handler_count   00000001     <absolute>
 0000:00000100       ___guard_flags             00000100     <absolute>
 0000:00000000       ___ImageBase               00400000     <linker-defined>
 0001:00000000       ___local_stdio_printf_options 00401000 f i spdm_responder_spdm.c.obj
 0001:00000010       __vfprintf_l               00401010 f i spdm_responder_spdm.c.obj
 0001:00000040       _printf                    00401040 f i spdm_responder_spdm.c.obj
 0001:00000080       _spdm_device_receive_message 00401080 f   spdm_responder_spdm.c.obj
 0001:00000130       _spdm_device_send_message  00401130 f   spdm_responder_spdm.c.obj
 0001:00000180       _spdm_server_connection_state_callback 00401180 f   spdm_responder_spdm.c.obj
 0001:00000750       _spdm_server_init          00401750 f   spdm_responder_spdm.c.obj
 0001:00000cf0       _spdm_server_session_state_callback 00401cf0 f   spdm_responder_spdm.c.obj
 0001:00000e20       _spdm_get_response_vendor_defined_request 00401e20 f   spdm_responder_session.c.obj
 0001:00000f10       _pci_doe_init_responder    00401f10 f   spdm_responder_pci_doe.c.obj
 0001:00000fb0       _InitConnectionAndHandShake 00401fb0 f   spdm_responder_tcp.c.obj
 0001:00001080       _main                      00402080 f   spdm_responder_emu.c.obj
 0001:000011e0       _platform_server           004021e0 f   spdm_responder_emu.c.obj
 0001:000014a0       _platform_server_routine   004024a0 f   spdm_responder_emu.c.obj
 0001:00001610       _create_socket             00402610 f   spdm_emu.c.obj
 0001:000017a0       _get_flags_from_name       004027a0 f   spdm_emu.c.obj
 0001:00001880       _get_value_from_name       00402880 f   spdm_emu.c.obj
 0001:000018e0       _init_client               004028e0 f   spdm_emu.c.obj
 0001:00001a10       _print_usage               00402a10 f   spdm_emu.c.obj
 0001:00001f70       _process_args              00402f70 f   spdm_emu.c.obj
 0001:00003b00       _read_bytes                00404b00 f   command.c.obj
 0001:00003b70       _read_data32               00404b70 f   command.c.obj
 0001:00003bb0       _read_multiple_bytes       00404bb0 f   command.c.obj
 0001:00003d30       _receive_platform_data     00404d30 f   command.c.obj
 0001:00003f40       _send_platform_data        00404f40 f   command.c.obj
 0001:00004090       _spdm_device_acquire_receiver_buffer 00405090 f   command.c.obj
 0001:000040e0       _spdm_device_acquire_sender_buffer 004050e0 f   command.c.obj
 0001:00004130       _spdm_device_release_receiver_buffer 00405130 f   command.c.obj
 0001:00004190       _spdm_device_release_sender_buffer 00405190 f   command.c.obj
 0001:000041f0       _write_bytes               004051f0 f   command.c.obj
 0001:00004270       _write_data32              00405270 f   command.c.obj
 0001:000042a0       _write_multiple_bytes      004052a0 f   command.c.obj
 0001:00004360       _libspdm_onehot0           00405360 f i nv_storage.c.obj
 0001:000043b0       _spdm_clear_negotiated_state 004053b0 f   nv_storage.c.obj
 0001:00004410       _spdm_load_negotiated_state 00405410 f   nv_storage.c.obj
 0001:00004930       _spdm_provision_psk_version_only 00405930 f   nv_storage.c.obj
 0001:00004ee0       _spdm_save_negotiated_state 00405ee0 f   nv_storage.c.obj
 0001:00005520       _append_pcap_packet_data   00406520 f   pcap.c.obj
 0001:00005640       _close_pcap_packet_file    00406640 f   pcap.c.obj
 0001:00005670       _open_pcap_packet_file     00406670 f   pcap.c.obj
 0001:00005760       _dump_data                 00406760 f   support.c.obj
 0001:000057a0       _libspdm_dump_hex_str      004067a0 f   support.c.obj
 0001:000057e0       _libspdm_read_input_file   004067e0 f   support.c.obj
 0001:00005930       _libspdm_write_output_file 00406930 f   support.c.obj
 0001:000059c0       _RtlSecureZeroMemory       004069c0 f i memlib:zero_mem.c.obj
 0001:00005a00       _libspdm_zero_mem          00406a00 f   memlib:zero_mem.c.obj
 0001:00005a20       _libspdm_copy_mem          00406a20 f   memlib:copy_mem.c.obj
 0001:00005b10       _libspdm_debug_assert      00406b10 f   debuglib:debuglib.c.obj
 0001:00005b40       _libspdm_debug_print       00406b40 f   debuglib:debuglib.c.obj
 0001:00005c00       _vsnprintf                 00406c00 f i debuglib:debuglib.c.obj
 0001:00005c50       _libspdm_build_response    00406c50 f   spdm_responder_lib:libspdm_rsp_receive_send.c.obj
 0001:000066b0       _libspdm_get_response_func_via_request_code 004076b0 f   spdm_responder_lib:libspdm_rsp_receive_send.c.obj
 0001:00006850       _libspdm_process_request   00407850 f   spdm_responder_lib:libspdm_rsp_receive_send.c.obj
 0001:00006bb0       _libspdm_register_cert_chain_buffer 00407bb0 f   spdm_responder_lib:libspdm_rsp_receive_send.c.obj
 0001:00006c10       _libspdm_register_connection_state_callback_func 00407c10 f   spdm_responder_lib:libspdm_rsp_receive_send.c.obj
 0001:00006c50       _libspdm_register_get_response_func 00407c50 f   spdm_responder_lib:libspdm_rsp_receive_send.c.obj
 0001:00006c70       _libspdm_register_session_state_callback_func 00407c70 f   spdm_responder_lib:libspdm_rsp_receive_send.c.obj
 0001:00006cb0       _libspdm_set_connection_state 00407cb0 f   spdm_responder_lib:libspdm_rsp_receive_send.c.obj
 0001:00006ce0       _libspdm_set_session_state 00407ce0 f   spdm_responder_lib:libspdm_rsp_receive_send.c.obj
 0001:00006db0       _libspdm_trigger_key_update_callback 00407db0 f   spdm_responder_lib:libspdm_rsp_receive_send.c.obj
 0001:00006e20       _libspdm_generate_error_response 00407e20 f   spdm_responder_lib:libspdm_rsp_error.c.obj
 0001:00006ed0       _libspdm_generate_extended_error_response 00407ed0 f   spdm_responder_lib:libspdm_rsp_error.c.obj
 0001:00006f70       _libspdm_responder_dispatch_message 00407f70 f   spdm_responder_lib:libspdm_rsp_communication.c.obj
 0001:000072d0       _libspdm_get_response_encapsulated_request 004082d0 f   spdm_responder_lib:libspdm_rsp_encap_response.c.obj
 0001:000074c0       _libspdm_get_response_encapsulated_response_ack 004084c0 f   spdm_responder_lib:libspdm_rsp_encap_response.c.obj
 0001:000077b0       _libspdm_handle_encap_error_response_main 004087b0 f   spdm_responder_lib:libspdm_rsp_encap_response.c.obj
 0001:000077d0       _libspdm_init_basic_mut_auth_encap_state 004087d0 f   spdm_responder_lib:libspdm_rsp_encap_response.c.obj
 0001:00007950       _libspdm_init_key_update_encap_state 00408950 f   spdm_responder_lib:libspdm_rsp_encap_response.c.obj
 0001:000079e0       _libspdm_init_mut_auth_encap_state 004089e0 f   spdm_responder_lib:libspdm_rsp_encap_response.c.obj
 0001:00007da0       _libspdm_get_response_respond_if_ready 00408da0 f   spdm_responder_lib:libspdm_rsp_respond_if_ready.c.obj
 0001:00007fb0       _libspdm_get_response_version 00408fb0 f   spdm_responder_lib:libspdm_rsp_version.c.obj
 0001:00008560       _libspdm_get_response_capabilities 00409560 f   spdm_responder_lib:libspdm_rsp_capabilities.c.obj
 0001:00008a00       _libspdm_get_response_algorithms 00409a00 f   spdm_responder_lib:libspdm_rsp_algorithms.c.obj
 0001:0000a080       _libspdm_get_response_digests 0040b080 f   spdm_responder_lib:libspdm_rsp_digests.c.obj
 0001:0000a5a0       _libspdm_get_response_certificate 0040b5a0 f   spdm_responder_lib:libspdm_rsp_certificate.c.obj
 0001:0000aa40       _libspdm_get_response_challenge_auth 0040ba40 f   spdm_responder_lib:libspdm_rsp_challenge_auth.c.obj
 0001:0000b2b0       _libspdm_generate_measurement_signature 0040c2b0 f   spdm_responder_lib:libspdm_rsp_measurements.c.obj
 0001:0000b370       _libspdm_get_response_measurements 0040c370 f   spdm_responder_lib:libspdm_rsp_measurements.c.obj
 0001:0000be80       _libspdm_generate_key_exchange_rsp_hmac 0040ce80 f   spdm_responder_lib:libspdm_rsp_key_exchange.c.obj
 0001:0000bf40       _libspdm_generate_key_exchange_rsp_signature 0040cf40 f   spdm_responder_lib:libspdm_rsp_key_exchange.c.obj
 0001:0000c080       _libspdm_get_response_key_exchange 0040d080 f   spdm_responder_lib:libspdm_rsp_key_exchange.c.obj
 0001:0000cdf0       _libspdm_generate_finish_rsp_hmac 0040ddf0 f   spdm_responder_lib:libspdm_rsp_finish.c.obj
 0001:0000ceb0       _libspdm_get_response_finish 0040deb0 f   spdm_responder_lib:libspdm_rsp_finish.c.obj
 0001:0000d6e0       _libspdm_verify_finish_req_hmac 0040e6e0 f   spdm_responder_lib:libspdm_rsp_finish.c.obj
 0001:0000d7f0       _libspdm_verify_finish_req_signature 0040e7f0 f   spdm_responder_lib:libspdm_rsp_finish.c.obj
 0001:0000da40       _libspdm_get_response_psk_exchange 0040ea40 f   spdm_responder_lib:libspdm_rsp_psk_exchange.c.obj
 0001:0000e7a0       _libspdm_get_response_psk_finish 0040f7a0 f   spdm_responder_lib:libspdm_rsp_psk_finish.c.obj
 0001:0000ecb0       _libspdm_verify_psk_finish_req_hmac 0040fcb0 f   spdm_responder_lib:libspdm_rsp_psk_finish.c.obj
 0001:0000edc0       _libspdm_get_response_end_session 0040fdc0 f   spdm_responder_lib:libspdm_rsp_end_session.c.obj
 0001:0000f000       _libspdm_get_response_key_update 00410000 f   spdm_responder_lib:libspdm_rsp_key_update.c.obj
 0001:0000f5a0       _libspdm_get_response_heartbeat 004105a0 f   spdm_responder_lib:libspdm_rsp_heartbeat.c.obj
 0001:0000f840       _libspdm_get_response_csr  00410840 f   spdm_responder_lib:libspdm_rsp_csr.c.obj
 0001:0000fe90       _libspdm_get_response_set_certificate 00410e90 f   spdm_responder_lib:libspdm_rsp_set_certificate.c.obj
 0001:00010470       _libspdm_get_response_chunk_get 00411470 f   spdm_responder_lib:libspdm_rsp_chunk_get.c.obj
 0001:000108a0       _libspdm_get_response_chunk_send 004118a0 f   spdm_responder_lib:libspdm_rsp_chunk_send_ack.c.obj
 0001:00010e90       _libspdm_get_response_supported_event_types 00411e90 f   spdm_responder_lib:libspdm_rsp_supported_event_types.c.obj
 0001:000111c0       _libspdm_get_vendor_defined_response 004121c0 f   spdm_responder_lib:libspdm_rsp_vendor_response.c.obj
 0001:00011590       _libspdm_responder_handle_response_state 00412590 f   spdm_responder_lib:libspdm_rsp_handle_response_state.c.obj
 0001:00011710       _libspdm_get_encap_request_get_digest 00412710 f   spdm_responder_lib:libspdm_rsp_encap_get_digests.c.obj
 0001:00011830       _libspdm_process_encap_response_digest 00412830 f   spdm_responder_lib:libspdm_rsp_encap_get_digests.c.obj
 0001:00011e30       _libspdm_get_encap_request_get_certificate 00412e30 f   spdm_responder_lib:libspdm_rsp_encap_get_certificate.c.obj
 0001:00011f90       _libspdm_process_encap_response_certificate 00412f90 f   spdm_responder_lib:libspdm_rsp_encap_get_certificate.c.obj
 0001:000124e0       _libspdm_get_encap_request_challenge 004134e0 f   spdm_responder_lib:libspdm_rsp_encap_challenge.c.obj
 0001:000126d0       _libspdm_process_encap_response_challenge_auth 004136d0 f   spdm_responder_lib:libspdm_rsp_encap_challenge.c.obj
 0001:00012c00       _libspdm_get_encap_request_key_update 00413c00 f   spdm_responder_lib:libspdm_rsp_encap_key_update.c.obj
 0001:00012e70       _libspdm_process_encap_response_key_update 00413e70 f   spdm_responder_lib:libspdm_rsp_encap_key_update.c.obj
 0001:00013020       _libspdm_allocate_rsp_session_id 00414020 f   spdm_responder_lib:libspdm_rsp_common.c.obj
 0001:00013120       _libspdm_build_opaque_data_version_selection_data 00414120 f   spdm_responder_lib:libspdm_rsp_common.c.obj
 0001:00013250       _libspdm_process_opaque_data_supported_version_data 00414250 f   spdm_responder_lib:libspdm_rsp_common.c.obj
 0001:000133d0       _libspdm_acquire_receiver_buffer 004143d0 f   spdm_common_lib:libspdm_com_context_data.c.obj
 0001:00013490       _libspdm_acquire_sender_buffer 00414490 f   spdm_common_lib:libspdm_com_context_data.c.obj
 0001:00013550       _libspdm_append_message_a  00414550 f   spdm_common_lib:libspdm_com_context_data.c.obj
 0001:00013570       _libspdm_append_message_b  00414570 f   spdm_common_lib:libspdm_com_context_data.c.obj
 0001:00013570       _libspdm_append_message_c  00414570 f   spdm_common_lib:libspdm_com_context_data.c.obj
 0001:00013700       _libspdm_append_message_d  00414700 f   spdm_common_lib:libspdm_com_context_data.c.obj
 0001:00013740       _libspdm_append_message_encap_d 00414740 f   spdm_common_lib:libspdm_com_context_data.c.obj
 0001:00013780       _libspdm_append_message_f  00414780 f   spdm_common_lib:libspdm_com_context_data.c.obj
 0001:00013c60       _libspdm_append_message_k  00414c60 f   spdm_common_lib:libspdm_com_context_data.c.obj
 0001:000140c0       _libspdm_append_message_m  004150c0 f   spdm_common_lib:libspdm_com_context_data.c.obj
 0001:00014400       _libspdm_append_message_mut_b 00415400 f   spdm_common_lib:libspdm_com_context_data.c.obj
 0001:00014400       _libspdm_append_message_mut_c 00415400 f   spdm_common_lib:libspdm_com_context_data.c.obj
 0001:000145a0       _libspdm_check_context     004155a0 f   spdm_common_lib:libspdm_com_context_data.c.obj
 0001:00014750       _libspdm_deinit_context    00415750 f   spdm_common_lib:libspdm_com_context_data.c.obj
 0001:000148b0       _libspdm_get_connection_version 004158b0 f   spdm_common_lib:libspdm_com_context_data.c.obj
 0001:000148d0       _libspdm_get_context_size  004158d0 f   spdm_common_lib:libspdm_com_context_data.c.obj
 0001:00014910       _libspdm_get_data          00415910 f   spdm_common_lib:libspdm_com_context_data.c.obj
 0001:00015240       _libspdm_get_receiver_buffer 00416240 f   spdm_common_lib:libspdm_com_context_data.c.obj
 0001:00015260       _libspdm_get_scratch_buffer 00416260 f   spdm_common_lib:libspdm_com_context_data.c.obj
 0001:00015310       _libspdm_get_scratch_buffer_cache_spdm_request_capacity 00416310 f   spdm_common_lib:libspdm_com_context_data.c.obj
 0001:00015310       _libspdm_get_scratch_buffer_large_message_capacity 00416310 f   spdm_common_lib:libspdm_com_context_data.c.obj
 0001:00015310       _libspdm_get_scratch_buffer_last_spdm_request_capacity 00416310 f   spdm_common_lib:libspdm_com_context_data.c.obj
 0001:00015320       _libspdm_get_scratch_buffer_cache_spdm_request_offset 00416320 f   spdm_common_lib:libspdm_com_context_data.c.obj
 0001:00015370       _libspdm_get_scratch_buffer_capacity 00416370 f   spdm_common_lib:libspdm_com_context_data.c.obj
 0001:000153d0       _libspdm_get_scratch_buffer_large_message_offset 004163d0 f   spdm_common_lib:libspdm_com_context_data.c.obj
 0001:000153f0       _libspdm_get_scratch_buffer_large_sender_receiver_capacity 004163f0 f   spdm_common_lib:libspdm_com_context_data.c.obj
 0001:000153f0       _libspdm_get_scratch_buffer_secure_message_capacity 004163f0 f   spdm_common_lib:libspdm_com_context_data.c.obj
 0001:000153f0       _libspdm_get_scratch_buffer_sender_receiver_capacity 004163f0 f   spdm_common_lib:libspdm_com_context_data.c.obj
 0001:00015410       _libspdm_get_scratch_buffer_large_sender_receiver_offset 00416410 f   spdm_common_lib:libspdm_com_context_data.c.obj
 0001:00015450       _libspdm_get_scratch_buffer_last_spdm_request_offset 00416450 f   spdm_common_lib:libspdm_com_context_data.c.obj
 0001:00015490       ___scrt_exe_initialize_mta 00416490 f   MSVCRTD:utility_desktop.obj
 0001:00015490       ___scrt_initialize_winrt   00416490 f   MSVCRTD:utility_desktop.obj
 0001:00015490       ___scrt_stub_for_initialize_mta 00416490 f   MSVCRTD:utility_desktop.obj
 0001:00015490       __get_startup_commit_mode  00416490 f   MSVCRTD:commit_mode.obj
 0001:00015490       __get_startup_new_mode     00416490 f   MSVCRTD:new_mode.obj
 0001:00015490       __get_startup_thread_locale_mode 00416490 f   MSVCRTD:thread_locale.obj
 0001:00015490       __matherr                  00416490 f   MSVCRTD:matherr.obj
 0001:00015490       _libspdm_get_scratch_buffer_secure_message_offset 00416490 f   spdm_common_lib:libspdm_com_context_data.c.obj
 0001:00015490       _libspdm_pci_doe_get_max_random_number_count 00416490 f   spdm_transport_pcidoe_lib:libspdm_doe_pcidoe.c.obj
 0001:00015490       _libspdm_sha3_256_new      00416490 f   cryptlib_mbedtls:sha3.c.obj
 0001:00015490       _libspdm_sha3_384_new      00416490 f   cryptlib_mbedtls:sha3.c.obj
 0001:00015490       _libspdm_sha3_512_new      00416490 f   cryptlib_mbedtls:sha3.c.obj
 0001:00015490       _libspdm_sm2_key_exchange_new_by_nid 00416490 f   cryptlib_mbedtls:sm2.c.obj
 0001:00015490       _libspdm_sm3_256_new       00416490 f   cryptlib_mbedtls:sm3.c.obj
 0001:00015490       _libspdm_tcp_get_max_random_number_count 00416490 f   spdm_transport_tcp_lib:libspdm_tcp_tcp.c.obj
 0001:000154a0       _libspdm_get_sizeof_required_scratch_buffer 004164a0 f   spdm_common_lib:libspdm_com_context_data.c.obj
 0001:000154f0       _libspdm_get_version_from_version_number 004164f0 f   spdm_common_lib:libspdm_com_context_data.c.obj
 0001:00015500       _libspdm_init_context      00416500 f   spdm_common_lib:libspdm_com_context_data.c.obj
 0001:000155a0       _libspdm_init_context_with_secured_context 004165a0 f   spdm_common_lib:libspdm_com_context_data.c.obj
 0001:000157e0       _libspdm_is_capabilities_flag_supported 004167e0 f   spdm_common_lib:libspdm_com_context_data.c.obj
 0001:00015850       _libspdm_is_encap_supported 00416850 f   spdm_common_lib:libspdm_com_context_data.c.obj
 0001:00015990       _libspdm_negotiate_connection_version 00416990 f   spdm_common_lib:libspdm_com_context_data.c.obj
 0001:00015ad0       _libspdm_register_device_buffer_func 00416ad0 f   spdm_common_lib:libspdm_com_context_data.c.obj
 0001:00015c10       _libspdm_register_device_io_func 00416c10 f   spdm_common_lib:libspdm_com_context_data.c.obj
 0001:00015c30       _libspdm_register_transport_layer_func 00416c30 f   spdm_common_lib:libspdm_com_context_data.c.obj
 0001:00015ce0       _libspdm_release_receiver_buffer 00416ce0 f   spdm_common_lib:libspdm_com_context_data.c.obj
 0001:00015d50       _libspdm_release_sender_buffer 00416d50 f   spdm_common_lib:libspdm_com_context_data.c.obj
 0001:00015dc0       _libspdm_reset_context     00416dc0 f   spdm_common_lib:libspdm_com_context_data.c.obj
 0001:00015f20       _libspdm_reset_message_a   00416f20 f   spdm_common_lib:libspdm_com_context_data.c.obj
 0001:00015f40       _libspdm_reset_message_b   00416f40 f   spdm_common_lib:libspdm_com_context_data.c.obj
 0001:00015f40       _libspdm_reset_message_c   00416f40 f   spdm_common_lib:libspdm_com_context_data.c.obj
 0001:00015f80       _libspdm_reset_message_buffer_via_request_code 00416f80 f   spdm_common_lib:libspdm_com_context_data.c.obj
 0001:000160d0       _libspdm_reset_message_d   004170d0 f   spdm_common_lib:libspdm_com_context_data.c.obj
 0001:000160f0       _libspdm_reset_message_encap_d 004170f0 f   spdm_common_lib:libspdm_com_context_data.c.obj
 0001:00016110       _libspdm_reset_message_f   00417110 f   spdm_common_lib:libspdm_com_context_data.c.obj
 0001:00016170       _libspdm_reset_message_k   00417170 f   spdm_common_lib:libspdm_com_context_data.c.obj
 0001:000161f0       _libspdm_reset_message_m   004171f0 f   spdm_common_lib:libspdm_com_context_data.c.obj
 0001:00016270       _libspdm_reset_message_mut_b 00417270 f   spdm_common_lib:libspdm_com_context_data.c.obj
 0001:00016270       _libspdm_reset_message_mut_c 00417270 f   spdm_common_lib:libspdm_com_context_data.c.obj
 0001:000162b0       _libspdm_set_data          004172b0 f   spdm_common_lib:libspdm_com_context_data.c.obj
 0001:000173c0       _libspdm_set_last_spdm_error_struct 004183c0 f   spdm_common_lib:libspdm_com_context_data.c.obj
 0001:000173f0       _libspdm_set_scratch_buffer 004183f0 f   spdm_common_lib:libspdm_com_context_data.c.obj
 0001:00017490       _libspdm_version_number_sort 00418490 f   spdm_common_lib:libspdm_com_context_data.c.obj
 0001:00017590       _libspdm_assign_session_id 00418590 f   spdm_common_lib:libspdm_com_context_data_session.c.obj
 0001:000176e0       _libspdm_free_session_id   004186e0 f   spdm_common_lib:libspdm_com_context_data_session.c.obj
 0001:000177f0       _libspdm_generate_session_id 004187f0 f   spdm_common_lib:libspdm_com_context_data_session.c.obj
 0001:00017810       _libspdm_get_secured_message_context_via_session_id 00418810 f   spdm_common_lib:libspdm_com_context_data_session.c.obj
 0001:00017840       _libspdm_get_session_info_via_session_id 00418840 f   spdm_common_lib:libspdm_com_context_data_session.c.obj
 0001:00017900       _libspdm_session_info_init 00418900 f   spdm_common_lib:libspdm_com_context_data_session.c.obj
 0001:00017c00       _libspdm_session_info_set_psk_hint 00418c00 f   spdm_common_lib:libspdm_com_context_data_session.c.obj
 0001:00017c20       _libspdm_append_managed_buffer 00418c20 f   spdm_common_lib:libspdm_com_support.c.obj
 0001:00017d50       _libspdm_get_code_str      00418d50 f   spdm_common_lib:libspdm_com_support.c.obj
 0001:00017dc0       _libspdm_get_managed_buffer 00418dc0 f   spdm_common_lib:libspdm_com_support.c.obj
 0001:00017de0       _libspdm_get_managed_buffer_size 00418de0 f   spdm_common_lib:libspdm_com_support.c.obj
 0001:00017e00       _libspdm_internal_dump_data 00418e00 f   spdm_common_lib:libspdm_com_support.c.obj
 0001:00017e50       _libspdm_internal_dump_hex 00418e50 f   spdm_common_lib:libspdm_com_support.c.obj
 0001:00017f30       _libspdm_internal_dump_hex_str 00418f30 f   spdm_common_lib:libspdm_com_support.c.obj
 0001:00017f80       _libspdm_read_uint16       00418f80 f   spdm_common_lib:libspdm_com_support.c.obj
 0001:00017fb0       _libspdm_read_uint32       00418fb0 f   spdm_common_lib:libspdm_com_support.c.obj
 0001:00018000       _libspdm_read_uint64       00419000 f   spdm_common_lib:libspdm_com_support.c.obj
 0001:000180e0       _libspdm_reset_managed_buffer 004190e0 f   spdm_common_lib:libspdm_com_support.c.obj
 0001:00018110       _libspdm_write_uint16      00419110 f   spdm_common_lib:libspdm_com_support.c.obj
 0001:00018150       _libspdm_write_uint24      00419150 f   spdm_common_lib:libspdm_com_support.c.obj
 0001:000181a0       _libspdm_calculate_l1l2_hash 004191a0 f   spdm_common_lib:libspdm_com_crypto_service.c.obj
 0001:000183a0       _libspdm_generate_cert_chain_hash 004193a0 f   spdm_common_lib:libspdm_com_crypto_service.c.obj
 0001:00018400       _libspdm_generate_challenge_auth_signature 00419400 f   spdm_common_lib:libspdm_com_crypto_service.c.obj
 0001:00018540       _libspdm_generate_public_key_hash 00419540 f   spdm_common_lib:libspdm_com_crypto_service.c.obj
 0001:00018570       _libspdm_get_cert_slot_count 00419570 f   spdm_common_lib:libspdm_com_crypto_service.c.obj
 0001:000185c0       _libspdm_get_cert_slot_mask 004195c0 f   spdm_common_lib:libspdm_com_crypto_service.c.obj
 0001:00018610       _libspdm_get_local_cert_chain_buffer 00419610 f   spdm_common_lib:libspdm_com_crypto_service.c.obj
 0001:00018650       _libspdm_get_local_public_key_buffer 00419650 f   spdm_common_lib:libspdm_com_crypto_service.c.obj
 0001:00018690       _libspdm_get_measurement_summary_hash_size 00419690 f   spdm_common_lib:libspdm_com_crypto_service.c.obj
 0001:000186f0       _libspdm_get_peer_public_key_buffer 004196f0 f   spdm_common_lib:libspdm_com_crypto_service.c.obj
 0001:00018730       _libspdm_verify_certificate_chain_hash 00419730 f   spdm_common_lib:libspdm_com_crypto_service.c.obj
 0001:00018830       _libspdm_verify_challenge_auth_signature 00419830 f   spdm_common_lib:libspdm_com_crypto_service.c.obj
 0001:00018af0       _libspdm_verify_peer_cert_chain_buffer_authority 00419af0 f   spdm_common_lib:libspdm_com_crypto_service.c.obj
 0001:00018d70       _libspdm_verify_peer_cert_chain_buffer_integrity 00419d70 f   spdm_common_lib:libspdm_com_crypto_service.c.obj
 0001:00018e10       _libspdm_verify_public_key_hash 00419e10 f   spdm_common_lib:libspdm_com_crypto_service.c.obj
 0001:00018f10       _libspdm_get_element_from_opaque_data 00419f10 f   spdm_common_lib:libspdm_com_opaque_data.c.obj
 0001:000190f0       _libspdm_get_opaque_data_version_selection_data_size 0041a0f0 f   spdm_common_lib:libspdm_com_opaque_data.c.obj
 0001:00019140       _libspdm_get_untrusted_opaque_data_supported_version_data_size 0041a140 f   spdm_common_lib:libspdm_com_opaque_data.c.obj
 0001:00019180       _libspdm_process_general_opaque_data_check 0041a180 f   spdm_common_lib:libspdm_com_opaque_data.c.obj
 0001:00019310       _libspdm_calculate_th1_hash 0041a310 f   spdm_common_lib:libspdm_com_crypto_service_session.c.obj
 0001:000193c0       _libspdm_calculate_th2_hash 0041a3c0 f   spdm_common_lib:libspdm_com_crypto_service_session.c.obj
 0001:00019470       _libspdm_calculate_th_hash_for_exchange 0041a470 f   spdm_common_lib:libspdm_com_crypto_service_session.c.obj
 0001:00019570       _libspdm_calculate_th_hash_for_finish 0041a570 f   spdm_common_lib:libspdm_com_crypto_service_session.c.obj
 0001:00019670       _libspdm_calculate_th_hmac_for_exchange_rsp 0041a670 f   spdm_common_lib:libspdm_com_crypto_service_session.c.obj
 0001:000197c0       _libspdm_calculate_th_hmac_for_finish_req 0041a7c0 f   spdm_common_lib:libspdm_com_crypto_service_session.c.obj
 0001:00019930       _libspdm_calculate_th_hmac_for_finish_rsp 0041a930 f   spdm_common_lib:libspdm_com_crypto_service_session.c.obj
 0001:00019aa0       _libspdm_asn1_get_tag      0041aaa0 f   cryptlib_mbedtls:x509.c.obj
 0001:0001a0e0       _libspdm_ec_get_public_key_from_x509 0041b0e0 f   cryptlib_mbedtls:x509.c.obj
 0001:0001a230       _libspdm_aead_sm4_gcm_decrypt 0041b230 f   cryptlib_mbedtls:aead_sm4_gcm.c.obj
 0001:0001a230       _libspdm_aead_sm4_gcm_encrypt 0041b230 f   cryptlib_mbedtls:aead_sm4_gcm.c.obj
 0001:0001a230       _libspdm_ecd_get_private_key_from_pem 0041b230 f   cryptlib_mbedtls:pem.c.obj
 0001:0001a230       _libspdm_ecd_get_public_key_from_der 0041b230 f   cryptlib_mbedtls:der.c.obj
 0001:0001a230       _libspdm_ecd_get_public_key_from_x509 0041b230 f   cryptlib_mbedtls:x509.c.obj
 0001:0001a230       _libspdm_eddsa_sign        0041b230 f   cryptlib_mbedtls:ecd.c.obj
 0001:0001a230       _libspdm_eddsa_verify      0041b230 f   cryptlib_mbedtls:ecd.c.obj
 0001:0001a230       _libspdm_hkdf_sha3_256_expand 0041b230 f   cryptlib_mbedtls:hkdf_sha3.c.obj
 0001:0001a230       _libspdm_hkdf_sha3_256_extract 0041b230 f   cryptlib_mbedtls:hkdf_sha3.c.obj
 0001:0001a230       _libspdm_hkdf_sha3_384_expand 0041b230 f   cryptlib_mbedtls:hkdf_sha3.c.obj
 0001:0001a230       _libspdm_hkdf_sha3_384_extract 0041b230 f   cryptlib_mbedtls:hkdf_sha3.c.obj
 0001:0001a230       _libspdm_hkdf_sha3_512_expand 0041b230 f   cryptlib_mbedtls:hkdf_sha3.c.obj
 0001:0001a230       _libspdm_hkdf_sha3_512_extract 0041b230 f   cryptlib_mbedtls:hkdf_sha3.c.obj
 0001:0001a230       _libspdm_hkdf_sm3_256_expand 0041b230 f   cryptlib_mbedtls:hkdf_sm3.c.obj
 0001:0001a230       _libspdm_hkdf_sm3_256_extract 0041b230 f   cryptlib_mbedtls:hkdf_sm3.c.obj
 0001:0001a230       _libspdm_hmac_sha3_256_all 0041b230 f   cryptlib_mbedtls:hmac_sha3.c.obj
 0001:0001a230       _libspdm_hmac_sha3_384_all 0041b230 f   cryptlib_mbedtls:hmac_sha3.c.obj
 0001:0001a230       _libspdm_hmac_sha3_512_all 0041b230 f   cryptlib_mbedtls:hmac_sha3.c.obj
 0001:0001a230       _libspdm_hmac_sm3_256_all  0041b230 f   cryptlib_mbedtls:hmac_sm3.c.obj
 0001:0001a230       _libspdm_sha3_256_duplicate 0041b230 f   cryptlib_mbedtls:sha3.c.obj
 0001:0001a230       _libspdm_sha3_256_final    0041b230 f   cryptlib_mbedtls:sha3.c.obj
 0001:0001a230       _libspdm_sha3_256_hash_all 0041b230 f   cryptlib_mbedtls:sha3.c.obj
 0001:0001a230       _libspdm_sha3_256_init     0041b230 f   cryptlib_mbedtls:sha3.c.obj
 0001:0001a230       _libspdm_sha3_256_update   0041b230 f   cryptlib_mbedtls:sha3.c.obj
 0001:0001a230       _libspdm_sha3_384_duplicate 0041b230 f   cryptlib_mbedtls:sha3.c.obj
 0001:0001a230       _libspdm_sha3_384_final    0041b230 f   cryptlib_mbedtls:sha3.c.obj
 0001:0001a230       _libspdm_sha3_384_hash_all 0041b230 f   cryptlib_mbedtls:sha3.c.obj
 0001:0001a230       _libspdm_sha3_384_init     0041b230 f   cryptlib_mbedtls:sha3.c.obj
 0001:0001a230       _libspdm_sha3_384_update   0041b230 f   cryptlib_mbedtls:sha3.c.obj
 0001:0001a230       _libspdm_sha3_512_duplicate 0041b230 f   cryptlib_mbedtls:sha3.c.obj
 0001:0001a230       _libspdm_sha3_512_final    0041b230 f   cryptlib_mbedtls:sha3.c.obj
 0001:0001a230       _libspdm_sha3_512_hash_all 0041b230 f   cryptlib_mbedtls:sha3.c.obj
 0001:0001a230       _libspdm_sha3_512_init     0041b230 f   cryptlib_mbedtls:sha3.c.obj
 0001:0001a230       _libspdm_sha3_512_update   0041b230 f   cryptlib_mbedtls:sha3.c.obj
 0001:0001a230       _libspdm_sm2_dsa_sign      0041b230 f   cryptlib_mbedtls:sm2.c.obj
 0001:0001a230       _libspdm_sm2_dsa_verify    0041b230 f   cryptlib_mbedtls:sm2.c.obj
 0001:0001a230       _libspdm_sm2_get_private_key_from_pem 0041b230 f   cryptlib_mbedtls:pem.c.obj
 0001:0001a230       _libspdm_sm2_get_public_key_from_der 0041b230 f   cryptlib_mbedtls:der.c.obj
 0001:0001a230       _libspdm_sm2_get_public_key_from_x509 0041b230 f   cryptlib_mbedtls:x509.c.obj
 0001:0001a230       _libspdm_sm2_key_exchange_compute_key 0041b230 f   cryptlib_mbedtls:sm2.c.obj
 0001:0001a230       _libspdm_sm2_key_exchange_generate_key 0041b230 f   cryptlib_mbedtls:sm2.c.obj
 0001:0001a230       _libspdm_sm2_key_exchange_init 0041b230 f   cryptlib_mbedtls:sm2.c.obj
 0001:0001a230       _libspdm_sm3_256_duplicate 0041b230 f   cryptlib_mbedtls:sm3.c.obj
 0001:0001a230       _libspdm_sm3_256_final     0041b230 f   cryptlib_mbedtls:sm3.c.obj
 0001:0001a230       _libspdm_sm3_256_hash_all  0041b230 f   cryptlib_mbedtls:sm3.c.obj
 0001:0001a230       _libspdm_sm3_256_init      0041b230 f   cryptlib_mbedtls:sm3.c.obj
 0001:0001a230       _libspdm_sm3_256_update    0041b230 f   cryptlib_mbedtls:sm3.c.obj
 0001:0001a230       _libspdm_tcp_get_sequence_number 0041b230 f   spdm_transport_tcp_lib:libspdm_tcp_tcp.c.obj
 0001:0001a240       _libspdm_gen_x509_csr      0041b240 f   cryptlib_mbedtls:x509.c.obj
 0001:0001acc0       _libspdm_rsa_get_public_key_from_x509 0041bcc0 f   cryptlib_mbedtls:x509.c.obj
 0001:0001ade0       _libspdm_set_attribute_for_req 0041bde0 f   cryptlib_mbedtls:x509.c.obj
 0001:0001b220       _libspdm_x509_compare_date_time 0041c220 f   cryptlib_mbedtls:x509.c.obj
 0001:0001b280       _libspdm_x509_construct_certificate 0041c280 f   cryptlib_mbedtls:x509.c.obj
 0001:0001b320       _libspdm_x509_get_cert_from_cert_chain 0041c320 f   cryptlib_mbedtls:x509.c.obj
 0001:0001b400       _libspdm_x509_get_extended_basic_constraints 0041c400 f   cryptlib_mbedtls:x509.c.obj
 0001:0001b450       _libspdm_x509_get_extended_key_usage 0041c450 f   cryptlib_mbedtls:x509.c.obj
 0001:0001b4a0       _libspdm_x509_get_extension_data 0041c4a0 f   cryptlib_mbedtls:x509.c.obj
 0001:0001b660       _libspdm_x509_get_issuer_name 0041c660 f   cryptlib_mbedtls:x509.c.obj
 0001:0001b740       _libspdm_x509_get_key_usage 0041c740 f   cryptlib_mbedtls:x509.c.obj
 0001:0001b7d0       _libspdm_x509_get_serial_number 0041c7d0 f   cryptlib_mbedtls:x509.c.obj
 0001:0001b8c0       _libspdm_x509_get_subject_name 0041c8c0 f   cryptlib_mbedtls:x509.c.obj
 0001:0001b9a0       _libspdm_x509_get_validity 0041c9a0 f   cryptlib_mbedtls:x509.c.obj
 0001:0001bae0       _libspdm_x509_get_version  0041cae0 f   cryptlib_mbedtls:x509.c.obj
 0001:0001bb80       _libspdm_x509_set_date_time 0041cb80 f   cryptlib_mbedtls:x509.c.obj
 0001:0001bcd0       _libspdm_x509_verify_cert  0041ccd0 f   cryptlib_mbedtls:x509.c.obj
 0001:0001be30       _libspdm_x509_verify_cert_chain 0041ce30 f   cryptlib_mbedtls:x509.c.obj
 0001:0001bf50       _libspdm_rsa_free          0041cf50 f   cryptlib_mbedtls:rsa_basic.c.obj
 0001:0001bf70       _libspdm_rsa_new           0041cf70 f   cryptlib_mbedtls:rsa_basic.c.obj
 0001:0001bfb0       _libspdm_rsa_pkcs1_verify_with_nid 0041cfb0 f   cryptlib_mbedtls:rsa_basic.c.obj
 0001:0001c0c0       _libspdm_rsa_pss_verify    0041d0c0 f   cryptlib_mbedtls:rsa_basic.c.obj
 0001:0001c1d0       _libspdm_rsa_set_key       0041d1d0 f   cryptlib_mbedtls:rsa_basic.c.obj
 0001:0001c350       _libspdm_myrand            0041d350 f   cryptlib_mbedtls:rand.c.obj
 0001:0001c390       _libspdm_random_bytes      0041d390 f   cryptlib_mbedtls:rand.c.obj
 0001:0001c430       _allocate_pool             0041d430 f   malloclib:malloclib.c.obj
 0001:0001c450       _allocate_zero_pool        0041d450 f   malloclib:malloclib.c.obj
 0001:0001c490       _free_pool                 0041d490 f   malloclib:malloclib.c.obj
 0001:0001c4b0       _libspdm_get_hash_nid      0041d4b0 f   spdm_crypt_lib:libspdm_crypt_hash.c.obj
 0001:0001c580       _libspdm_get_hash_size     0041d580 f   spdm_crypt_lib:libspdm_crypt_hash.c.obj
 0001:0001c650       _libspdm_get_measurement_hash_size 0041d650 f   spdm_crypt_lib:libspdm_crypt_hash.c.obj
 0001:0001c740       _libspdm_hash_all          0041d740 f   spdm_crypt_lib:libspdm_crypt_hash.c.obj
 0001:0001c8a0       _libspdm_hash_duplicate    0041d8a0 f   spdm_crypt_lib:libspdm_crypt_hash.c.obj
 0001:0001c9e0       _libspdm_hash_final        0041d9e0 f   spdm_crypt_lib:libspdm_crypt_hash.c.obj
 0001:0001cb20       _libspdm_hash_free         0041db20 f   spdm_crypt_lib:libspdm_crypt_hash.c.obj
 0001:0001cc40       _libspdm_hash_init         0041dc40 f   spdm_crypt_lib:libspdm_crypt_hash.c.obj
 0001:0001cd60       _libspdm_hash_new          0041dd60 f   spdm_crypt_lib:libspdm_crypt_hash.c.obj
 0001:0001ce50       _libspdm_hash_update       0041de50 f   spdm_crypt_lib:libspdm_crypt_hash.c.obj
 0001:0001cfb0       _libspdm_asym_free         0041dfb0 f   spdm_crypt_lib:libspdm_crypt_asym.c.obj
 0001:0001d1a0       _libspdm_asym_get_public_key_from_der 0041e1a0 f   spdm_crypt_lib:libspdm_crypt_asym.c.obj
 0001:0001d2f0       _libspdm_asym_sign         0041e2f0 f   spdm_crypt_lib:libspdm_crypt_asym.c.obj
 0001:0001d510       _libspdm_asym_sign_hash    0041e510 f   spdm_crypt_lib:libspdm_crypt_asym.c.obj
 0001:0001d980       _libspdm_asym_verify_hash_ex 0041e980 f   spdm_crypt_lib:libspdm_crypt_asym.c.obj
 0001:0001dfb0       _libspdm_copy_signature_swap_endian 0041efb0 f   spdm_crypt_lib:libspdm_crypt_asym.c.obj
 0001:0001e530       _libspdm_ecdsa_verify_wrap 0041f530 f   spdm_crypt_lib:libspdm_crypt_asym.c.obj
 0001:0001e560       _libspdm_eddsa_verify_wrap 0041f560 f   spdm_crypt_lib:libspdm_crypt_asym.c.obj
 0001:0001e560       _libspdm_sm2_dsa_verify_wrap 0041f560 f   spdm_crypt_lib:libspdm_crypt_asym.c.obj
 0001:0001e590       _libspdm_get_asym_signature_size 0041f590 f   spdm_crypt_lib:libspdm_crypt_asym.c.obj
 0001:0001e6a0       _libspdm_get_req_asym_signature_size 0041f6a0 f   spdm_crypt_lib:libspdm_crypt_asym.c.obj
 0001:0001e780       _libspdm_is_palindrome     0041f780 f   spdm_crypt_lib:libspdm_crypt_asym.c.obj
 0001:0001e7e0       _libspdm_is_signature_buffer_palindrome 0041f7e0 f   spdm_crypt_lib:libspdm_crypt_asym.c.obj
 0001:0001e8c0       _libspdm_req_asym_free     0041f8c0 f   spdm_crypt_lib:libspdm_crypt_asym.c.obj
 0001:0001e8e0       _libspdm_req_asym_func_need_hash 0041f8e0 f   spdm_crypt_lib:libspdm_crypt_asym.c.obj
 0001:0001e900       _libspdm_req_asym_get_public_key_from_der 0041f900 f   spdm_crypt_lib:libspdm_crypt_asym.c.obj
 0001:0001e920       _libspdm_req_asym_sign     0041f920 f   spdm_crypt_lib:libspdm_crypt_asym.c.obj
 0001:0001eb50       _libspdm_req_asym_sign_hash 0041fb50 f   spdm_crypt_lib:libspdm_crypt_asym.c.obj
 0001:0001ee00       _libspdm_req_asym_verify_hash_ex 0041fe00 f   spdm_crypt_lib:libspdm_crypt_asym.c.obj
 0001:0001f330       _libspdm_dhe_compute_key   00420330 f   spdm_crypt_lib:libspdm_crypt_dhe.c.obj
 0001:0001f480       _libspdm_dhe_free          00420480 f   spdm_crypt_lib:libspdm_crypt_dhe.c.obj
 0001:0001f560       _libspdm_dhe_generate_key  00420560 f   spdm_crypt_lib:libspdm_crypt_dhe.c.obj
 0001:0001f650       _libspdm_dhe_new           00420650 f   spdm_crypt_lib:libspdm_crypt_dhe.c.obj
 0001:0001f910       _libspdm_get_dhe_pub_key_size 00420910 f   spdm_crypt_lib:libspdm_crypt_dhe.c.obj
 0001:0001f9e0       _libspdm_aead_decryption   004209e0 f   spdm_crypt_lib:libspdm_crypt_aead.c.obj
 0001:0001fb10       _libspdm_aead_encryption   00420b10 f   spdm_crypt_lib:libspdm_crypt_aead.c.obj
 0001:0001fc40       _libspdm_get_aead_iv_size  00420c40 f   spdm_crypt_lib:libspdm_crypt_aead.c.obj
 0001:0001fcb0       _libspdm_get_aead_key_size 00420cb0 f   spdm_crypt_lib:libspdm_crypt_aead.c.obj
 0001:0001fd20       _libspdm_get_aead_tag_size 00420d20 f   spdm_crypt_lib:libspdm_crypt_aead.c.obj
 0001:0001fd90       _libspdm_get_random_number 00420d90 f   spdm_crypt_lib:libspdm_crypt_rng.c.obj
 0001:0001fdb0       _libspdm_asym_get_public_key_from_x509 00420db0 f   spdm_crypt_lib:libspdm_crypt_cert.c.obj
 0001:0001fee0       _libspdm_get_leaf_cert_public_key_from_cert_chain 00420ee0 f   spdm_crypt_lib:libspdm_crypt_cert.c.obj
 0001:00020850       _libspdm_is_root_certificate 00421850 f   spdm_crypt_lib:libspdm_crypt_cert.c.obj
 0001:00020940       _libspdm_verify_cert_chain_data 00421940 f   spdm_crypt_lib:libspdm_crypt_cert.c.obj
 0001:00020b60       _libspdm_verify_certificate_chain_buffer 00421b60 f   spdm_crypt_lib:libspdm_crypt_cert.c.obj
 0001:000212a0       _libspdm_verify_req_info   004222a0 f   spdm_crypt_lib:libspdm_crypt_cert.c.obj
 0001:00021530       _libspdm_x509_certificate_check 00422530 f   spdm_crypt_lib:libspdm_crypt_cert.c.obj
 0001:000215a0       _libspdm_x509_common_certificate_check 004225a0 f   spdm_crypt_lib:libspdm_crypt_cert.c.obj
 0001:00021890       _libspdm_x509_set_cert_certificate_check 00422890 f   spdm_crypt_lib:libspdm_crypt_cert.c.obj
 0001:00021900       _libspdm_secured_message_get_context_size 00422900 f   spdm_secured_message_lib:libspdm_secmes_context_data.c.obj
 0001:00021910       _libspdm_secured_message_get_last_spdm_error_struct 00422910 f   spdm_secured_message_lib:libspdm_secmes_context_data.c.obj
 0001:00021940       _libspdm_secured_message_get_session_state 00422940 f   spdm_secured_message_lib:libspdm_secmes_context_data.c.obj
 0001:00021960       _libspdm_secured_message_init_context 00422960 f   spdm_secured_message_lib:libspdm_secmes_context_data.c.obj
 0001:00021980       _libspdm_secured_message_set_algorithms 00422980 f   spdm_secured_message_lib:libspdm_secmes_context_data.c.obj
 0001:00021a40       _libspdm_secured_message_set_last_spdm_error_struct 00422a40 f   spdm_secured_message_lib:libspdm_secmes_context_data.c.obj
 0001:00021a70       _libspdm_secured_message_set_max_spdm_session_sequence_number 00422a70 f   spdm_secured_message_lib:libspdm_secmes_context_data.c.obj
 0001:00021a90       _libspdm_secured_message_set_psk_hint 00422a90 f   spdm_secured_message_lib:libspdm_secmes_context_data.c.obj
 0001:00021ae0       _libspdm_secured_message_set_sequence_number_endian 00422ae0 f   spdm_secured_message_lib:libspdm_secmes_context_data.c.obj
 0001:00021b00       _libspdm_secured_message_set_session_state 00422b00 f   spdm_secured_message_lib:libspdm_secmes_context_data.c.obj
 0001:00021b40       _libspdm_secured_message_set_session_type 00422b40 f   spdm_secured_message_lib:libspdm_secmes_context_data.c.obj
 0001:00021b60       _libspdm_secured_message_set_use_psk 00422b60 f   spdm_secured_message_lib:libspdm_secmes_context_data.c.obj
 0001:00021b80       _libspdm_activate_update_session_data_key 00422b80 f   spdm_secured_message_lib:libspdm_secmes_session.c.obj
 0001:00021d90       _libspdm_bin_concat        00422d90 f   spdm_secured_message_lib:libspdm_secmes_session.c.obj
 0001:00021ea0       _libspdm_clear_handshake_secret 00422ea0 f   spdm_secured_message_lib:libspdm_secmes_session.c.obj
 0001:00021ef0       _libspdm_clear_master_secret 00422ef0 f   spdm_secured_message_lib:libspdm_secmes_session.c.obj
 0001:00021f20       _libspdm_create_update_session_data_key 00422f20 f   spdm_secured_message_lib:libspdm_secmes_session.c.obj
 0001:00022360       _libspdm_generate_aead_key_and_iv 00423360 f   spdm_secured_message_lib:libspdm_secmes_session.c.obj
 0001:000225c0       _libspdm_generate_finished_key 004235c0 f   spdm_secured_message_lib:libspdm_secmes_session.c.obj
 0001:00022700       _libspdm_generate_session_data_key 00423700 f   spdm_secured_message_lib:libspdm_secmes_session.c.obj
 0001:00022f00       _libspdm_generate_session_handshake_key 00423f00 f   spdm_secured_message_lib:libspdm_secmes_session.c.obj
 0001:00023530       _libspdm_hmac_all_with_request_finished_key 00424530 f   spdm_secured_message_lib:libspdm_secmes_session.c.obj
 0001:00023570       _libspdm_hmac_all_with_response_finished_key 00424570 f   spdm_secured_message_lib:libspdm_secmes_session.c.obj
 0001:000235b0       _libspdm_secured_message_dhe_compute_key 004245b0 f   spdm_secured_message_lib:libspdm_secmes_key_exchange.c.obj
 0001:00023670       _libspdm_secured_message_dhe_free 00424670 f   spdm_secured_message_lib:libspdm_secmes_key_exchange.c.obj
 0001:00023690       _libspdm_secured_message_dhe_generate_key 00424690 f   spdm_secured_message_lib:libspdm_secmes_key_exchange.c.obj
 0001:000236b0       _libspdm_secured_message_dhe_new 004246b0 f   spdm_secured_message_lib:libspdm_secmes_key_exchange.c.obj
 0001:000236d0       _libspdm_transport_mctp_decode_message 004246d0 f   spdm_transport_mctp_lib:libspdm_mctp_common.c.obj
 0001:00023980       _libspdm_transport_mctp_encode_message 00424980 f   spdm_transport_mctp_lib:libspdm_mctp_common.c.obj
 0001:00023ba0       _libspdm_mctp_decode_message 00424ba0 f   spdm_transport_mctp_lib:libspdm_mctp_mctp.c.obj
 0001:00023ca0       _libspdm_mctp_encode_message 00424ca0 f   spdm_transport_mctp_lib:libspdm_mctp_mctp.c.obj
 0001:00023db0       _libspdm_mctp_get_max_random_number_count 00424db0 f   spdm_transport_mctp_lib:libspdm_mctp_mctp.c.obj
 0001:00023dc0       _libspdm_mctp_get_secured_spdm_version 00424dc0 f   spdm_transport_mctp_lib:libspdm_mctp_mctp.c.obj
 0001:00023dc0       _libspdm_pci_doe_get_secured_spdm_version 00424dc0 f   spdm_transport_pcidoe_lib:libspdm_doe_pcidoe.c.obj
 0001:00023dc0       _libspdm_tcp_get_secured_spdm_version 00424dc0 f   spdm_transport_tcp_lib:libspdm_tcp_tcp.c.obj
 0001:00023dd0       _libspdm_mctp_get_sequence_number 00424dd0 f   spdm_transport_mctp_lib:libspdm_mctp_mctp.c.obj
 0001:00023df0       _libspdm_transport_pci_doe_decode_message 00424df0 f   spdm_transport_pcidoe_lib:libspdm_doe_common.c.obj
 0001:00024000       _libspdm_transport_pci_doe_encode_message 00425000 f   spdm_transport_pcidoe_lib:libspdm_doe_common.c.obj
 0001:00024190       _libspdm_pci_doe_decode_discovery_request 00425190 f   spdm_transport_pcidoe_lib:libspdm_doe_pcidoe.c.obj
 0001:00024270       _libspdm_pci_doe_decode_message 00425270 f   spdm_transport_pcidoe_lib:libspdm_doe_pcidoe.c.obj
 0001:000243e0       _libspdm_pci_doe_encode_discovery 004253e0 f   spdm_transport_pcidoe_lib:libspdm_doe_pcidoe.c.obj
 0001:000244e0       _libspdm_pci_doe_encode_message 004254e0 f   spdm_transport_pcidoe_lib:libspdm_doe_pcidoe.c.obj
 0001:00024630       _libspdm_pci_doe_get_sequence_number 00425630 f   spdm_transport_pcidoe_lib:libspdm_doe_pcidoe.c.obj
 0001:00024650       _libspdm_transport_tcp_decode_message 00425650 f   spdm_transport_tcp_lib:libspdm_tcp_common.c.obj
 0001:00024900       _libspdm_transport_tcp_encode_message 00425900 f   spdm_transport_tcp_lib:libspdm_tcp_common.c.obj
 0001:00024b00       _libspdm_tcp_decode_message 00425b00 f   spdm_transport_tcp_lib:libspdm_tcp_tcp.c.obj
 0001:00024c00       _libspdm_tcp_encode_message 00425c00 f   spdm_transport_tcp_lib:libspdm_tcp_tcp.c.obj
 0001:00024cf0       _libspdm_transport_tcp_get_header_size 00425cf0 f   spdm_transport_tcp_lib:libspdm_tcp_tcp.c.obj
 0001:00024d00       _spdm_transport_none_decode_message 00425d00 f   spdm_transport_none_lib:common.c.obj
 0001:00024d80       _spdm_transport_none_encode_message 00425d80 f   spdm_transport_none_lib:common.c.obj
 0001:00024df0       _none_decode_message       00425df0 f   spdm_transport_none_lib:none.c.obj
 0001:00024df0       _none_encode_message       00425df0 f   spdm_transport_none_lib:none.c.obj
 0001:00024e10       _libspdm_read_requester_root_public_certificate 00425e10 f   spdm_device_secret_lib_sample:cert.c.obj
 0001:000250a0       _libspdm_read_responder_public_certificate_chain 004260a0 f   spdm_device_secret_lib_sample:cert.c.obj
 0001:000253d0       _libspdm_read_responder_public_certificate_chain_alias_cert 004263d0 f   spdm_device_secret_lib_sample:cert.c.obj
 0001:00025780       _libspdm_read_responder_public_certificate_chain_per_slot 00426780 f   spdm_device_secret_lib_sample:cert.c.obj
 0001:00025be0       _libspdm_cache_last_csr_request 00426be0 f   spdm_device_secret_lib_sample:lib.c.obj
 0001:00025c50       _libspdm_challenge_opaque_data 00426c50 f   spdm_device_secret_lib_sample:lib.c.obj
 0001:00025cc0       _libspdm_discard_all_cached_last_request 00426cc0 f   spdm_device_secret_lib_sample:lib.c.obj
 0001:00025d40       _libspdm_event_get_types   00426d40 f   spdm_device_secret_lib_sample:lib.c.obj
 0001:00025d90       _libspdm_fill_measurement_device_mode_block 00426d90 f   spdm_device_secret_lib_sample:lib.c.obj
 0001:00025e20       _libspdm_fill_measurement_image_hash_block 00426e20 f   spdm_device_secret_lib_sample:lib.c.obj
 0001:00025f20       _libspdm_fill_measurement_manifest_block 00426f20 f   spdm_device_secret_lib_sample:lib.c.obj
 0001:00025fb0       _libspdm_fill_measurement_svn_block 00426fb0 f   spdm_device_secret_lib_sample:lib.c.obj
 0001:00026010       _libspdm_gen_csr           00427010 f   spdm_device_secret_lib_sample:lib.c.obj
 0001:000261a0       _libspdm_gen_csr_ex        004271a0 f   spdm_device_secret_lib_sample:lib.c.obj
 0001:000264a0       _libspdm_gen_csr_without_reset 004274a0 f   spdm_device_secret_lib_sample:lib.c.obj
 0001:00026760       _libspdm_generate_measurement_summary_hash 00427760 f   spdm_device_secret_lib_sample:lib.c.obj
 0001:00026a30       _libspdm_get_requester_private_key_from_raw_data 00427a30 f   spdm_device_secret_lib_sample:lib.c.obj
 0001:00026f80       _libspdm_get_responder_private_key_from_raw_data 00427f80 f   spdm_device_secret_lib_sample:lib.c.obj
 0001:000274d0       _libspdm_is_in_trusted_environment 004284d0 f   spdm_device_secret_lib_sample:lib.c.obj
 0001:000274e0       _libspdm_measurement_collection 004284e0 f   spdm_device_secret_lib_sample:lib.c.obj
 0001:00027900       _libspdm_measurement_opaque_data 00428900 f   spdm_device_secret_lib_sample:lib.c.obj
 0001:00027970       _libspdm_psk_handshake_secret_hkdf_expand 00428970 f   spdm_device_secret_lib_sample:lib.c.obj
 0001:00027aa0       _libspdm_psk_master_secret_hkdf_expand 00428aa0 f   spdm_device_secret_lib_sample:lib.c.obj
 0001:00027cd0       _libspdm_read_cached_csr   00428cd0 f   spdm_device_secret_lib_sample:lib.c.obj
 0001:00027d00       _libspdm_read_cached_last_csr_request 00428d00 f   spdm_device_secret_lib_sample:lib.c.obj
 0001:00027de0       _libspdm_read_requester_private_key 00428de0 f   spdm_device_secret_lib_sample:lib.c.obj
 0001:00027f30       _libspdm_read_requester_public_key 00428f30 f   spdm_device_secret_lib_sample:lib.c.obj
 0001:00028080       _libspdm_read_responder_certificate 00429080 f   spdm_device_secret_lib_sample:lib.c.obj
 0001:000281d0       _libspdm_read_responder_private_key 004291d0 f   spdm_device_secret_lib_sample:lib.c.obj
 0001:00028320       _libspdm_read_responder_public_key 00429320 f   spdm_device_secret_lib_sample:lib.c.obj
 0001:00028470       _libspdm_requester_data_sign 00429470 f   spdm_device_secret_lib_sample:lib.c.obj
 0001:00028640       _libspdm_responder_data_sign 00429640 f   spdm_device_secret_lib_sample:lib.c.obj
 0001:00028810       _libspdm_write_certificate_to_nvm 00429810 f   spdm_device_secret_lib_sample:lib.c.obj
 0001:00028910       _mctp_get_response_secured_app_request 00429910 f   mctp_responder_lib:mctp_dispatch.c.obj
 0001:00028a10       _pldm_get_response_secured_app_request 00429a10 f   mctp_responder_lib:pldm_dispatch.c.obj
 0001:00028ae0       _pldm_get_response_control_get_tid 00429ae0 f   mctp_responder_lib:pldm_rsp_control_get_tid.c.obj
 0001:00028b80       _pci_doe_get_response_spdm_vendor_defined_request 00429b80 f   pci_doe_responder_lib:pci_doe_spdm_vendor_dispatch.c.obj
 0001:00028d80       _pci_doe_register_vendor_response_func 00429d80 f   pci_doe_responder_lib:pci_doe_spdm_vendor_dispatch.c.obj
 0001:00028e30       _pci_doe_get_response_doe_request 00429e30 f   pci_doe_responder_lib:pci_doe_dispatch.c.obj
 0001:00028f10       _pci_ide_km_get_response   00429f10 f   pci_ide_km_responder_lib:pci_ide_km_dispatch.c.obj
 0001:00028f90       _pci_ide_km_get_response_query 00429f90 f   pci_ide_km_responder_lib:pci_ide_km_rsp_query.c.obj
 0001:000290b0       _pci_ide_km_get_response_key_prog 0042a0b0 f   pci_ide_km_responder_lib:pci_ide_km_rsp_key_prog.c.obj
 0001:000291a0       _pci_ide_km_get_response_key_set_go 0042a1a0 f   pci_ide_km_responder_lib:pci_ide_km_rsp_key_set_go.c.obj
 0001:00029270       _pci_ide_km_get_response_key_set_stop 0042a270 f   pci_ide_km_responder_lib:pci_ide_km_rsp_key_set_stop.c.obj
 0001:00029340       _pci_ide_km_device_query   0042a340 f   pci_ide_km_device_lib_sample:pci_ide_km_device_query.c.obj
 0001:000293b0       _pci_ide_km_device_key_prog 0042a3b0 f   pci_ide_km_device_lib_sample:pci_ide_km_device_key_prog.c.obj
 0001:00029420       _pci_ide_km_device_key_set_go 0042a420 f   pci_ide_km_device_lib_sample:pci_ide_km_device_key_set_go.c.obj
 0001:00029470       _pci_ide_km_device_key_set_stop 0042a470 f   pci_ide_km_device_lib_sample:pci_ide_km_device_key_set_stop.c.obj
 0001:000294c0       _libidekm_get_device_port_context 0042a4c0 f   pci_ide_km_device_lib_sample:pci_ide_km_device_context.c.obj
 0001:000294e0       _libidekm_initialize_device_port_context 0042a4e0 f   pci_ide_km_device_lib_sample:pci_ide_km_device_context.c.obj
 0001:00029530       _pci_tdisp_get_response    0042a530 f   pci_tdisp_responder_lib:pci_tdisp_dispatch.c.obj
 0001:000295e0       _pci_tdisp_get_response_version 0042a5e0 f   pci_tdisp_responder_lib:pci_tdisp_rsp_version.c.obj
 0001:00029720       _pci_tdisp_get_response_capabilities 0042a720 f   pci_tdisp_responder_lib:pci_tdisp_rsp_capabilities.c.obj
 0001:00029850       _pci_tdisp_get_response_lock_interface 0042a850 f   pci_tdisp_responder_lib:pci_tdisp_rsp_lock_interface.c.obj
 0001:00029980       _pci_tdisp_get_response_interface_report 0042a980 f   pci_tdisp_responder_lib:pci_tdisp_rsp_interface_report.c.obj
 0001:00029bc0       _pci_tdisp_get_response_interface_state 0042abc0 f   pci_tdisp_responder_lib:pci_tdisp_rsp_interface_state.c.obj
 0001:00029cf0       _pci_tdisp_get_response_start_interface 0042acf0 f   pci_tdisp_responder_lib:pci_tdisp_rsp_start_interface.c.obj
 0001:00029e20       _pci_tdisp_get_response_stop_interface 0042ae20 f   pci_tdisp_responder_lib:pci_tdisp_rsp_stop_interface.c.obj
 0001:00029f40       _pci_tdisp_get_response_error 0042af40 f   pci_tdisp_responder_lib:pci_tdisp_rsp_error.c.obj
 0001:00029fc0       _pci_tdisp_device_get_version 0042afc0 f   pci_tdisp_device_lib_sample:pci_tdisp_device_version.c.obj
 0001:0002a020       _pci_tdisp_device_get_capabilities 0042b020 f   pci_tdisp_device_lib_sample:pci_tdisp_device_capabilities.c.obj
 0001:0002a080       _pci_tdisp_device_lock_interface 0042b080 f   pci_tdisp_device_lib_sample:pci_tdisp_device_lock_interface.c.obj
 0001:0002a2f0       _pci_tdisp_device_get_interface_report 0042b2f0 f   pci_tdisp_device_lib_sample:pci_tdisp_device_interface_report.c.obj
 0001:0002a340       _pci_tdisp_device_get_interface_state 0042b340 f   pci_tdisp_device_lib_sample:pci_tdisp_device_interface_state.c.obj
 0001:0002a380       _pci_tdisp_device_start_interface 0042b380 f   pci_tdisp_device_lib_sample:pci_tdisp_device_start_interface.c.obj
 0001:0002a3f0       _pci_tdisp_device_stop_interface 0042b3f0 f   pci_tdisp_device_lib_sample:pci_tdisp_device_stop_interface.c.obj
 0001:0002a430       _libtdisp_get_interface_context 0042b430 f   pci_tdisp_device_lib_sample:pci_tdisp_device_context.c.obj
 0001:0002a460       _libtdisp_initialize_interface_context 0042b460 f   pci_tdisp_device_lib_sample:pci_tdisp_device_context.c.obj
 0001:0002a4f0       _cxl_ide_km_get_response   0042b4f0 f   cxl_ide_km_responder_lib:cxl_ide_km_dispatch.c.obj
 0001:0002a570       _cxl_ide_km_get_response_query 0042b570 f   cxl_ide_km_responder_lib:cxl_ide_km_rsp_query.c.obj
 0001:0002a680       _cxl_ide_km_get_response_key_prog 0042b680 f   cxl_ide_km_responder_lib:cxl_ide_km_rsp_key_prog.c.obj
 0001:0002a770       _cxl_ide_km_get_response_key_set_go 0042b770 f   cxl_ide_km_responder_lib:cxl_ide_km_rsp_key_set_go.c.obj
 0001:0002a840       _cxl_ide_km_get_response_key_set_stop 0042b840 f   cxl_ide_km_responder_lib:cxl_ide_km_rsp_key_set_stop.c.obj
 0001:0002a910       _cxl_ide_km_get_response_get_key 0042b910 f   cxl_ide_km_responder_lib:cxl_ide_km_rsp_get_key.c.obj
 0001:0002a9f0       _cxl_ide_km_device_query   0042b9f0 f   cxl_ide_km_device_lib_sample:cxl_ide_km_device_query.c.obj
 0001:0002aa70       _cxl_ide_km_device_key_prog 0042ba70 f   cxl_ide_km_device_lib_sample:cxl_ide_km_device_key_prog.c.obj
 0001:0002aae0       _cxl_ide_km_device_key_set_go 0042bae0 f   cxl_ide_km_device_lib_sample:cxl_ide_km_device_key_set_go.c.obj
 0001:0002ab30       _cxl_ide_km_device_key_set_stop 0042bb30 f   cxl_ide_km_device_lib_sample:cxl_ide_km_device_key_set_stop.c.obj
 0001:0002ab80       _cxl_ide_km_device_get_key 0042bb80 f   cxl_ide_km_device_lib_sample:cxl_ide_km_device_get_key.c.obj
 0001:0002ac10       _libcxlidekm_get_device_port_context 0042bc10 f   cxl_ide_km_device_lib_sample:cxl_ide_km_device_context.c.obj
 0001:0002ac30       _libcxlidekm_initialize_device_port_context 0042bc30 f   cxl_ide_km_device_lib_sample:cxl_ide_km_device_context.c.obj
 0001:0002ac90       ___acrt_initialize         0042bc90 f   MSVCRTD:ucrt_stubs.obj
 0001:0002ac90       ___acrt_uninitialize       0042bc90 f   MSVCRTD:ucrt_stubs.obj
 0001:0002ac90       ___scrt_stub_for_acrt_initialize 0042bc90 f   MSVCRTD:ucrt_stubs.obj
 0001:0002ac90       ___scrt_stub_for_acrt_uninitialize 0042bc90 f   MSVCRTD:ucrt_stubs.obj
 0001:0002ac90       ___vcrt_initialize         0042bc90 f   MSVCRTD:ucrt_stubs.obj
 0001:0002ac90       ___vcrt_uninitialize       0042bc90 f   MSVCRTD:ucrt_stubs.obj
 0001:0002ac90       __should_initialize_environment 0042bc90 f   MSVCRTD:env_mode.obj
 0001:0002ac90       _libspdm_reset_watchdog    0042bc90 f   platform_lib:watchdog.c.obj
 0001:0002ac90       _libspdm_start_watchdog    0042bc90 f   platform_lib:watchdog.c.obj
 0001:0002ac90       _libspdm_stop_watchdog     0042bc90 f   platform_lib:watchdog.c.obj
 0001:0002ac97       _uc_open                   0042bc97 f   unicorn:unicorn.dll
 0001:0002ac9d       _uc_mem_map                0042bc9d f   unicorn:unicorn.dll
 0001:0002aca3       _uc_mem_write              0042bca3 f   unicorn:unicorn.dll
 0001:0002aca9       _uc_mem_read               0042bca9 f   unicorn:unicorn.dll
 0001:0002acc0       _mbedtls_x509_crt_check_key_usage 0042bcc0 f   mbedx509:x509_crt.c.obj
 0001:0002ad40       _mbedtls_x509_crt_free     0042bd40 f   mbedx509:x509_crt.c.obj
 0001:0002af40       _mbedtls_x509_crt_init     0042bf40 f   mbedx509:x509_crt.c.obj
 0001:0002af60       _mbedtls_x509_crt_is_revoked 0042bf60 f   mbedx509:x509_crt.c.obj
 0001:0002afd0       _mbedtls_x509_crt_parse_der 0042bfd0 f   mbedx509:x509_crt.c.obj
 0001:0002b110       _mbedtls_x509_crt_verify_with_profile 0042c110 f   mbedx509:x509_crt.c.obj
 0001:0002b150       _mbedtls_x509_parse_subject_alt_name 0042c150 f   mbedx509:x509_crt.c.obj
 0001:0002db50       _mbedtls_x509write_csr_der 0042eb50 f   mbedx509:x509write_csr.c.obj
 0001:0002dbb0       _mbedtls_x509write_csr_free 0042ebb0 f   mbedx509:x509write_csr.c.obj
 0001:0002dbf0       _mbedtls_x509write_csr_init 0042ebf0 f   mbedx509:x509write_csr.c.obj
 0001:0002dc10       _mbedtls_x509write_csr_set_extension 0042ec10 f   mbedx509:x509write_csr.c.obj
 0001:0002dc40       _mbedtls_x509write_csr_set_key 0042ec40 f   mbedx509:x509write_csr.c.obj
 0001:0002dc50       _mbedtls_x509write_csr_set_md_alg 0042ec50 f   mbedx509:x509write_csr.c.obj
 0001:0002dc60       _mbedtls_x509write_csr_set_subject_name 0042ec60 f   mbedx509:x509write_csr.c.obj
 0001:0002e1e0       _mbedtls_x509_get_alg      0042f1e0 f   mbedx509:x509.c.obj
 0001:0002e230       _mbedtls_x509_get_alg_null 0042f230 f   mbedx509:x509.c.obj
 0001:0002e280       _mbedtls_x509_get_ext      0042f280 f   mbedx509:x509.c.obj
 0001:0002e370       _mbedtls_x509_get_name     0042f370 f   mbedx509:x509.c.obj
 0001:0002e490       _mbedtls_x509_get_rsassa_pss_params 0042f490 f   mbedx509:x509.c.obj
 0001:0002e8c0       _mbedtls_x509_get_serial   0042f8c0 f   mbedx509:x509.c.obj
 0001:0002e9a0       _mbedtls_x509_get_sig      0042f9a0 f   mbedx509:x509.c.obj
 0001:0002ea50       _mbedtls_x509_get_sig_alg  0042fa50 f   mbedx509:x509.c.obj
 0001:0002eb40       _mbedtls_x509_get_time     0042fb40 f   mbedx509:x509.c.obj
 0001:0002ec30       _mbedtls_x509_time_is_future 0042fc30 f   mbedx509:x509.c.obj
 0001:0002ec80       _mbedtls_x509_time_is_past 0042fc80 f   mbedx509:x509.c.obj
 0001:0002f4e0       _mbedtls_x509_set_extension 004304e0 f   mbedx509:x509_create.c.obj
 0001:0002f550       _mbedtls_x509_string_to_names 00430550 f   mbedx509:x509_create.c.obj
 0001:0002f830       _mbedtls_x509_write_extensions 00430830 f   mbedx509:x509_create.c.obj
 0001:0002f8a0       _mbedtls_x509_write_names  004308a0 f   mbedx509:x509_create.c.obj
 0001:0002f970       _mbedtls_x509_write_sig    00430970 f   mbedx509:x509_create.c.obj
 0001:00030030       _mbedtls_asn1_free_named_data 00431030 f   mbedcrypto:asn1parse.c.obj
 0001:00030070       _mbedtls_asn1_free_named_data_list 00431070 f   mbedcrypto:asn1parse.c.obj
 0001:000300b0       _mbedtls_asn1_get_alg      004310b0 f   mbedcrypto:asn1parse.c.obj
 0001:000301f0       _mbedtls_asn1_get_alg_null 004311f0 f   mbedcrypto:asn1parse.c.obj
 0001:00030260       _mbedtls_asn1_get_bitstring 00431260 f   mbedcrypto:asn1parse.c.obj
 0001:00030310       _mbedtls_asn1_get_bitstring_null 00431310 f   mbedcrypto:asn1parse.c.obj
 0001:00030390       _mbedtls_asn1_get_bool     00431390 f   mbedcrypto:asn1parse.c.obj
 0001:00030410       _mbedtls_asn1_get_int      00431410 f   mbedcrypto:asn1parse.c.obj
 0001:00030430       _mbedtls_asn1_get_len      00431430 f   mbedcrypto:asn1parse.c.obj
 0001:00030660       _mbedtls_asn1_get_mpi      00431660 f   mbedcrypto:asn1parse.c.obj
 0001:000306c0       _mbedtls_asn1_get_sequence_of 004316c0 f   mbedcrypto:asn1parse.c.obj
 0001:00030710       _mbedtls_asn1_get_tag      00431710 f   mbedcrypto:asn1parse.c.obj
 0001:00030760       _mbedtls_asn1_traverse_sequence_of 00431760 f   mbedcrypto:asn1parse.c.obj
 0001:00030860       _mbedtls_rsa_check_privkey 00431860 f   mbedcrypto:rsa.c.obj
 0001:00030910       _mbedtls_rsa_check_pub_priv 00431910 f   mbedcrypto:rsa.c.obj
 0001:00030990       _mbedtls_rsa_check_pubkey  00431990 f   mbedcrypto:rsa.c.obj
 0001:00030a20       _mbedtls_rsa_complete      00431a20 f   mbedcrypto:rsa.c.obj
 0001:00030e30       _mbedtls_rsa_copy          00431e30 f   mbedcrypto:rsa.c.obj
 0001:000310a0       _mbedtls_rsa_export        004320a0 f   mbedcrypto:rsa.c.obj
 0001:00031210       _mbedtls_rsa_free          00432210 f   mbedcrypto:rsa.c.obj
 0001:000312f0       _mbedtls_rsa_get_len       004322f0 f   mbedcrypto:rsa.c.obj
 0001:00031300       _mbedtls_rsa_import        00432300 f   mbedcrypto:rsa.c.obj
 0001:00031400       _mbedtls_rsa_import_raw    00432400 f   mbedcrypto:rsa.c.obj
 0001:00031530       _mbedtls_rsa_init          00432530 f   mbedcrypto:rsa.c.obj
 0001:00031570       _mbedtls_rsa_pkcs1_decrypt 00432570 f   mbedcrypto:rsa.c.obj
 0001:00031610       _mbedtls_rsa_pkcs1_encrypt 00432610 f   mbedcrypto:rsa.c.obj
 0001:000316a0       _mbedtls_rsa_pkcs1_sign    004326a0 f   mbedcrypto:rsa.c.obj
 0001:00031730       _mbedtls_rsa_pkcs1_verify  00432730 f   mbedcrypto:rsa.c.obj
 0001:000317c0       _mbedtls_rsa_private       004327c0 f   mbedcrypto:rsa.c.obj
 0001:00031db0       _mbedtls_rsa_public        00432db0 f   mbedcrypto:rsa.c.obj
 0001:00031ee0       _mbedtls_rsa_rsaes_oaep_decrypt 00432ee0 f   mbedcrypto:rsa.c.obj
 0001:00032380       _mbedtls_rsa_rsaes_oaep_encrypt 00433380 f   mbedcrypto:rsa.c.obj
 0001:00032600       _mbedtls_rsa_rsaes_pkcs1_v15_decrypt 00433600 f   mbedcrypto:rsa.c.obj
 0001:00032730       _mbedtls_rsa_rsaes_pkcs1_v15_encrypt 00433730 f   mbedcrypto:rsa.c.obj
 0001:00032910       _mbedtls_rsa_rsassa_pkcs1_v15_sign 00433910 f   mbedcrypto:rsa.c.obj
 0001:00032af0       _mbedtls_rsa_rsassa_pkcs1_v15_verify 00433af0 f   mbedcrypto:rsa.c.obj
 0001:00032c60       _mbedtls_rsa_rsassa_pss_sign 00433c60 f   mbedcrypto:rsa.c.obj
 0001:00032c90       _mbedtls_rsa_rsassa_pss_verify 00433c90 f   mbedcrypto:rsa.c.obj
 0001:00032d00       _mbedtls_rsa_rsassa_pss_verify_ext 00433d00 f   mbedcrypto:rsa.c.obj
 0001:000331b0       _mbedtls_rsa_set_padding   004341b0 f   mbedcrypto:rsa.c.obj
 0001:00034670       _mbedtls_ecdsa_can_do      00435670 f   mbedcrypto:ecdsa.c.obj
 0001:000346a0       _mbedtls_ecdsa_free        004356a0 f   mbedcrypto:ecdsa.c.obj
 0001:000346c0       _mbedtls_ecdsa_from_keypair 004356c0 f   mbedcrypto:ecdsa.c.obj
 0001:00034750       _mbedtls_ecdsa_init        00435750 f   mbedcrypto:ecdsa.c.obj
 0001:00034770       _mbedtls_ecdsa_read_signature 00435770 f   mbedcrypto:ecdsa.c.obj
 0001:000347a0       _mbedtls_ecdsa_read_signature_restartable 004357a0 f   mbedcrypto:ecdsa.c.obj
 0001:000348f0       _mbedtls_ecdsa_sign        004358f0 f   mbedcrypto:ecdsa.c.obj
 0001:00034940       _mbedtls_ecdsa_verify      00435940 f   mbedcrypto:ecdsa.c.obj
 0001:00034980       _mbedtls_ecdsa_write_signature 00435980 f   mbedcrypto:ecdsa.c.obj
 0001:000349c0       _mbedtls_ecdsa_write_signature_restartable 004359c0 f   mbedcrypto:ecdsa.c.obj
 0001:00034a90       _mbedtls_pk_can_do         00435a90 f   mbedcrypto:pk.c.obj
 0001:00034ac0       _mbedtls_pk_free           00435ac0 f   mbedcrypto:pk.c.obj
 0001:00034b00       _mbedtls_pk_get_bitlen     00435b00 f   mbedcrypto:pk.c.obj
 0001:00034b50       _mbedtls_pk_get_type       00435b50 f   mbedcrypto:pk.c.obj
 0001:00034b70       _mbedtls_pk_info_from_type 00435b70 f   mbedcrypto:pk.c.obj
 0001:00034bd0       _mbedtls_pk_init           00435bd0 f   mbedcrypto:pk.c.obj
 0001:00034bf0       _mbedtls_pk_setup          00435bf0 f   mbedcrypto:pk.c.obj
 0001:00034c40       _mbedtls_pk_sign           00435c40 f   mbedcrypto:pk.c.obj
 0001:00034c70       _mbedtls_pk_sign_restartable 00435c70 f   mbedcrypto:pk.c.obj
 0001:00034cf0       _mbedtls_pk_verify         00435cf0 f   mbedcrypto:pk.c.obj
 0001:00034d20       _mbedtls_pk_verify_ext     00435d20 f   mbedcrypto:pk.c.obj
 0001:00034e40       _mbedtls_pk_verify_restartable 00435e40 f   mbedcrypto:pk.c.obj
 0001:00034f20       _mbedtls_pk_write_pubkey   00435f20 f   mbedcrypto:pkwrite.c.obj
 0001:00035000       _mbedtls_pk_write_pubkey_der 00436000 f   mbedcrypto:pkwrite.c.obj
 0001:00035740       _mbedtls_ecdh_compute_shared 00436740 f   mbedcrypto:ecdh.c.obj
 0001:00035780       _mbedtls_ecdh_free         00436780 f   mbedcrypto:ecdh.c.obj
 0001:000357d0       _mbedtls_ecdh_gen_public   004367d0 f   mbedcrypto:ecdh.c.obj
 0001:00035810       _mbedtls_ecdh_get_params   00436810 f   mbedcrypto:ecdh.c.obj
 0001:000358a0       _mbedtls_ecdh_init         004368a0 f   mbedcrypto:ecdh.c.obj
 0001:00035900       _mbedtls_ecdh_setup        00436900 f   mbedcrypto:ecdh.c.obj
 0001:00035a10       _mbedtls_mpi_add_abs       00436a10 f   mbedcrypto:bignum.c.obj
 0001:00035c10       _mbedtls_mpi_add_int       00436c10 f   mbedcrypto:bignum.c.obj
 0001:00035c90       _mbedtls_mpi_add_mpi       00436c90 f   mbedcrypto:bignum.c.obj
 0001:00035d60       _mbedtls_mpi_bitlen        00436d60 f   mbedcrypto:bignum.c.obj
 0001:00035dd0       _mbedtls_mpi_cmp_abs       00436dd0 f   mbedcrypto:bignum.c.obj
 0001:00035ed0       _mbedtls_mpi_cmp_int       00436ed0 f   mbedcrypto:bignum.c.obj
 0001:00035f40       _mbedtls_mpi_cmp_mpi       00436f40 f   mbedcrypto:bignum.c.obj
 0001:00036080       _mbedtls_mpi_copy          00437080 f   mbedcrypto:bignum.c.obj
 0001:000361a0       _mbedtls_mpi_div_mpi       004371a0 f   mbedcrypto:bignum.c.obj
 0001:00036870       _mbedtls_mpi_exp_mod       00437870 f   mbedcrypto:bignum.c.obj
 0001:00037340       _mbedtls_mpi_fill_random   00438340 f   mbedcrypto:bignum.c.obj
 0001:000373d0       _mbedtls_mpi_free          004383d0 f   mbedcrypto:bignum.c.obj
 0001:00037430       _mbedtls_mpi_gcd           00438430 f   mbedcrypto:bignum.c.obj
 0001:00037680       _mbedtls_mpi_get_bit       00438680 f   mbedcrypto:bignum.c.obj
 0001:000376d0       _mbedtls_mpi_grow          004386d0 f   mbedcrypto:bignum.c.obj
 0001:00037780       _mbedtls_mpi_init          00438780 f   mbedcrypto:bignum.c.obj
 0001:000377b0       _mbedtls_mpi_inv_mod       004387b0 f   mbedcrypto:bignum.c.obj
 0001:00037d90       _mbedtls_mpi_is_prime_ext  00438d90 f   mbedcrypto:bignum.c.obj
 0001:00037e40       _mbedtls_mpi_lsb           00438e40 f   mbedcrypto:bignum.c.obj
 0001:00037ec0       _mbedtls_mpi_lset          00438ec0 f   mbedcrypto:bignum.c.obj
 0001:00037f60       _mbedtls_mpi_mod_int       00438f60 f   mbedcrypto:bignum.c.obj
 0001:00038090       _mbedtls_mpi_mod_mpi       00439090 f   mbedcrypto:bignum.c.obj
 0001:00038160       _mbedtls_mpi_mul_int       00439160 f   mbedcrypto:bignum.c.obj
 0001:00038230       _mbedtls_mpi_mul_mpi       00439230 f   mbedcrypto:bignum.c.obj
 0001:00038410       _mbedtls_mpi_random        00439410 f   mbedcrypto:bignum.c.obj
 0001:000385e0       _mbedtls_mpi_read_binary   004395e0 f   mbedcrypto:bignum.c.obj
 0001:00038690       _mbedtls_mpi_read_binary_le 00439690 f   mbedcrypto:bignum.c.obj
 0001:000387c0       _mbedtls_mpi_set_bit       004397c0 f   mbedcrypto:bignum.c.obj
 0001:00038890       _mbedtls_mpi_shift_l       00439890 f   mbedcrypto:bignum.c.obj
 0001:00038a20       _mbedtls_mpi_shift_r       00439a20 f   mbedcrypto:bignum.c.obj
 0001:00038b70       _mbedtls_mpi_shrink        00439b70 f   mbedcrypto:bignum.c.obj
 0001:00038c80       _mbedtls_mpi_size          00439c80 f   mbedcrypto:bignum.c.obj
 0001:00038ca0       _mbedtls_mpi_sub_abs       00439ca0 f   mbedcrypto:bignum.c.obj
 0001:00038e40       _mbedtls_mpi_sub_int       00439e40 f   mbedcrypto:bignum.c.obj
 0001:00038ec0       _mbedtls_mpi_sub_mpi       00439ec0 f   mbedcrypto:bignum.c.obj
 0001:00038f90       _mbedtls_mpi_write_binary  00439f90 f   mbedcrypto:bignum.c.obj
 0001:00039090       _mbedtls_mpi_write_binary_le 0043a090 f   mbedcrypto:bignum.c.obj
 0001:00039d30       _mbedtls_md                0043ad30 f   mbedcrypto:md.c.obj
 0001:00039de0       _mbedtls_md_finish         0043ade0 f   mbedcrypto:md.c.obj
 0001:00039e60       _mbedtls_md_free           0043ae60 f   mbedcrypto:md.c.obj
 0001:00039f30       _mbedtls_md_get_size       0043af30 f   mbedcrypto:md.c.obj
 0001:00039f50       _mbedtls_md_hmac           0043af50 f   mbedcrypto:md.c.obj
 0001:0003a000       _mbedtls_md_hmac_finish    0043b000 f   mbedcrypto:md.c.obj
 0001:0003a0f0       _mbedtls_md_hmac_reset     0043b0f0 f   mbedcrypto:md.c.obj
 0001:0003a160       _mbedtls_md_hmac_starts    0043b160 f   mbedcrypto:md.c.obj
 0001:0003a310       _mbedtls_md_hmac_update    0043b310 f   mbedcrypto:md.c.obj
 0001:0003a350       _mbedtls_md_info_from_type 0043b350 f   mbedcrypto:md.c.obj
 0001:0003a3b0       _mbedtls_md_init           0043b3b0 f   mbedcrypto:md.c.obj
 0001:0003a3b0       _mbedtls_pem_init          0043b3b0 f   mbedcrypto:pem.c.obj
 0001:0003a3d0       _mbedtls_md_list           0043b3d0 f   mbedcrypto:md.c.obj
 0001:0003a3e0       _mbedtls_md_setup          0043b3e0 f   mbedcrypto:md.c.obj
 0001:0003a510       _mbedtls_md_starts         0043b510 f   mbedcrypto:md.c.obj
 0001:0003a5c0       _mbedtls_md_update         0043b5c0 f   mbedcrypto:md.c.obj
 0001:0003a6a0       _mbedtls_pk_parse_key      0043b6a0 f   mbedcrypto:pkparse.c.obj
 0001:0003aa50       _mbedtls_pk_parse_public_key 0043ba50 f   mbedcrypto:pkparse.c.obj
 0001:0003ad00       _mbedtls_pk_parse_subpubkey 0043bd00 f   mbedcrypto:pkparse.c.obj
 0001:0003bcf0       _mbedtls_oid_get_ec_grp    0043ccf0 f   mbedcrypto:oid.c.obj
 0001:0003bd30       _mbedtls_oid_get_md_alg    0043cd30 f   mbedcrypto:oid.c.obj
 0001:0003bd70       _mbedtls_oid_get_oid_by_ec_grp 0043cd70 f   mbedcrypto:oid.c.obj
 0001:0003bdc0       _mbedtls_oid_get_oid_by_md 0043cdc0 f   mbedcrypto:oid.c.obj
 0001:0003be10       _mbedtls_oid_get_oid_by_pk_alg 0043ce10 f   mbedcrypto:oid.c.obj
 0001:0003be60       _mbedtls_oid_get_oid_by_sig_alg 0043ce60 f   mbedcrypto:oid.c.obj
 0001:0003bec0       _mbedtls_oid_get_pk_alg    0043cec0 f   mbedcrypto:oid.c.obj
 0001:0003bf00       _mbedtls_oid_get_sig_alg   0043cf00 f   mbedcrypto:oid.c.obj
 0001:0003bf40       _mbedtls_oid_get_x509_ext_type 0043cf40 f   mbedcrypto:oid.c.obj
 0001:0003c200       _mbedtls_pem_free          0043d200 f   mbedcrypto:pem.c.obj
 0001:0003c250       _mbedtls_pem_read_buffer   0043d250 f   mbedcrypto:pem.c.obj
 0001:0003c620       _mbedtls_asn1_store_named_data 0043d620 f   mbedcrypto:asn1write.c.obj
 0001:0003c7b0       _mbedtls_asn1_write_algorithm_identifier 0043d7b0 f   mbedcrypto:asn1write.c.obj
 0001:0003c8b0       _mbedtls_asn1_write_bool   0043d8b0 f   mbedcrypto:asn1write.c.obj
 0001:0003c980       _mbedtls_asn1_write_int    0043d980 f   mbedcrypto:asn1write.c.obj
 0001:0003c9a0       _mbedtls_asn1_write_len    0043d9a0 f   mbedcrypto:asn1write.c.obj
 0001:0003cc10       _mbedtls_asn1_write_mpi    0043dc10 f   mbedcrypto:asn1write.c.obj
 0001:0003cd50       _mbedtls_asn1_write_null   0043dd50 f   mbedcrypto:asn1write.c.obj
 0001:0003cdd0       _mbedtls_asn1_write_oid    0043ddd0 f   mbedcrypto:asn1write.c.obj
 0001:0003ce80       _mbedtls_asn1_write_raw_buffer 0043de80 f   mbedcrypto:asn1write.c.obj
 0001:0003cee0       _mbedtls_asn1_write_tag    0043dee0 f   mbedcrypto:asn1write.c.obj
 0001:0003cf20       _mbedtls_asn1_write_tagged_string 0043df20 f   mbedcrypto:asn1write.c.obj
 0001:0003d000       _mbedtls_platform_gmtime_r 0043e000 f   mbedcrypto:platform_util.c.obj
 0001:0003d050       _mbedtls_rsa_deduce_crt    0043e050 f   mbedcrypto:rsa_internal.c.obj
 0001:0003d140       _mbedtls_rsa_deduce_primes 0043e140 f   mbedcrypto:rsa_internal.c.obj
 0001:0003d5d0       _mbedtls_rsa_deduce_private_exponent 0043e5d0 f   mbedcrypto:rsa_internal.c.obj
 0001:0003d750       _mbedtls_rsa_validate_crt  0043e750 f   mbedcrypto:rsa_internal.c.obj
 0001:0003d9b0       _mbedtls_rsa_validate_params 0043e9b0 f   mbedcrypto:rsa_internal.c.obj
 0001:0003dd00       _mbedtls_ct_base64_dec_value 0043ed00 f   mbedcrypto:constant_time.c.obj
 0001:0003def0       _mbedtls_ct_memcmp         0043eef0 f   mbedcrypto:constant_time.c.obj
 0001:0003df60       _mbedtls_ct_mpi_uint_cond_assign 0043ef60 f   mbedcrypto:constant_time.c.obj
 0001:0003dfc0       _mbedtls_ct_mpi_uint_lt    0043efc0 f   mbedcrypto:constant_time.c.obj
 0001:0003e000       _mbedtls_ct_mpi_uint_mask  0043f000 f   mbedcrypto:constant_time.c.obj
 0001:0003e000       _mbedtls_ct_uint_mask      0043f000 f   mbedcrypto:constant_time.c.obj
 0001:0003e020       _mbedtls_ct_rsaes_pkcs1_v15_unpadding 0043f020 f   mbedcrypto:constant_time.c.obj
 0001:0003e2c0       _mbedtls_ct_size_bool_eq   0043f2c0 f   mbedcrypto:constant_time.c.obj
 0001:0003e340       _mbedtls_ct_uint_if        0043f340 f   mbedcrypto:constant_time.c.obj
 0001:0003e370       _mbedtls_mpi_lt_mpi_ct     0043f370 f   mbedcrypto:constant_time.c.obj
 0001:0003e490       _mbedtls_mpi_safe_cond_assign 0043f490 f   mbedcrypto:constant_time.c.obj
 0001:0003e560       _mbedtls_mpi_safe_cond_swap 0043f560 f   mbedcrypto:constant_time.c.obj
 0001:000412a0       _mbedtls_ecp_check_privkey 004422a0 f   mbedcrypto:ecp.c.obj
 0001:00041380       _mbedtls_ecp_check_pub_priv 00442380 f   mbedcrypto:ecp.c.obj
 0001:000414f0       _mbedtls_ecp_check_pubkey  004424f0 f   mbedcrypto:ecp.c.obj
 0001:00041570       _mbedtls_ecp_copy          00442570 f   mbedcrypto:ecp.c.obj
 0001:00041600       _mbedtls_ecp_gen_privkey   00442600 f   mbedcrypto:ecp.c.obj
 0001:000417c0       _mbedtls_ecp_get_type      004427c0 f   mbedcrypto:ecp.c.obj
 0001:000417f0       _mbedtls_ecp_group_copy    004427f0 f   mbedcrypto:ecp.c.obj
 0001:00041810       _mbedtls_ecp_group_free    00442810 f   mbedcrypto:ecp.c.obj
 0001:000418d0       _mbedtls_ecp_group_init    004428d0 f   mbedcrypto:ecp.c.obj
 0001:00041990       _mbedtls_ecp_is_zero       00442990 f   mbedcrypto:ecp.c.obj
 0001:000419d0       _mbedtls_ecp_keypair_free  004429d0 f   mbedcrypto:ecp.c.obj
 0001:00041a10       _mbedtls_ecp_keypair_init  00442a10 f   mbedcrypto:ecp.c.obj
 0001:00041a50       _mbedtls_ecp_mul           00442a50 f   mbedcrypto:ecp.c.obj
 0001:00041a90       _mbedtls_ecp_mul_restartable 00442a90 f   mbedcrypto:ecp.c.obj
 0001:00041cc0       _mbedtls_ecp_muladd_restartable 00442cc0 f   mbedcrypto:ecp.c.obj
 0001:00041dd0       _mbedtls_ecp_point_free    00442dd0 f   mbedcrypto:ecp.c.obj
 0001:00041e10       _mbedtls_ecp_point_init    00442e10 f   mbedcrypto:ecp.c.obj
 0001:00041e50       _mbedtls_ecp_point_read_binary 00442e50 f   mbedcrypto:ecp.c.obj
 0001:00042040       _mbedtls_ecp_point_write_binary 00443040 f   mbedcrypto:ecp.c.obj
 0001:00042230       _mbedtls_ecp_set_zero      00443230 f   mbedcrypto:ecp.c.obj
 0001:00044860       _mbedtls_ecp_group_load    00445860 f   mbedcrypto:ecp_curves.c.obj
 0001:00044fd0       _mbedtls_internal_sha256_process 00445fd0 f   mbedcrypto:sha256.c.obj
 0001:000472f0       _mbedtls_sha256_clone      004482f0 f   mbedcrypto:sha256.c.obj
 0001:00047310       _mbedtls_sha256_finish_ret 00448310 f   mbedcrypto:sha256.c.obj
 0001:000479a0       _mbedtls_sha256_free       004489a0 f   mbedcrypto:sha256.c.obj
 0001:000479c0       _mbedtls_sha256_init       004489c0 f   mbedcrypto:sha256.c.obj
 0001:000479e0       _mbedtls_sha256_ret        004489e0 f   mbedcrypto:sha256.c.obj
 0001:00047a80       _mbedtls_sha256_starts_ret 00448a80 f   mbedcrypto:sha256.c.obj
 0001:00047c00       _mbedtls_sha256_update_ret 00448c00 f   mbedcrypto:sha256.c.obj
 0001:00047d80       _mbedtls_internal_sha512_process 00448d80 f   mbedcrypto:sha512.c.obj
 0001:000499f0       _mbedtls_sha512_clone      0044a9f0 f   mbedcrypto:sha512.c.obj
 0001:00049a10       _mbedtls_sha512_finish_ret 0044aa10 f   mbedcrypto:sha512.c.obj
 0001:0004a850       _mbedtls_sha512_free       0044b850 f   mbedcrypto:sha512.c.obj
 0001:0004a870       _mbedtls_sha512_init       0044b870 f   mbedcrypto:sha512.c.obj
 0001:0004a890       _mbedtls_sha512_ret        0044b890 f   mbedcrypto:sha512.c.obj
 0001:0004a950       _mbedtls_sha512_starts_ret 0044b950 f   mbedcrypto:sha512.c.obj
 0001:0004ab70       _mbedtls_sha512_update_ret 0044bb70 f   mbedcrypto:sha512.c.obj
 0001:0004ad10       _mbedtls_base64_decode     0044bd10 f   mbedcrypto:base64.c.obj
 0001:0004b1a0       _mbedtls_hmac_drbg_free    0044c1a0 f   mbedcrypto:hmac_drbg.c.obj
 0001:0004b1e0       _mbedtls_hmac_drbg_init    0044c1e0 f   mbedcrypto:hmac_drbg.c.obj
 0001:0004b200       _mbedtls_hmac_drbg_random  0044c200 f   mbedcrypto:hmac_drbg.c.obj
 0001:0004b240       _mbedtls_hmac_drbg_random_with_add 0044c240 f   mbedcrypto:hmac_drbg.c.obj
 0001:0004b400       _mbedtls_hmac_drbg_reseed  0044c400 f   mbedcrypto:hmac_drbg.c.obj
 0001:0004b420       _mbedtls_hmac_drbg_seed_buf 0044c420 f   mbedcrypto:hmac_drbg.c.obj
 0001:0004b4d0       _mbedtls_hmac_drbg_update_ret 0044c4d0 f   mbedcrypto:hmac_drbg.c.obj
 0001:0004b690       @__security_check_cookie@4 0044c690 f   MSVCRTD:secchk.obj
 0001:0004b9b0       ?configure_argv@__scrt_narrow_argv_policy@@SAHXZ 0044c9b0 f i MSVCRTD:exe_main.obj
[...]
 0001:00041030       _ecp_randomize_mxz         00442030 f   mbedcrypto:ecp.c.obj
 0001:000410f0       _ecp_safe_invert_jac       004420f0 f   mbedcrypto:ecp.c.obj
 0001:000411a0       _ecp_select_comb           004421a0 f   mbedcrypto:ecp.c.obj
 0001:00041680       _mbedtls_ecp_gen_privkey_mx 00442680 f   mbedcrypto:ecp.c.obj
 0001:00041780       _mbedtls_ecp_gen_privkey_sw 00442780 f   mbedcrypto:ecp.c.obj
 0001:00041b90       _mbedtls_ecp_mul_shortcuts 00442b90 f   mbedcrypto:ecp.c.obj
 0001:000422b0       _mbedtls_mpi_add_mod       004432b0 f   mbedcrypto:ecp.c.obj
 0001:00042330       _mbedtls_mpi_mul_mod       00443330 f   mbedcrypto:ecp.c.obj
 0001:000423a0       _mbedtls_mpi_shift_l_mod   004433a0 f   mbedcrypto:ecp.c.obj
 0001:00042410       _mbedtls_mpi_sub_mod       00443410 f   mbedcrypto:ecp.c.obj
 0001:00042490       _add32                     00443490 f   mbedcrypto:ecp_curves.c.obj
 0001:000424d0       _ecp_group_load            004434d0 f   mbedcrypto:ecp_curves.c.obj
 0001:000425b0       _ecp_mod_p255              004435b0 f   mbedcrypto:ecp_curves.c.obj
 0001:00042700       _ecp_mod_p256              00443700 f   mbedcrypto:ecp_curves.c.obj
 0001:00043210       _ecp_mod_p384              00444210 f   mbedcrypto:ecp_curves.c.obj
 0001:00044030       _ecp_mod_p448              00445030 f   mbedcrypto:ecp_curves.c.obj
 0001:00044280       _ecp_mod_p521              00445280 f   mbedcrypto:ecp_curves.c.obj
 0001:000443a0       _ecp_mpi_load              004453a0 f   mbedcrypto:ecp_curves.c.obj
 0001:000443d0       _ecp_mpi_set1              004453d0 f   mbedcrypto:ecp_curves.c.obj
 0001:00044400       _ecp_use_curve25519        00445400 f   mbedcrypto:ecp_curves.c.obj
 0001:00044580       _ecp_use_curve448          00445580 f   mbedcrypto:ecp_curves.c.obj
 0001:00044790       _mbedtls_ecp_fix_negative  00445790 f   mbedcrypto:ecp_curves.c.obj
 0001:000449b4       $LN15                      004459b4     mbedcrypto:ecp_curves.c.obj
 0001:000449cc       $LN14                      004459cc     mbedcrypto:ecp_curves.c.obj
 0001:000449e0       _sub32                     004459e0 f   mbedcrypto:ecp_curves.c.obj
 0001:00044a20       _rsa_can_do                00445a20 f   mbedcrypto:pk_wrap.c.obj
 0001:00044a50       _rsa_get_bitlen            00445a50 f   mbedcrypto:pk_wrap.c.obj
 0001:00044a70       _rsa_verify_wrap           00445a70 f   mbedcrypto:pk_wrap.c.obj
 0001:00044af0       _rsa_sign_wrap             00445af0 f   mbedcrypto:pk_wrap.c.obj
 0001:00044b40       _rsa_decrypt_wrap          00445b40 f   mbedcrypto:pk_wrap.c.obj
 0001:00044b90       _rsa_encrypt_wrap          00445b90 f   mbedcrypto:pk_wrap.c.obj
 0001:00044bf0       _rsa_check_pair_wrap       00445bf0 f   mbedcrypto:pk_wrap.c.obj
 0001:00044c10       _rsa_alloc_wrap            00445c10 f   mbedcrypto:pk_wrap.c.obj
 0001:00044c50       _rsa_free_wrap             00445c50 f   mbedcrypto:pk_wrap.c.obj
 0001:00044c70       _rsa_debug                 00445c70 f   mbedcrypto:pk_wrap.c.obj
 0001:00044cc0       _eckey_can_do              00445cc0 f   mbedcrypto:pk_wrap.c.obj
 0001:00044cf0       _eckey_get_bitlen          00445cf0 f   mbedcrypto:pk_wrap.c.obj
 0001:00044d00       _ecdsa_verify_wrap         00445d00 f   mbedcrypto:pk_wrap.c.obj
 0001:00044d50       _ecdsa_sign_wrap           00445d50 f   mbedcrypto:pk_wrap.c.obj
 0001:00044d80       _eckey_verify_wrap         00445d80 f   mbedcrypto:pk_wrap.c.obj
 0001:00044e00       _eckey_sign_wrap           00445e00 f   mbedcrypto:pk_wrap.c.obj
 0001:00044e80       _eckey_check_pair          00445e80 f   mbedcrypto:pk_wrap.c.obj
 0001:00044ea0       _eckey_alloc_wrap          00445ea0 f   mbedcrypto:pk_wrap.c.obj
 0001:00044ed0       _eckey_free_wrap           00445ed0 f   mbedcrypto:pk_wrap.c.obj
 0001:00044ef0       _eckey_debug               00445ef0 f   mbedcrypto:pk_wrap.c.obj
 0001:00044f20       _eckeydh_can_do            00445f20 f   mbedcrypto:pk_wrap.c.obj
 0001:00044f50       _ecdsa_can_do              00445f50 f   mbedcrypto:pk_wrap.c.obj
 0001:00044f80       _ecdsa_alloc_wrap          00445f80 f   mbedcrypto:pk_wrap.c.obj
 0001:00044fb0       _ecdsa_free_wrap           00445fb0 f   mbedcrypto:pk_wrap.c.obj
 0001:0004afd0       _hmac_drbg_reseed_core     0044bfd0 f   mbedcrypto:hmac_drbg.c.obj
 0001:0004b6a0       ?pre_c_initialization@@YAHXZ 0044c6a0 f   MSVCRTD:exe_main.obj
 0001:0004b750       ?post_pgo_initialization@@YAHXZ 0044c750 f   MSVCRTD:exe_main.obj
 0001:0004b760       ?pre_cpp_initialization@@YAXXZ 0044c760 f   MSVCRTD:exe_main.obj
 0001:0004b780       ?__scrt_common_main@@YAHXZ 0044c780 f   MSVCRTD:exe_main.obj
 0001:0004b790       ?__scrt_common_main_seh@@YAHXZ 0044c790 f   MSVCRTD:exe_main.obj
 0001:0004b9e0       ?invoke_main@@YAHXZ        0044c9e0 f   MSVCRTD:exe_main.obj
 0001:0004ba80       $$000000                   0044ca80     MSVCRTD:llshl.obj
 0001:0004ba90       MORE32                     0044ca90     MSVCRTD:llshl.obj
 0001:0004ba9a       RETZERO                    0044ca9a     MSVCRTD:llshl.obj
 0001:0004baa0       $$000000                   0044caa0     MSVCRTD:ullshr.obj
 0001:0004bab0       MORE32                     0044cab0     MSVCRTD:ullshr.obj
 0001:0004baba       RETZERO                    0044caba     MSVCRTD:ullshr.obj
 0001:0004bac0       $$000000                   0044cac0     MSVCRTD:chkstk.obj
 0001:0004bad4       cs10                       0044cad4     MSVCRTD:chkstk.obj
 0001:0004bae2       cs20                       0044cae2     MSVCRTD:chkstk.obj
 0001:0004bd20       $$000000                   0044cd20     MSVCRTD:llmul.obj
 0001:0004bd39       hard                       0044cd39     MSVCRTD:llmul.obj
 0001:0004bd60       $$000000                   0044cd60     MSVCRTD:ulldiv.obj
 0001:0004bd82       L1                         0044cd82     MSVCRTD:ulldiv.obj
 0001:0004bd90       L3                         0044cd90     MSVCRTD:ulldiv.obj
 0001:0004bdbe       L4                         0044cdbe     MSVCRTD:ulldiv.obj
 0001:0004bdbf       L5                         0044cdbf     MSVCRTD:ulldiv.obj
 0001:0004bdc3       L2                         0044cdc3     MSVCRTD:ulldiv.obj
 0001:0004bdd0       ?find_pe_section@@YAPAU_IMAGE_SECTION_HEADER@@QAEI@Z 0044cdd0 f   MSVCRTD:utility.obj
 0001:0004be60       ?is_potentially_valid_image_base@@YA_NQAX@Z 0044ce60 f   MSVCRTD:utility.obj
 0001:0004c2a0       ___get_entropy             0044d2a0 f   MSVCRTD:gs_support.obj
 0001:0004ead8       $LN18                      0044fad8     spdm_crypt_lib:libspdm_crypt_hmac.c.obj
 0001:0004eaf8       $LN17                      0044faf8     spdm_crypt_lib:libspdm_crypt_hmac.c.obj
 0001:0004ec90       $LN18                      0044fc90     spdm_crypt_lib:libspdm_crypt_hkdf.c.obj
 0001:0004ecb0       $LN17                      0044fcb0     spdm_crypt_lib:libspdm_crypt_hkdf.c.obj
 0001:0004ee40       $LN18                      0044fe40     spdm_crypt_lib:libspdm_crypt_hkdf.c.obj
 0001:0004ee60       $LN17                      0044fe60     spdm_crypt_lib:libspdm_crypt_hkdf.c.obj
 0001:0004ef94       $LN25                      0044ff94     spdm_crypt_ext_lib:spdm_crypt_ext.c.obj
 0001:0004efa0       $LN24                      0044ffa0     spdm_crypt_ext_lib:spdm_crypt_ext.c.obj
 0001:0004f094       $LN21                      00450094     spdm_crypt_ext_lib:spdm_crypt_ext.c.obj
 0001:0004f0b0       $LN20                      004500b0     spdm_crypt_ext_lib:spdm_crypt_ext.c.obj
 0001:0004f0d0       _libspdm_get_req_asym_get_private_key_from_pem 004500d0 f   spdm_crypt_ext_lib:spdm_crypt_ext.c.obj
 0001:0004f170       _libspdm_spdm_measurement_hash_func 00450170 f   spdm_crypt_ext_lib:spdm_crypt_ext.c.obj
 0001:0004f1f8       $LN18                      004501f8     spdm_crypt_ext_lib:spdm_crypt_ext.c.obj
 0001:0004f218       $LN17                      00450218     spdm_crypt_ext_lib:spdm_crypt_ext.c.obj
 0001:0004f2a0       _generate_iv               004502a0 f   spdm_secured_message_lib:libspdm_secmes_encode_decode.c.obj
 0001:0004f3a4       $LN15                      004503a4     spdm_secured_message_lib:libspdm_secmes_encode_decode.c.obj
 0001:0004f3c0       _is_sequence_number_endian_determined 004503c0 f   spdm_secured_message_lib:libspdm_secmes_encode_decode.c.obj
 0001:000504d0       _libspdm_le_to_be_64       004514d0 f   spdm_secured_message_lib:libspdm_secmes_encode_decode.c.obj
 0001:000505b0       _swap_endian               004515b0 f   spdm_secured_message_lib:libspdm_secmes_encode_decode.c.obj
 0001:00050600       _dhm_check_range           00451600 f   mbedcrypto:dhm.c.obj
 0001:00050680       _dhm_make_common           00451680 f   mbedcrypto:dhm.c.obj
 0001:000507a0       _dhm_random_below          004517a0 f   mbedcrypto:dhm.c.obj
 0001:00050800       _dhm_update_blinding       00451800 f   mbedcrypto:dhm.c.obj
 0001:00050f40       _gcm_gen_table             00451f40 f   mbedcrypto:gcm.c.obj
 0001:000512f0       _gcm_mult                  004522f0 f   mbedcrypto:gcm.c.obj
 0001:00052360       _chachapoly_crypt_and_tag  00453360 f   mbedcrypto:chachapoly.c.obj
 0001:000523f0       _chachapoly_pad_aad        004533f0 f   mbedcrypto:chachapoly.c.obj
 0001:00052470       _chachapoly_pad_ciphertext 00453470 f   mbedcrypto:chachapoly.c.obj
 0001:00052d30       _mbedtls_cipher_get_block_size 00453d30 f   mbedcrypto:cipher.c.obj
 0001:00053610       _mul64                     00454610 f   mbedcrypto:poly1305.c.obj
 0001:00053620       _poly1305_compute_mac      00454620 f   mbedcrypto:poly1305.c.obj
 0001:000539b0       _poly1305_process          004549b0 f   mbedcrypto:poly1305.c.obj
 0001:00053f80       _chacha20_block            00454f80 f   mbedcrypto:chacha20.c.obj
 0001:000542c0       _chacha20_inner_block      004552c0 f   mbedcrypto:chacha20.c.obj
 0001:00054370       _chacha20_quarter_round    00455370 f   mbedcrypto:chacha20.c.obj
 0001:00054c60       _gcm_ctx_alloc             00455c60 f   mbedcrypto:cipher_wrap.c.obj
 0001:00054c90       _gcm_ctx_free              00455c90 f   mbedcrypto:cipher_wrap.c.obj
 0001:00054cb0       _aes_crypt_ecb_wrap        00455cb0 f   mbedcrypto:cipher_wrap.c.obj
 0001:00054cd0       _aes_setkey_dec_wrap       00455cd0 f   mbedcrypto:cipher_wrap.c.obj
 0001:00054cf0       _aes_setkey_enc_wrap       00455cf0 f   mbedcrypto:cipher_wrap.c.obj
 0001:00054d10       _aes_ctx_alloc             00455d10 f   mbedcrypto:cipher_wrap.c.obj
 0001:00054d50       _aes_ctx_free              00455d50 f   mbedcrypto:cipher_wrap.c.obj
 0001:00054d70       _gcm_aes_setkey_wrap       00455d70 f   mbedcrypto:cipher_wrap.c.obj
 0001:00054d90       _chacha20_setkey_wrap      00455d90 f   mbedcrypto:cipher_wrap.c.obj
 0001:00054dd0       _chacha20_stream_wrap      00455dd0 f   mbedcrypto:cipher_wrap.c.obj
 0001:00054e10       _chacha20_ctx_alloc        00455e10 f   mbedcrypto:cipher_wrap.c.obj
 0001:00054e50       _chacha20_ctx_free         00455e50 f   mbedcrypto:cipher_wrap.c.obj
 0001:00054e70       _chachapoly_setkey_wrap    00455e70 f   mbedcrypto:cipher_wrap.c.obj
 0001:00054eb0       _chachapoly_ctx_alloc      00455eb0 f   mbedcrypto:cipher_wrap.c.obj
 0001:00054ef0       _chachapoly_ctx_free       00455ef0 f   mbedcrypto:cipher_wrap.c.obj
 0001:00054f10       _aes_gen_tables            00455f10 f   mbedcrypto:aes.c.obj
 0001:00057b90       $$000000                   00458b90     MSVCRTD:ullrem.obj
 0001:00057bb1       L1                         00458bb1     MSVCRTD:ullrem.obj
 0001:00057bbf       L3                         00458bbf     MSVCRTD:ullrem.obj
 0001:00057bea       L4                         00458bea     MSVCRTD:ullrem.obj
 0001:00057bf2       L5                         00458bf2     MSVCRTD:ullrem.obj
 0001:00057c01       L2                         00458c01     MSVCRTD:ullrem.obj
 0001:00058040       _ascii_str_len             00459040 f   cryptlib_mbedtls:pem.c.obj
 0002:00000180       ?pre_cpp_initializer@@3P6AXXZA 0045a180     MSVCRTD:exe_main.obj
 0002:0000018c       ?pre_c_initializer@@3P6AHXZA 0045a18c     MSVCRTD:exe_main.obj
 0002:00000190       ?post_pgo_initializer@@3P6AHXZA 0045a190     MSVCRTD:exe_main.obj
 0002:00007f34       _m_libspdm_oid_ext_key_usage 00461f34     cryptlib_mbedtls:x509.c.obj
 0002:00007f38       _m_libspdm_oid_basic_constraints 00461f38     cryptlib_mbedtls:x509.c.obj
 0002:000082d0       _m_libspdm_signing_context_str_table 004622d0     spdm_crypt_lib:libspdm_crypt_asym.c.obj
 0002:0000b550       _x509_attrs                00465550     mbedx509:x509_create.c.obj
 0002:0000b898       _small_prime               00465898     mbedcrypto:bignum.c.obj
 0002:0000bb58       _supported_digests         00465b58     mbedcrypto:md.c.obj
 0002:0000bd50       _oid_x509_ext              00465d50     mbedcrypto:oid.c.obj
 0002:0000bef0       _oid_sig_alg               00465ef0     mbedcrypto:oid.c.obj
 0002:0000c1a8       _oid_pk_alg                004661a8     mbedcrypto:oid.c.obj
 0002:0000c260       _oid_ecp_grp               00466260     mbedcrypto:oid.c.obj
 0002:0000c2f0       _oid_md_alg                004662f0     mbedcrypto:oid.c.obj
 0002:0000c468       _x25519_bad_point_1        00466468     mbedcrypto:ecp.c.obj
 0002:0000c488       _x25519_bad_point_2        00466488     mbedcrypto:ecp.c.obj
 0002:0000c4a8       _ecp_x25519_bad_point_1    004664a8     mbedcrypto:ecp.c.obj
 0002:0000c4b4       _ecp_x25519_bad_point_2    004664b4     mbedcrypto:ecp.c.obj
 0002:0000c4c0       _secp256r1_p               004664c0     mbedcrypto:ecp_curves.c.obj
 0002:0000c4e0       _secp256r1_b               004664e0     mbedcrypto:ecp_curves.c.obj
 0002:0000c500       _secp256r1_gx              00466500     mbedcrypto:ecp_curves.c.obj
 0002:0000c520       _secp256r1_gy              00466520     mbedcrypto:ecp_curves.c.obj
 0002:0000c540       _secp256r1_n               00466540     mbedcrypto:ecp_curves.c.obj
 0002:0000c560       _secp384r1_p               00466560     mbedcrypto:ecp_curves.c.obj
 0002:0000c590       _secp384r1_b               00466590     mbedcrypto:ecp_curves.c.obj
 0002:0000c5c0       _secp384r1_gx              004665c0     mbedcrypto:ecp_curves.c.obj
 0002:0000c5f0       _secp384r1_gy              004665f0     mbedcrypto:ecp_curves.c.obj
 0002:0000c620       _secp384r1_n               00466620     mbedcrypto:ecp_curves.c.obj
 0002:0000c650       _secp521r1_p               00466650     mbedcrypto:ecp_curves.c.obj
 0002:0000c698       _secp521r1_b               00466698     mbedcrypto:ecp_curves.c.obj
 0002:0000c6e0       _secp521r1_gx              004666e0     mbedcrypto:ecp_curves.c.obj
 0002:0000c728       _secp521r1_gy              00466728     mbedcrypto:ecp_curves.c.obj
 0002:0000c770       _secp521r1_n               00466770     mbedcrypto:ecp_curves.c.obj
 0002:0000c7b4       _curve25519_a24            004667b4     mbedcrypto:ecp_curves.c.obj
 0002:0000c7b8       _curve25519_part_of_n      004667b8     mbedcrypto:ecp_curves.c.obj
 0002:0000c7c8       _curve448_a24              004667c8     mbedcrypto:ecp_curves.c.obj
 0002:0000c7cc       _curve448_part_of_n        004667cc     mbedcrypto:ecp_curves.c.obj
 0002:0000c8d8       _K                         004668d8     mbedcrypto:sha256.c.obj
 0002:0000c9d8       _K                         004669d8     mbedcrypto:sha512.c.obj
 0002:0000cc58       _GS_ExceptionPointers      00466c58     MSVCRTD:gs_report.obj
 0002:0000ce28       _m_ffehde2048_p            00466e28     cryptlib_mbedtls:dh.c.obj
 0002:0000cf28       _m_ffehde3072_p            00466f28     cryptlib_mbedtls:dh.c.obj
 0002:0000d0a8       _m_ffehde4096_p            004670a8     cryptlib_mbedtls:dh.c.obj
 0002:0000d2a8       _m_ffehde2048_g            004672a8     cryptlib_mbedtls:dh.c.obj
 0002:0000d2a9       _m_ffehde3072_g            004672a9     cryptlib_mbedtls:dh.c.obj
 0002:0000d2aa       _m_ffehde4096_g            004672aa     cryptlib_mbedtls:dh.c.obj
 0002:0000d798       _last4                     00467798     mbedcrypto:gcm.c.obj
 0002:0000d818       _aes_info                  00467818     mbedcrypto:cipher_wrap.c.obj
 0002:0000d834       _aes_128_ecb_info          00467834     mbedcrypto:cipher_wrap.c.obj
 0002:0000d860       _aes_192_ecb_info          00467860     mbedcrypto:cipher_wrap.c.obj
 0002:0000d88c       _aes_256_ecb_info          0046788c     mbedcrypto:cipher_wrap.c.obj
 0002:0000d8b8       _gcm_aes_info              004678b8     mbedcrypto:cipher_wrap.c.obj
 0002:0000d8d4       _aes_128_gcm_info          004678d4     mbedcrypto:cipher_wrap.c.obj
 0002:0000d900       _aes_192_gcm_info          00467900     mbedcrypto:cipher_wrap.c.obj
 0002:0000d92c       _aes_256_gcm_info          0046792c     mbedcrypto:cipher_wrap.c.obj
 0002:0000d958       _chacha20_base_info        00467958     mbedcrypto:cipher_wrap.c.obj
 0002:0000d974       _chacha20_info             00467974     mbedcrypto:cipher_wrap.c.obj
 0002:0000d9a0       _chachapoly_base_info      004679a0     mbedcrypto:cipher_wrap.c.obj
 0002:0000d9bc       _chachapoly_info           004679bc     mbedcrypto:cipher_wrap.c.obj
 0002:0000e550       __sehtable$?__scrt_common_main_seh@@YAHXZ 00468550     MSVCRTD:exe_main.obj
 0002:0000e570       __sehtable$___scrt_is_nonwritable_in_current_image 00468570     MSVCRTD:utility.obj
 0002:0000e7c2       .idata$6                   004687c2     unicorn:unicorn.dll
 0002:0000e7ce       .idata$6                   004687ce     ws2_32:WS2_32.dll
 0002:0000e85a       .idata$6                   0046885a     vcruntimed:VCRUNTIME140D.dll
 0002:0000eb20       .idata$6                   00468b20     ucrtd:ucrtbased.dll
 0002:0000ec4a       .idata$6                   00468c4a     Kernel32:KERNEL32.dll
 0002:0000eca8       .idata$6                   00468ca8     Bcrypt:bcrypt.dll
 0003:00000528       ?code_str_struct@?1??libspdm_get_code_str@@9@9 00469528     spdm_common_lib:libspdm_com_support.c.obj
 0003:00001d10       ?one@?1??ecp_mpi_set1@@9@9 0046ad10     mbedcrypto:ecp_curves.c.obj
 0003:00001ddc       _add_count                 0046addc     mbedcrypto:ecp.c.obj
 0003:00001de0       _dbl_count                 0046ade0     mbedcrypto:ecp.c.obj
 0003:00001de4       _mul_count                 0046ade4     mbedcrypto:ecp.c.obj
 0003:00001de8       _ecp_supported_grp_id      0046ade8     mbedcrypto:ecp.c.obj
 0003:00001e00       _GS_ExceptionRecord        0046ae00     MSVCRTD:gs_report.obj
 0003:00001e50       _GS_ContextRecord          0046ae50     MSVCRTD:gs_report.obj
 0003:00002124       ?is_initialized_as_dll@@3_NA 0046b124     MSVCRTD:utility.obj
 0003:00002125       ?module_local_atexit_table_initialized@@3_NA 0046b125     MSVCRTD:utility.obj
 0003:00002128       ?module_local_atexit_table@@3U_onexit_table_t@@A 0046b128     MSVCRTD:utility.obj
 0003:00002134       ?module_local_at_quick_exit_table@@3U_onexit_table_t@@A 0046b134     MSVCRTD:utility.obj
 0003:0000215c       _aes_init_done             0046b15c     mbedcrypto:aes.c.obj
 0003:00002160       _FSb                       0046b160     mbedcrypto:aes.c.obj
 0003:00002260       _FT0                       0046b260     mbedcrypto:aes.c.obj
 0003:00002660       _FT1                       0046b660     mbedcrypto:aes.c.obj
 0003:00002a60       _FT2                       0046ba60     mbedcrypto:aes.c.obj
 0003:00002e60       _FT3                       0046be60     mbedcrypto:aes.c.obj
 0003:00003260       _RSb                       0046c260     mbedcrypto:aes.c.obj
 0003:00003360       _RT0                       0046c360     mbedcrypto:aes.c.obj
 0003:00003760       _RT1                       0046c760     mbedcrypto:aes.c.obj
 0003:00003b60       _RT2                       0046cb60     mbedcrypto:aes.c.obj
 0003:00003f60       _RT3                       0046cf60     mbedcrypto:aes.c.obj
 0003:00004360       _RCON                      0046d360     mbedcrypto:aes.c.obj
 0004:00000060       $R000000                   00470060     * linker generated manifest res *
